Failed to load native library:jansi-2.4.3-aa23cda2dad70f27-libjansi.so. The native library file at /tmp/jansi-2.4.3-aa23cda2dad70f27-libjansi.so is not executable, make sure that the directory is mounted on a partition without the noexec flag, or set the jansi.tmpdir system property to point to a proper location.  osinfo: Linux/x86_64
java.lang.UnsatisfiedLinkError: /tmp/jansi-2.4.3-aa23cda2dad70f27-libjansi.so: /tmp/jansi-2.4.3-aa23cda2dad70f27-libjansi.so: failed to map segment from shared object
[INFO] Scanning for projects...
[INFO] 
[INFO] ---------------------< com.intellisupport:backend >---------------------
[INFO] Building backend 0.0.1-SNAPSHOT
[INFO]   from pom.xml
[INFO] --------------------------------[ jar ]---------------------------------
[INFO] 
[INFO] --- resources:3.5.0:resources (default-resources) @ backend ---
[INFO] Copying 1 resource from src/main/resources to target/classes
[INFO] Copying 0 resource from src/main/resources to target/classes
[INFO] 
[INFO] --- compiler:3.15.0:compile (default-compile) @ backend ---
[INFO] Nothing to compile - all classes are up to date.
[INFO] 
[INFO] --- resources:3.5.0:testResources (default-testResources) @ backend ---
[INFO] skip non existing resourceDirectory /home/sujit/devlopment/Something New/intelli-support-ai/backend/src/test/resources
[INFO] 
[INFO] --- compiler:3.15.0:testCompile (default-testCompile) @ backend ---
[INFO] Nothing to compile - all classes are up to date.
[INFO] 
[INFO] --- surefire:3.5.6:test (default-test) @ backend ---
[INFO] Using auto detected provider org.apache.maven.surefire.junitplatform.JUnitPlatformProvider
[INFO] 
[INFO] -------------------------------------------------------
[INFO]  T E S T S
[INFO] -------------------------------------------------------
[INFO] Running com.intellisupport.backend.TicketIntegrationTest
01:39:20.168 [main] INFO org.springframework.test.context.support.AnnotationConfigContextLoaderUtils -- Could not detect default configuration classes for test class [com.intellisupport.backend.TicketIntegrationTest]: TicketIntegrationTest does not declare any static, non-private, non-final, nested classes annotated with @Configuration.
01:39:20.361 [main] INFO org.springframework.boot.test.context.SpringBootTestContextBootstrapper -- Found @SpringBootConfiguration com.intellisupport.backend.BackendApplication for test class com.intellisupport.backend.TicketIntegrationTest
01:39:20.463 [main] INFO org.springframework.test.context.support.AnnotationConfigContextLoaderUtils -- Could not detect default configuration classes for test class [com.intellisupport.backend.TicketIntegrationTest]: TicketIntegrationTest does not declare any static, non-private, non-final, nested classes annotated with @Configuration.
01:39:20.466 [main] INFO org.springframework.boot.test.context.SpringBootTestContextBootstrapper -- Found @SpringBootConfiguration com.intellisupport.backend.BackendApplication for test class com.intellisupport.backend.TicketIntegrationTest

  .   ____          _            __ _ _
 /\\ / ___'_ __ _ _(_)_ __  __ _ \ \ \ \
( ( )\___ | '_ | '_| | '_ \/ _` | \ \ \ \
 \\/  ___)| |_)| | | | | || (_| |  ) ) ) )
  '  |____| .__|_| |_|_| |_\__, | / / / /
 =========|_|==============|___/=/_/_/_/

 :: Spring Boot ::                (v4.1.0)

2026-09-04T01:39:21.358+05:30  INFO 4014047 --- [backend] [           main] o.a.k.server.logger.LoggingController    : No supported logging implementation found. Logging configuration endpoint will be disabled.
2026-09-04T01:39:21.466+05:30  INFO 4014047 --- [backend] [           main] k.utils.Log4jControllerRegistration$     : Registered `kafka:type=kafka.Log4jController` MBean
Bootstrap metadata: BootstrapMetadata(records=[ApiMessageAndVersion(FeatureLevelRecord(name='metadata.version', featureLevel=30) at version 0), ApiMessageAndVersion(FeatureLevelRecord(name='eligible.leader.replicas.version', featureLevel=1) at version 0), ApiMessageAndVersion(FeatureLevelRecord(name='group.version', featureLevel=1) at version 0), ApiMessageAndVersion(FeatureLevelRecord(name='share.version', featureLevel=1) at version 0), ApiMessageAndVersion(FeatureLevelRecord(name='streams.version', featureLevel=1) at version 0), ApiMessageAndVersion(FeatureLevelRecord(name='transaction.version', featureLevel=2) at version 0)], metadataVersionLevel=30, source=format command)
Formatting metadata directory /tmp/kafka-11414891430925667701/combined_0_0 with metadata.version 4.3-IV0.
2026-09-04T01:39:21.843+05:30  INFO 4014047 --- [backend] [ster-test-kit-3] kafka.server.ControllerServer            : [ControllerServer id=0] Starting controller
2026-09-04T01:39:21.843+05:30  INFO 4014047 --- [backend] [ster-test-kit-4] kafka.server.BrokerServer                : [BrokerServer id=0] Transition from SHUTDOWN to STARTING
2026-09-04T01:39:21.846+05:30  INFO 4014047 --- [backend] [ster-test-kit-4] kafka.server.SharedServer                : [SharedServer id=0] Starting SharedServer
2026-09-04T01:39:21.944+05:30  INFO 4014047 --- [backend] [ster-test-kit-4] o.a.k.storage.internals.log.UnifiedLog   : [LogLoader partition=__cluster_metadata-0, dir=/tmp/kafka-11414891430925667701/combined_0_0] Loading producer state till offset 0
2026-09-04T01:39:21.945+05:30  INFO 4014047 --- [backend] [ster-test-kit-4] o.a.k.storage.internals.log.UnifiedLog   : [LogLoader partition=__cluster_metadata-0, dir=/tmp/kafka-11414891430925667701/combined_0_0] Reloading from producer snapshot and rebuilding producer state from offset 0
2026-09-04T01:39:21.945+05:30  INFO 4014047 --- [backend] [ster-test-kit-4] o.a.k.storage.internals.log.UnifiedLog   : [LogLoader partition=__cluster_metadata-0, dir=/tmp/kafka-11414891430925667701/combined_0_0] Producer state recovery took 0ms for snapshot load and 0ms for segment recovery from offset 0
2026-09-04T01:39:21.989+05:30  INFO 4014047 --- [backend] [ster-test-kit-4] kafka.raft.KafkaMetadataLog$             : Initialized snapshots with IDs SortedSet() from /tmp/kafka-11414891430925667701/combined_0_0/__cluster_metadata-0
2026-09-04T01:39:22.042+05:30  INFO 4014047 --- [backend] [piration-reaper] ExpirationService$ExpiredOperationReaper : [raft-expiration-reaper]: Starting
2026-09-04T01:39:22.064+05:30  INFO 4014047 --- [backend] [ster-test-kit-4] org.apache.kafka.raft.KafkaRaftClient    : [RaftManager id=0] Reading KRaft snapshot and log as part of the initialization
2026-09-04T01:39:22.067+05:30  INFO 4014047 --- [backend] [ster-test-kit-4] org.apache.kafka.raft.KafkaRaftClient    : [RaftManager id=0] Starting voters are VoterSet(voters={0=VoterNode(voterKey=ReplicaKey(id=0, directoryId=<undefined>), listeners=Endpoints(endpoints={ListenerName(CONTROLLER)=localhost/<unresolved>:33323}), supportedKRaftVersion=SupportedVersionRange[min_version:0, max_version:0])})
2026-09-04T01:39:22.074+05:30  INFO 4014047 --- [backend] [ster-test-kit-4] org.apache.kafka.raft.KafkaRaftClient    : [RaftManager id=0] Starting request manager with static voters: [localhost:33323 (id: 0 rack: null isFenced: false)]
2026-09-04T01:39:22.081+05:30  INFO 4014047 --- [backend] [ster-test-kit-4] org.apache.kafka.raft.QuorumState        : [RaftManager id=0] Attempting durable transition to UnattachedState(epoch=0, leaderId=OptionalInt.empty, votedKey=Optional.empty, voters=[0], electionTimeoutMs=1556, highWatermark=Optional.empty) from null
2026-09-04T01:39:22.123+05:30  INFO 4014047 --- [backend] [ster-test-kit-4] org.apache.kafka.raft.QuorumState        : [RaftManager id=0] Completed transition to UnattachedState(epoch=0, leaderId=OptionalInt.empty, votedKey=Optional.empty, voters=[0], electionTimeoutMs=1556, highWatermark=Optional.empty) from null
2026-09-04T01:39:22.132+05:30  INFO 4014047 --- [backend] [ster-test-kit-4] org.apache.kafka.raft.QuorumState        : [RaftManager id=0] Completed transition to ProspectiveState(epoch=0, leaderId=OptionalInt.empty, votedKey=Optional.empty, epochElection=EpochElection[voterStates={0=VoterState(replicaKey=ReplicaKey(id=0, directoryId=<undefined>), state=GRANTED)}], electionTimeoutMs=1569, highWatermark=Optional.empty) from UnattachedState(epoch=0, leaderId=OptionalInt.empty, votedKey=Optional.empty, voters=[0], electionTimeoutMs=1556, highWatermark=Optional.empty)
2026-09-04T01:39:22.138+05:30  INFO 4014047 --- [backend] [ster-test-kit-4] org.apache.kafka.raft.QuorumState        : [RaftManager id=0] Attempting durable transition to CandidateState(localId=0, localDirectoryId=eae0_Kc6S6QBlkMrnegkNw, epoch=1, epochElection=EpochElection[voterStates={0=VoterState(replicaKey=ReplicaKey(id=0, directoryId=<undefined>), state=GRANTED)}], highWatermark=Optional.empty, electionTimeoutMs=1748) from ProspectiveState(epoch=0, leaderId=OptionalInt.empty, votedKey=Optional.empty, epochElection=EpochElection[voterStates={0=VoterState(replicaKey=ReplicaKey(id=0, directoryId=<undefined>), state=GRANTED)}], electionTimeoutMs=1569, highWatermark=Optional.empty)
2026-09-04T01:39:22.140+05:30  INFO 4014047 --- [backend] [ster-test-kit-4] org.apache.kafka.raft.QuorumState        : [RaftManager id=0] Completed transition to CandidateState(localId=0, localDirectoryId=eae0_Kc6S6QBlkMrnegkNw, epoch=1, epochElection=EpochElection[voterStates={0=VoterState(replicaKey=ReplicaKey(id=0, directoryId=<undefined>), state=GRANTED)}], highWatermark=Optional.empty, electionTimeoutMs=1748) from ProspectiveState(epoch=0, leaderId=OptionalInt.empty, votedKey=Optional.empty, epochElection=EpochElection[voterStates={0=VoterState(replicaKey=ReplicaKey(id=0, directoryId=<undefined>), state=GRANTED)}], electionTimeoutMs=1569, highWatermark=Optional.empty)
2026-09-04T01:39:22.147+05:30  INFO 4014047 --- [backend] [ster-test-kit-4] org.apache.kafka.raft.QuorumState        : [RaftManager id=0] Attempting durable transition to Leader(localVoterNode=VoterNode(voterKey=ReplicaKey(id=0, directoryId=eae0_Kc6S6QBlkMrnegkNw), listeners=Endpoints(endpoints={}), supportedKRaftVersion=SupportedVersionRange[min_version:0, max_version:1]), epoch=1, epochStartOffset=0, highWatermark=Optional.empty, voterStates={0=ReplicaState(replicaKey=ReplicaKey(id=0, directoryId=<undefined>), endOffset=Optional.empty, lastFetchTimestamp=-1, lastCaughtUpTimestamp=-1, hasAcknowledgedLeader=true)}) from CandidateState(localId=0, localDirectoryId=eae0_Kc6S6QBlkMrnegkNw, epoch=1, epochElection=EpochElection[voterStates={0=VoterState(replicaKey=ReplicaKey(id=0, directoryId=<undefined>), state=GRANTED)}], highWatermark=Optional.empty, electionTimeoutMs=1748)
2026-09-04T01:39:22.149+05:30  INFO 4014047 --- [backend] [ster-test-kit-4] org.apache.kafka.raft.QuorumState        : [RaftManager id=0] Completed transition to Leader(localVoterNode=VoterNode(voterKey=ReplicaKey(id=0, directoryId=eae0_Kc6S6QBlkMrnegkNw), listeners=Endpoints(endpoints={}), supportedKRaftVersion=SupportedVersionRange[min_version:0, max_version:1]), epoch=1, epochStartOffset=0, highWatermark=Optional.empty, voterStates={0=ReplicaState(replicaKey=ReplicaKey(id=0, directoryId=<undefined>), endOffset=Optional.empty, lastFetchTimestamp=-1, lastCaughtUpTimestamp=-1, hasAcknowledgedLeader=true)}) from CandidateState(localId=0, localDirectoryId=eae0_Kc6S6QBlkMrnegkNw, epoch=1, epochElection=EpochElection[voterStates={0=VoterState(replicaKey=ReplicaKey(id=0, directoryId=<undefined>), state=GRANTED)}], highWatermark=Optional.empty, electionTimeoutMs=1748)
2026-09-04T01:39:22.163+05:30  INFO 4014047 --- [backend] [-request-thread] o.a.k.r.KafkaNetworkChannel$SendThread   : [kafka-0-raft-outbound-request-thread]: Starting
2026-09-04T01:39:22.163+05:30  INFO 4014047 --- [backend] [-raft-io-thread] o.a.kafka.raft.KafkaRaftClientDriver     : [kafka-0-raft-io-thread]: Starting
2026-09-04T01:39:22.190+05:30  INFO 4014047 --- [backend] [r-event-handler] o.a.kafka.image.loader.MetadataLoader    : [MetadataLoader id=0] initializeNewPublishers: The loader is still catching up because we have loaded up to offset -1, but the high water mark is 1
2026-09-04T01:39:22.192+05:30  INFO 4014047 --- [backend] [ster-test-kit-4] kafka.server.BrokerServer                : [BrokerServer id=0] Starting broker
2026-09-04T01:39:22.194+05:30  INFO 4014047 --- [backend] [-raft-io-thread] org.apache.kafka.raft.LeaderState        : [RaftManager id=0] High watermark set to LogOffsetMetadata(offset=1, metadata=Optional[(segmentBaseOffset=0,relativePositionInSegment=91)]) for the first time for epoch 1 based on indexOfHw 0 and voters [ReplicaState(replicaKey=ReplicaKey(id=0, directoryId=<undefined>), endOffset=Optional[LogOffsetMetadata(offset=1, metadata=Optional[(segmentBaseOffset=0,relativePositionInSegment=91)])], lastFetchTimestamp=-1, lastCaughtUpTimestamp=-1, hasAcknowledgedLeader=true)]
2026-09-04T01:39:22.206+05:30  INFO 4014047 --- [backend] [-raft-io-thread] org.apache.kafka.raft.KafkaRaftClient    : [RaftManager id=0] Registered the listener org.apache.kafka.image.loader.MetadataLoader@1490616740
2026-09-04T01:39:22.209+05:30  INFO 4014047 --- [backend] [-raft-io-thread] org.apache.kafka.raft.KafkaRaftClient    : [RaftManager id=0] Setting the next offset of org.apache.kafka.image.loader.MetadataLoader@1490616740 to 0 since there are no snapshots
2026-09-04T01:39:22.212+05:30  INFO 4014047 --- [backend] [nelReaper-Fetch] lientQuotaManager$ThrottledChannelReaper : [broker-0-ThrottledChannelReaper-Fetch]: Starting
2026-09-04T01:39:22.212+05:30  INFO 4014047 --- [backend] [lReaper-Produce] lientQuotaManager$ThrottledChannelReaper : [broker-0-ThrottledChannelReaper-Produce]: Starting
2026-09-04T01:39:22.214+05:30  INFO 4014047 --- [backend] [lReaper-Request] lientQuotaManager$ThrottledChannelReaper : [broker-0-ThrottledChannelReaper-Request]: Starting
2026-09-04T01:39:22.214+05:30  INFO 4014047 --- [backend] [r-event-handler] o.a.kafka.image.loader.MetadataLoader    : [MetadataLoader id=0] maybePublishMetadata(LOG_DELTA): The loader is still catching up because we have not loaded a controller record as of offset 0 and high water mark is 1
2026-09-04T01:39:22.218+05:30  INFO 4014047 --- [backend] [trollerMutation] lientQuotaManager$ThrottledChannelReaper : [broker-0-ThrottledChannelReaper-ControllerMutation]: Starting
2026-09-04T01:39:22.291+05:30  INFO 4014047 --- [backend] [r-event-handler] o.a.kafka.image.loader.MetadataLoader    : [MetadataLoader id=0] initializeNewPublishers: The loader is still catching up because we have not loaded a controller record as of offset 0 and high water mark is 1
2026-09-04T01:39:22.293+05:30  INFO 4014047 --- [backend] [ster-test-kit-4] kafka.server.BrokerServer                : [BrokerServer id=0] Waiting for controller quorum voters future
2026-09-04T01:39:22.293+05:30  INFO 4014047 --- [backend] [ster-test-kit-4] kafka.server.BrokerServer                : [BrokerServer id=0] Finished waiting for controller quorum voters future
2026-09-04T01:39:22.306+05:30  INFO 4014047 --- [backend] [channel-manager] k.server.NodeToControllerRequestThread   : [broker-0-to-controller-forwarding-channel-manager]: Starting
2026-09-04T01:39:22.308+05:30  INFO 4014047 --- [backend] [channel-manager] k.server.NodeToControllerRequestThread   : [broker-0-to-controller-forwarding-channel-manager]: Recorded new KRaft controller, from now on will use node localhost:33323 (id: 0 rack: null isFenced: false)
2026-09-04T01:39:22.321+05:30  INFO 4014047 --- [backend] [-metrics-reaper] o.a.k.s.u.t.SystemTimerReaper$Reaper     : [client-metrics-reaper]: Starting
2026-09-04T01:39:22.390+05:30  INFO 4014047 --- [backend] [ster-test-kit-3] kafka.network.ConnectionQuotas           : Updated connection-accept-rate max connection creation rate to 2147483647
2026-09-04T01:39:22.392+05:30  INFO 4014047 --- [backend] [r-event-handler] o.a.kafka.image.loader.MetadataLoader    : [MetadataLoader id=0] initializeNewPublishers: The loader is still catching up because we have not loaded a controller record as of offset 0 and high water mark is 1
2026-09-04T01:39:22.399+05:30  INFO 4014047 --- [backend] [ster-test-kit-3] kafka.network.DataPlaneAcceptor          : Awaiting socket connections on localhost:33323.
2026-09-04T01:39:22.400+05:30  INFO 4014047 --- [backend] [ster-test-kit-3] kafka.network.DataPlaneAcceptor          : Opened wildcard endpoint localhost:33323
2026-09-04T01:39:22.412+05:30  INFO 4014047 --- [backend] [ster-test-kit-4] kafka.network.ConnectionQuotas           : Updated connection-accept-rate max connection creation rate to 2147483647
2026-09-04T01:39:22.413+05:30  INFO 4014047 --- [backend] [ster-test-kit-4] kafka.network.DataPlaneAcceptor          : Awaiting socket connections on localhost:35353.
2026-09-04T01:39:22.414+05:30  INFO 4014047 --- [backend] [ster-test-kit-4] kafka.network.DataPlaneAcceptor          : Opened wildcard endpoint localhost:35353
2026-09-04T01:39:22.428+05:30  INFO 4014047 --- [backend] [ster-test-kit-3] kafka.network.SocketServer               : [SocketServer listenerType=CONTROLLER, nodeId=0] Created data-plane acceptor and processors for endpoint : ListenerName(CONTROLLER)
2026-09-04T01:39:22.429+05:30  INFO 4014047 --- [backend] [ster-test-kit-4] kafka.network.SocketServer               : [SocketServer listenerType=BROKER, nodeId=0] Created data-plane acceptor and processors for endpoint : ListenerName(EXTERNAL)
2026-09-04T01:39:22.433+05:30  INFO 4014047 --- [backend] [ster-test-kit-3] org.apache.kafka.metadata.ListenerInfo   : CONTROLLER: resolved ephemeral port to 33323
2026-09-04T01:39:22.433+05:30  INFO 4014047 --- [backend] [ster-test-kit-4] org.apache.kafka.metadata.ListenerInfo   : EXTERNAL: resolved ephemeral port to 35353
2026-09-04T01:39:22.438+05:30  INFO 4014047 --- [backend] [ster-test-kit-3] o.a.k.s.network.EndpointReadyFutures     : authorizerStart completed for endpoint CONTROLLER. Endpoint is now READY.
2026-09-04T01:39:22.439+05:30  INFO 4014047 --- [backend] [ster-test-kit-3] kafka.server.ControllerServer            : [ControllerServer id=0] Waiting for controller quorum voters future
2026-09-04T01:39:22.439+05:30  INFO 4014047 --- [backend] [ster-test-kit-3] kafka.server.ControllerServer            : [ControllerServer id=0] Finished waiting for controller quorum voters future
2026-09-04T01:39:22.440+05:30  INFO 4014047 --- [backend] [channel-manager] k.server.NodeToControllerRequestThread   : [broker-0-to-controller-alter-partition-channel-manager]: Starting
2026-09-04T01:39:22.440+05:30  INFO 4014047 --- [backend] [channel-manager] k.server.NodeToControllerRequestThread   : [broker-0-to-controller-alter-partition-channel-manager]: Recorded new KRaft controller, from now on will use node localhost:33323 (id: 0 rack: null isFenced: false)
2026-09-04T01:39:22.453+05:30  INFO 4014047 --- [backend] [channel-manager] k.server.NodeToControllerRequestThread   : [broker-0-to-controller-directory-assignments-channel-manager]: Starting
2026-09-04T01:39:22.453+05:30  INFO 4014047 --- [backend] [channel-manager] k.server.NodeToControllerRequestThread   : [broker-0-to-controller-directory-assignments-channel-manager]: Recorded new KRaft controller, from now on will use node localhost:33323 (id: 0 rack: null isFenced: false)
2026-09-04T01:39:22.483+05:30  INFO 4014047 --- [backend] [eaper-0-Produce] perationPurgatory$ExpiredOperationReaper : [ExpirationReaper-0-Produce]: Starting
2026-09-04T01:39:22.485+05:30  INFO 4014047 --- [backend] [nReaper-0-Fetch] perationPurgatory$ExpiredOperationReaper : [ExpirationReaper-0-Fetch]: Starting
2026-09-04T01:39:22.486+05:30  INFO 4014047 --- [backend] [0-DeleteRecords] perationPurgatory$ExpiredOperationReaper : [ExpirationReaper-0-DeleteRecords]: Starting
2026-09-04T01:39:22.487+05:30  INFO 4014047 --- [backend] [r-0-RemoteFetch] perationPurgatory$ExpiredOperationReaper : [ExpirationReaper-0-RemoteFetch]: Starting
2026-09-04T01:39:22.489+05:30  INFO 4014047 --- [backend] [moteListOffsets] perationPurgatory$ExpiredOperationReaper : [ExpirationReaper-0-RemoteListOffsets]: Starting
2026-09-04T01:39:22.490+05:30  INFO 4014047 --- [backend] [er-0-ShareFetch] perationPurgatory$ExpiredOperationReaper : [ExpirationReaper-0-ShareFetch]: Starting
2026-09-04T01:39:22.491+05:30  INFO 4014047 --- [backend] [ster-test-kit-3] o.a.k.c.PeriodicTaskControlManager       : [QuorumController id=0] Registering periodic task writeNoOpRecord to run every 500 ms
2026-09-04T01:39:22.492+05:30  INFO 4014047 --- [backend] [ster-test-kit-3] o.a.k.c.PeriodicTaskControlManager       : [QuorumController id=0] Registering periodic task maybeFenceStaleBroker to run every 1125 ms
2026-09-04T01:39:22.493+05:30  INFO 4014047 --- [backend] [ster-test-kit-3] o.a.k.c.PeriodicTaskControlManager       : [QuorumController id=0] Registering periodic task electPreferred to run every 300000 ms
2026-09-04T01:39:22.493+05:30  INFO 4014047 --- [backend] [ster-test-kit-3] o.a.k.c.PeriodicTaskControlManager       : [QuorumController id=0] Registering periodic task electUnclean to run every 300000 ms
2026-09-04T01:39:22.493+05:30  INFO 4014047 --- [backend] [r-event-handler] o.a.kafka.image.loader.MetadataLoader    : [MetadataLoader id=0] initializeNewPublishers: The loader is still catching up because we have not loaded a controller record as of offset 0 and high water mark is 1
2026-09-04T01:39:22.493+05:30  INFO 4014047 --- [backend] [ster-test-kit-3] o.a.k.c.PeriodicTaskControlManager       : [QuorumController id=0] Registering periodic task expireDelegationTokens to run every 3600000 ms
2026-09-04T01:39:22.494+05:30  INFO 4014047 --- [backend] [ster-test-kit-3] o.a.k.c.PeriodicTaskControlManager       : [QuorumController id=0] Registering periodic task generatePeriodicPerformanceMessage to run every 60000 ms
2026-09-04T01:39:22.495+05:30  INFO 4014047 --- [backend] [ster-test-kit-3] o.a.kafka.controller.QuorumController    : [QuorumController id=0] Creating new QuorumController with clusterId QeqzzTMuTVCj7aq_VFA6hw
2026-09-04T01:39:22.496+05:30  INFO 4014047 --- [backend] [-raft-io-thread] org.apache.kafka.raft.KafkaRaftClient    : [RaftManager id=0] Registered the listener org.apache.kafka.controller.QuorumController$QuorumMetaLogListener@1824644621
2026-09-04T01:39:22.497+05:30  INFO 4014047 --- [backend] [-raft-io-thread] org.apache.kafka.raft.KafkaRaftClient    : [RaftManager id=0] Setting the next offset of org.apache.kafka.controller.QuorumController$QuorumMetaLogListener@1824644621 to 0 since there are no snapshots
2026-09-04T01:39:22.498+05:30  INFO 4014047 --- [backend] [nelReaper-Fetch] lientQuotaManager$ThrottledChannelReaper : [controller-0-ThrottledChannelReaper-Fetch]: Starting
2026-09-04T01:39:22.499+05:30  INFO 4014047 --- [backend] [lReaper-Produce] lientQuotaManager$ThrottledChannelReaper : [controller-0-ThrottledChannelReaper-Produce]: Starting
2026-09-04T01:39:22.499+05:30  INFO 4014047 --- [backend] [lReaper-Request] lientQuotaManager$ThrottledChannelReaper : [controller-0-ThrottledChannelReaper-Request]: Starting
2026-09-04T01:39:22.500+05:30  INFO 4014047 --- [backend] [trollerMutation] lientQuotaManager$ThrottledChannelReaper : [controller-0-ThrottledChannelReaper-ControllerMutation]: Starting
2026-09-04T01:39:22.501+05:30  INFO 4014047 --- [backend] [0-event-handler] o.a.kafka.controller.QuorumController    : [QuorumController id=0] Becoming the active controller at epoch 1, next write offset 1.
2026-09-04T01:39:22.523+05:30  WARN 4014047 --- [backend] [0-event-handler] o.a.kafka.controller.QuorumController    : [QuorumController id=0] Performing controller activation. The metadata log appears to be empty. Appending 6 bootstrap record(s) in metadata transaction at metadata.version 4.3-IV0 from bootstrap source 'testkit'.
2026-09-04T01:39:22.525+05:30  INFO 4014047 --- [backend] [rdinator-reaper] o.a.k.s.u.t.SystemTimerReaper$Reaper     : [share-coordinator-reaper]: Starting
2026-09-04T01:39:22.529+05:30  INFO 4014047 --- [backend] [0-event-handler] o.a.k.controller.OffsetControlManager    : [QuorumController id=0] Replayed BeginTransactionRecord(name='Bootstrap records') at offset 1.
2026-09-04T01:39:22.531+05:30  INFO 4014047 --- [backend] [0-event-handler] o.a.k.controller.FeatureControlManager   : [QuorumController id=0] Replayed a FeatureLevelRecord setting metadata.version to 4.3-IV0
2026-09-04T01:39:22.532+05:30  INFO 4014047 --- [backend] [0-event-handler] o.a.k.controller.FeatureControlManager   : [QuorumController id=0] Replayed a FeatureLevelRecord setting feature eligible.leader.replicas.version to 1
2026-09-04T01:39:22.533+05:30  INFO 4014047 --- [backend] [0-event-handler] o.a.k.controller.FeatureControlManager   : [QuorumController id=0] Replayed a FeatureLevelRecord setting feature group.version to 1
2026-09-04T01:39:22.533+05:30  INFO 4014047 --- [backend] [0-event-handler] o.a.k.controller.FeatureControlManager   : [QuorumController id=0] Replayed a FeatureLevelRecord setting feature share.version to 1
2026-09-04T01:39:22.533+05:30  INFO 4014047 --- [backend] [0-event-handler] o.a.k.controller.FeatureControlManager   : [QuorumController id=0] Replayed a FeatureLevelRecord setting feature streams.version to 1
2026-09-04T01:39:22.533+05:30  INFO 4014047 --- [backend] [0-event-handler] o.a.k.controller.FeatureControlManager   : [QuorumController id=0] Replayed a FeatureLevelRecord setting feature transaction.version to 2
2026-09-04T01:39:22.534+05:30  INFO 4014047 --- [backend] [0-event-handler] o.a.k.c.ConfigurationControlManager      : [QuorumController id=0] Replayed ConfigRecord for ConfigResource(type=BROKER, name='') which set configuration min.insync.replicas to 1
2026-09-04T01:39:22.535+05:30  INFO 4014047 --- [backend] [0-event-handler] o.a.k.controller.OffsetControlManager    : [QuorumController id=0] Replayed EndTransactionRecord() at offset 9.
2026-09-04T01:39:22.535+05:30  INFO 4014047 --- [backend] [per-0-AlterAcls] perationPurgatory$ExpiredOperationReaper : [ExpirationReaper-0-AlterAcls]: Starting
2026-09-04T01:39:22.537+05:30  INFO 4014047 --- [backend] [0-event-handler] o.a.k.c.PeriodicTaskControlManager       : [QuorumController id=0] Activated periodic tasks: electPreferred, electUnclean, expireDelegationTokens, generatePeriodicPerformanceMessage, maybeFenceStaleBroker, writeNoOpRecord
2026-09-04T01:39:22.561+05:30  INFO 4014047 --- [backend] [ster-test-kit-3] kafka.server.ControllerServer            : [ControllerServer id=0] Waiting for the controller metadata publishers to be installed
2026-09-04T01:39:22.567+05:30  INFO 4014047 --- [backend] [ent-processor-0] eadedEventProcessor$EventProcessorThread : [share-coordinator-event-processor-0]: Starting
2026-09-04T01:39:22.569+05:30  INFO 4014047 --- [backend] [r-event-handler] o.a.kafka.image.loader.MetadataLoader    : [MetadataLoader id=0] maybePublishMetadata(LOG_DELTA): The loader finished catching up to the current high water mark of 10
2026-09-04T01:39:22.576+05:30  INFO 4014047 --- [backend] [r-event-handler] o.a.kafka.image.loader.MetadataLoader    : [MetadataLoader id=0] InitializeNewPublishers: initializing SnapshotGenerator with a snapshot at offset 9
2026-09-04T01:39:22.578+05:30  INFO 4014047 --- [backend] [-manager-reaper] o.a.k.s.u.t.SystemTimerReaper$Reaper     : [persister-state-manager-reaper]: Starting
2026-09-04T01:39:22.578+05:30  INFO 4014047 --- [backend] [ster-test-kit-3] kafka.server.ControllerServer            : [ControllerServer id=0] Finished waiting for the controller metadata publishers to be installed
2026-09-04T01:39:22.579+05:30  INFO 4014047 --- [backend] [r-event-handler] o.a.kafka.image.loader.MetadataLoader    : [MetadataLoader id=0] InitializeNewPublishers: initializing KRaftMetadataCachePublisher with a snapshot at offset 9
2026-09-04T01:39:22.579+05:30  INFO 4014047 --- [backend] [r-event-handler] o.a.kafka.image.loader.MetadataLoader    : [MetadataLoader id=0] InitializeNewPublishers: initializing FeaturesPublisher with a snapshot at offset 9
2026-09-04T01:39:22.579+05:30  INFO 4014047 --- [backend] [ster-test-kit-3] kafka.network.SocketServer               : [SocketServer listenerType=CONTROLLER, nodeId=0] Enabling request processing.
2026-09-04T01:39:22.579+05:30  INFO 4014047 --- [backend] [terStateManager] k.s.s.p.PersisterStateManager$SendThread : [PersisterStateManager]: Starting
2026-09-04T01:39:22.582+05:30  INFO 4014047 --- [backend] [a-client-reaper] o.a.k.s.u.t.SystemTimerReaper$Reaper     : [network-partition-metadata-client-reaper]: Starting
2026-09-04T01:39:22.583+05:30  INFO 4014047 --- [backend] [rdinator-reaper] o.a.k.s.u.t.SystemTimerReaper$Reaper     : [group-coordinator-reaper]: Starting
2026-09-04T01:39:22.592+05:30  INFO 4014047 --- [backend] [r-event-handler] o.a.k.m.publisher.FeaturesPublisher      : [ControllerServer id=0] Loaded new metadata FinalizedFeatures[metadataVersion=4.3-IV0, finalizedFeatures={group.version=1, streams.version=1, transaction.version=2, eligible.leader.replicas.version=1, share.version=1, metadata.version=30}, finalizedFeaturesEpoch=9].
2026-09-04T01:39:22.593+05:30  INFO 4014047 --- [backend] [r-event-handler] o.a.kafka.image.loader.MetadataLoader    : [MetadataLoader id=0] InitializeNewPublishers: initializing ControllerRegistrationsPublisher with a snapshot at offset 9
2026-09-04T01:39:22.593+05:30  INFO 4014047 --- [backend] [r-event-handler] o.a.kafka.image.loader.MetadataLoader    : [MetadataLoader id=0] InitializeNewPublishers: initializing ControllerRegistrationManager with a snapshot at offset 9
2026-09-04T01:39:22.594+05:30  INFO 4014047 --- [backend] [r-event-handler] o.a.kafka.image.loader.MetadataLoader    : [MetadataLoader id=0] InitializeNewPublishers: initializing DynamicConfigPublisher controller id=0 with a snapshot at offset 9
2026-09-04T01:39:22.601+05:30  INFO 4014047 --- [backend] [ent-processor-0] eadedEventProcessor$EventProcessorThread : [group-coordinator-event-processor-0]: Starting
2026-09-04T01:39:22.601+05:30  INFO 4014047 --- [backend] [ent-processor-1] eadedEventProcessor$EventProcessorThread : [group-coordinator-event-processor-1]: Starting
2026-09-04T01:39:22.602+05:30  INFO 4014047 --- [backend] [ent-processor-2] eadedEventProcessor$EventProcessorThread : [group-coordinator-event-processor-2]: Starting
2026-09-04T01:39:22.602+05:30  INFO 4014047 --- [backend] [ent-processor-3] eadedEventProcessor$EventProcessorThread : [group-coordinator-event-processor-3]: Starting
2026-09-04T01:39:22.606+05:30  INFO 4014047 --- [backend] [r-event-handler] k.s.metadata.DynamicConfigPublisher      : [DynamicConfigPublisher controller id=0] Updating cluster configuration : min.insync.replicas -> 1
2026-09-04T01:39:22.606+05:30  INFO 4014047 --- [backend] [channel-manager] k.server.NodeToControllerRequestThread   : [controller-0-to-controller-registration-channel-manager]: Starting
2026-09-04T01:39:22.606+05:30  INFO 4014047 --- [backend] [channel-manager] k.server.NodeToControllerRequestThread   : [controller-0-to-controller-registration-channel-manager]: Recorded new KRaft controller, from now on will use node localhost:33323 (id: 0 rack: null isFenced: false)
2026-09-04T01:39:22.606+05:30  INFO 4014047 --- [backend] [ster-test-kit-3] kafka.server.ControllerServer            : [ControllerServer id=0] Waiting for all of the authorizer futures to be completed
2026-09-04T01:39:22.607+05:30  INFO 4014047 --- [backend] [ster-test-kit-3] kafka.server.ControllerServer            : [ControllerServer id=0] Finished waiting for all of the authorizer futures to be completed
2026-09-04T01:39:22.607+05:30  INFO 4014047 --- [backend] [r-event-handler] k.server.ControllerRegistrationManager   : [ControllerRegistrationManager id=0 incarnation=sEm3SCSSQyuwzT9Q15LMDg] initialized channel manager.
2026-09-04T01:39:22.607+05:30  INFO 4014047 --- [backend] [ster-test-kit-3] kafka.server.ControllerServer            : [ControllerServer id=0] Waiting for all of the SocketServer Acceptors to be started
2026-09-04T01:39:22.607+05:30  INFO 4014047 --- [backend] [ster-test-kit-3] kafka.server.ControllerServer            : [ControllerServer id=0] Finished waiting for all of the SocketServer Acceptors to be started
2026-09-04T01:39:22.619+05:30  INFO 4014047 --- [backend] [r-event-handler] o.a.kafka.common.config.AbstractConfig   : KafkaConfig values: 
	add.partitions.to.txn.retry.backoff.max.ms = 100
	add.partitions.to.txn.retry.backoff.ms = 20
	advertised.listeners = null
	alter.config.policy.class.name = null
	alter.log.dirs.replication.quota.window.num = 11
	alter.log.dirs.replication.quota.window.size.seconds = 1
	authorizer.class.name = 
	auto.create.topics.enable = true
	auto.leader.rebalance.enable = true
	background.threads = 10
	broker.heartbeat.interval.ms = 2000
	broker.id = 0
	broker.rack = null
	broker.session.timeout.ms = 9000
	client.quota.callback.class = null
	compression.gzip.level = -1
	compression.lz4.level = 9
	compression.type = producer
	compression.zstd.level = 3
	config.providers = []
	connection.failed.authentication.delay.ms = 100
	connections.max.idle.ms = 600000
	connections.max.reauth.ms = 0
	controlled.shutdown.enable = true
	controller.listener.names = [CONTROLLER]
	controller.performance.always.log.threshold.ms = 2000
	controller.performance.sample.period.ms = 60000
	controller.quorum.append.linger.ms = 25
	controller.quorum.auto.join.enable = false
	controller.quorum.bootstrap.servers = []
	controller.quorum.election.backoff.max.ms = 1000
	controller.quorum.election.timeout.ms = 1000
	controller.quorum.fetch.timeout.ms = 2000
	controller.quorum.request.timeout.ms = 2000
	controller.quorum.retry.backoff.ms = 20
	controller.quorum.voters = [0@localhost:33323]
	controller.quota.window.num = 11
	controller.quota.window.size.seconds = 1
	controller.socket.timeout.ms = 30000
	create.topic.policy.class.name = null
	default.replication.factor = 1
	delegation.token.expiry.check.interval.ms = 3600000
	delegation.token.expiry.time.ms = 86400000
	delegation.token.max.lifetime.ms = 604800000
	delegation.token.secret.key = null
	delete.records.purgatory.purge.interval.requests = 1
	delete.topic.enable = true
	early.start.listeners = null
	fetch.max.bytes = 57671680
	fetch.purgatory.purge.interval.requests = 1000
	group.consumer.assignors = [uniform, range]
	group.consumer.heartbeat.interval.ms = 5000
	group.consumer.max.heartbeat.interval.ms = 15000
	group.consumer.max.session.timeout.ms = 60000
	group.consumer.max.size = 2147483647
	group.consumer.migration.policy = bidirectional
	group.consumer.min.heartbeat.interval.ms = 5000
	group.consumer.min.session.timeout.ms = 45000
	group.consumer.regex.refresh.interval.ms = 600000
	group.consumer.session.timeout.ms = 45000
	group.coordinator.append.linger.ms = -1
	group.coordinator.rebalance.protocols = [classic, consumer, streams]
	group.coordinator.threads = 4
	group.initial.rebalance.delay.ms = 0
	group.max.session.timeout.ms = 1800000
	group.max.size = 2147483647
	group.min.session.timeout.ms = 6000
	group.share.assignors = [simple]
	group.share.delivery.count.limit = 5
	group.share.enable = false
	group.share.heartbeat.interval.ms = 5000
	group.share.initialize.retry.interval.ms = 30000
	group.share.max.heartbeat.interval.ms = 15000
	group.share.max.record.lock.duration.ms = 60000
	group.share.max.session.timeout.ms = 60000
	group.share.max.share.sessions = 2000
	group.share.max.size = 200
	group.share.min.heartbeat.interval.ms = 5000
	group.share.min.record.lock.duration.ms = 15000
	group.share.min.session.timeout.ms = 45000
	group.share.partition.max.record.locks = 2000
	group.share.persister.class.name = org.apache.kafka.server.share.persister.DefaultStatePersister
	group.share.record.lock.duration.ms = 30000
	group.share.session.timeout.ms = 45000
	group.streams.heartbeat.interval.ms = 5000
	group.streams.initial.rebalance.delay.ms = 3000
	group.streams.max.heartbeat.interval.ms = 15000
	group.streams.max.session.timeout.ms = 60000
	group.streams.max.size = 2147483647
	group.streams.max.standby.replicas = 2
	group.streams.min.heartbeat.interval.ms = 5000
	group.streams.min.session.timeout.ms = 45000
	group.streams.num.standby.replicas = 0
	group.streams.session.timeout.ms = 45000
	initial.broker.registration.timeout.ms = 60000
	inter.broker.listener.name = EXTERNAL
	internal.metadata.delete.delay.millis = 60000
	internal.metadata.log.segment.bytes = null
	internal.metadata.max.batch.size.in.bytes = 8388608
	internal.metadata.max.fetch.size.in.bytes = 8388608
	kafka.metrics.polling.interval.secs = 10
	kafka.metrics.reporters = []
	leader.imbalance.check.interval.seconds = 300
	listener.security.protocol.map = EXTERNAL:PLAINTEXT,CONTROLLER:PLAINTEXT
	listeners = [EXTERNAL://localhost:0, CONTROLLER://localhost:0]
	log.cleaner.backoff.ms = 15000
	log.cleaner.dedupe.buffer.size = 2097152
	log.cleaner.delete.retention.ms = 86400000
	log.cleaner.enable = true
	log.cleaner.io.buffer.load.factor = 0.9
	log.cleaner.io.buffer.size = 524288
	log.cleaner.io.max.bytes.per.second = 1.7976931348623157E308
	log.cleaner.max.compaction.lag.ms = 9223372036854775807
	log.cleaner.min.cleanable.ratio = 0.5
	log.cleaner.min.compaction.lag.ms = 0
	log.cleaner.threads = 1
	log.cleanup.policy = [delete]
	log.dir = [/tmp/kafka-logs]
	log.dir.failure.timeout.ms = 30000
	log.dirs = [/tmp/kafka-11414891430925667701/combined_0_0]
	log.flush.interval.messages = 9223372036854775807
	log.flush.interval.ms = null
	log.flush.offset.checkpoint.interval.ms = 60000
	log.flush.scheduler.interval.ms = 9223372036854775807
	log.flush.start.offset.checkpoint.interval.ms = 60000
	log.index.interval.bytes = 4096
	log.index.size.max.bytes = 10485760
	log.initial.task.delay.ms = 30000
	log.local.retention.bytes = -2
	log.local.retention.ms = -2
	log.message.timestamp.after.max.ms = 3600000
	log.message.timestamp.before.max.ms = 9223372036854775807
	log.message.timestamp.type = CreateTime
	log.preallocate = false
	log.retention.bytes = -1
	log.retention.check.interval.ms = 300000
	log.retention.hours = 168
	log.retention.minutes = null
	log.retention.ms = null
	log.roll.hours = 168
	log.roll.jitter.hours = 0
	log.roll.jitter.ms = null
	log.roll.ms = null
	log.segment.bytes = 1073741824
	log.segment.delete.delay.ms = 60000
	max.connection.creation.rate = 2147483647
	max.connections = 2147483647
	max.connections.per.ip = 2147483647
	max.connections.per.ip.overrides = 
	max.incremental.fetch.session.cache.slots = 1000
	max.request.partition.size.limit = 2000
	message.max.bytes = 1048588
	metadata.log.dir = /tmp/kafka-11414891430925667701/combined_0_0
	metadata.log.max.record.bytes.between.snapshots = 20971520
	metadata.log.max.snapshot.interval.ms = 3600000
	metadata.log.segment.bytes = 1073741824
	metadata.log.segment.ms = 604800000
	metadata.max.idle.interval.ms = 500
	metadata.max.retention.bytes = 104857600
	metadata.max.retention.ms = 604800000
	metric.reporters = [org.apache.kafka.common.metrics.JmxReporter]
	metrics.num.samples = 2
	metrics.recording.level = INFO
	metrics.sample.window.ms = 30000
	min.insync.replicas = 1
	node.id = 0
	num.io.threads = 8
	num.network.threads = 3
	num.partitions = 1
	num.recovery.threads.per.data.dir = 2
	num.replica.alter.log.dirs.threads = null
	num.replica.fetchers = 1
	offset.metadata.max.bytes = 4096
	offsets.commit.timeout.ms = 5000
	offsets.load.buffer.size = 5242880
	offsets.retention.check.interval.ms = 600000
	offsets.retention.minutes = 10080
	offsets.topic.compression.codec = 0
	offsets.topic.num.partitions = 50
	offsets.topic.replication.factor = 1
	offsets.topic.segment.bytes = 104857600
	principal.builder.class = class org.apache.kafka.common.security.authenticator.DefaultKafkaPrincipalBuilder
	process.roles = [broker, controller]
	producer.id.expiration.check.interval.ms = 600000
	producer.id.expiration.ms = 86400000
	producer.purgatory.purge.interval.requests = 1000
	queued.max.request.bytes = -1
	queued.max.requests = 500
	quota.window.num = 11
	quota.window.size.seconds = 1
	remote.fetch.max.wait.ms = 500
	remote.list.offsets.request.timeout.ms = 30000
	remote.log.index.file.cache.total.size.bytes = 1073741824
	remote.log.manager.copier.thread.pool.size = 10
	remote.log.manager.copy.max.bytes.per.second = 9223372036854775807
	remote.log.manager.copy.quota.window.num = 11
	remote.log.manager.copy.quota.window.size.seconds = 1
	remote.log.manager.expiration.thread.pool.size = 10
	remote.log.manager.fetch.max.bytes.per.second = 9223372036854775807
	remote.log.manager.fetch.quota.window.num = 11
	remote.log.manager.fetch.quota.window.size.seconds = 1
	remote.log.manager.follower.thread.pool.size = 2
	remote.log.manager.task.interval.ms = 30000
	remote.log.manager.task.retry.backoff.max.ms = 30000
	remote.log.manager.task.retry.backoff.ms = 500
	remote.log.manager.task.retry.jitter = 0.2
	remote.log.manager.thread.pool.size = 2
	remote.log.metadata.custom.metadata.max.bytes = 128
	remote.log.metadata.manager.class.name = org.apache.kafka.server.log.remote.metadata.storage.TopicBasedRemoteLogMetadataManager
	remote.log.metadata.manager.class.path = null
	remote.log.metadata.manager.impl.prefix = rlmm.config.
	remote.log.metadata.manager.listener.name = null
	remote.log.reader.max.pending.tasks = 100
	remote.log.reader.threads = 10
	remote.log.storage.manager.class.name = null
	remote.log.storage.manager.class.path = null
	remote.log.storage.manager.impl.prefix = rsm.config.
	remote.log.storage.system.enable = false
	replica.fetch.backoff.ms = 1000
	replica.fetch.max.bytes = 1048576
	replica.fetch.min.bytes = 1
	replica.fetch.response.max.bytes = 10485760
	replica.fetch.wait.max.ms = 500
	replica.high.watermark.checkpoint.interval.ms = 5000
	replica.lag.time.max.ms = 30000
	replica.selector.class = null
	replica.socket.receive.buffer.bytes = 65536
	replica.socket.timeout.ms = 30000
	replication.quota.window.num = 11
	replication.quota.window.size.seconds = 1
	request.timeout.ms = 30000
	sasl.client.callback.handler.class = null
	sasl.enabled.mechanisms = [GSSAPI]
	sasl.jaas.config = null
	sasl.kerberos.kinit.cmd = /usr/bin/kinit
	sasl.kerberos.min.time.before.relogin = 60000
	sasl.kerberos.principal.to.local.rules = [DEFAULT]
	sasl.kerberos.service.name = null
	sasl.kerberos.ticket.renew.jitter = 0.05
	sasl.kerberos.ticket.renew.window.factor = 0.8
	sasl.login.callback.handler.class = null
	sasl.login.class = null
	sasl.login.connect.timeout.ms = null
	sasl.login.read.timeout.ms = null
	sasl.login.refresh.buffer.seconds = 300
	sasl.login.refresh.min.period.seconds = 60
	sasl.login.refresh.window.factor = 0.8
	sasl.login.refresh.window.jitter = 0.05
	sasl.login.retry.backoff.max.ms = 10000
	sasl.login.retry.backoff.ms = 100
	sasl.mechanism.controller.protocol = GSSAPI
	sasl.mechanism.inter.broker.protocol = GSSAPI
	sasl.oauthbearer.assertion.algorithm = RS256
	sasl.oauthbearer.assertion.claim.aud = null
	sasl.oauthbearer.assertion.claim.exp.seconds = 300
	sasl.oauthbearer.assertion.claim.iss = null
	sasl.oauthbearer.assertion.claim.jti.include = false
	sasl.oauthbearer.assertion.claim.nbf.seconds = 60
	sasl.oauthbearer.assertion.claim.sub = null
	sasl.oauthbearer.assertion.file = null
	sasl.oauthbearer.assertion.private.key.file = null
	sasl.oauthbearer.assertion.private.key.passphrase = null
	sasl.oauthbearer.assertion.template.file = null
	sasl.oauthbearer.client.credentials.client.id = null
	sasl.oauthbearer.client.credentials.client.secret = null
	sasl.oauthbearer.clock.skew.seconds = 30
	sasl.oauthbearer.expected.audience = []
	sasl.oauthbearer.expected.issuer = null
	sasl.oauthbearer.jwks.endpoint.refresh.ms = 3600000
	sasl.oauthbearer.jwks.endpoint.retry.backoff.max.ms = 10000
	sasl.oauthbearer.jwks.endpoint.retry.backoff.ms = 100
	sasl.oauthbearer.jwks.endpoint.url = null
	sasl.oauthbearer.jwt.retriever.class = class org.apache.kafka.common.security.oauthbearer.DefaultJwtRetriever
	sasl.oauthbearer.jwt.validator.class = class org.apache.kafka.common.security.oauthbearer.DefaultJwtValidator
	sasl.oauthbearer.scope = null
	sasl.oauthbearer.scope.claim.name = scope
	sasl.oauthbearer.sub.claim.name = sub
	sasl.oauthbearer.token.endpoint.url = null
	sasl.server.callback.handler.class = null
	sasl.server.max.receive.size = 524288
	security.inter.broker.protocol = PLAINTEXT
	security.providers = null
	server.max.startup.time.ms = 600000
	share.coordinator.append.linger.ms = -1
	share.coordinator.cold.partition.snapshot.interval.ms = 300000
	share.coordinator.load.buffer.size = 5242880
	share.coordinator.snapshot.update.records.per.snapshot = 500
	share.coordinator.state.topic.compression.codec = 0
	share.coordinator.state.topic.min.isr = 2
	share.coordinator.state.topic.num.partitions = 50
	share.coordinator.state.topic.prune.interval.ms = 300000
	share.coordinator.state.topic.replication.factor = 3
	share.coordinator.state.topic.segment.bytes = 104857600
	share.coordinator.threads = 1
	share.coordinator.write.timeout.ms = 5000
	share.fetch.purgatory.purge.interval.requests = 1000
	socket.connection.setup.timeout.max.ms = 30000
	socket.connection.setup.timeout.ms = 10000
	socket.listen.backlog.size = 50
	socket.receive.buffer.bytes = 102400
	socket.request.max.bytes = 104857600
	socket.send.buffer.bytes = 102400
	ssl.allow.dn.changes = false
	ssl.allow.san.changes = false
	ssl.cipher.suites = []
	ssl.client.auth = none
	ssl.enabled.protocols = [TLSv1.2, TLSv1.3]
	ssl.endpoint.identification.algorithm = https
	ssl.engine.factory.class = null
	ssl.key.password = null
	ssl.keymanager.algorithm = SunX509
	ssl.keystore.certificate.chain = null
	ssl.keystore.key = null
	ssl.keystore.location = null
	ssl.keystore.password = null
	ssl.keystore.type = JKS
	ssl.principal.mapping.rules = DEFAULT
	ssl.protocol = TLSv1.3
	ssl.provider = null
	ssl.secure.random.implementation = null
	ssl.trustmanager.algorithm = PKIX
	ssl.truststore.certificates = null
	ssl.truststore.location = null
	ssl.truststore.password = null
	ssl.truststore.type = JKS
	telemetry.max.bytes = 1048576
	transaction.abort.timed.out.transaction.cleanup.interval.ms = 10000
	transaction.max.timeout.ms = 900000
	transaction.partition.verification.enable = true
	transaction.remove.expired.transaction.cleanup.interval.ms = 3600000
	transaction.state.log.load.buffer.size = 5242880
	transaction.state.log.min.isr = 2
	transaction.state.log.num.partitions = 50
	transaction.state.log.replication.factor = 1
	transaction.state.log.segment.bytes = 104857600
	transaction.two.phase.commit.enable = false
	transactional.id.expiration.ms = 604800000
	unclean.leader.election.enable = false
	unclean.leader.election.interval.ms = 300000
	unstable.api.versions.enable = true
	unstable.feature.versions.enable = true

2026-09-04T01:39:22.628+05:30  INFO 4014047 --- [backend] [r-event-handler] k.server.ControllerRegistrationManager   : [ControllerRegistrationManager id=0 incarnation=sEm3SCSSQyuwzT9Q15LMDg] sendControllerRegistration: attempting to send ControllerRegistrationRequestData(controllerId=0, incarnationId=sEm3SCSSQyuwzT9Q15LMDg, zkMigrationReady=false, listeners=[Listener(name='CONTROLLER', host='localhost', port=33323, securityProtocol=0)], features=[Feature(name='group.version', minSupportedVersion=0, maxSupportedVersion=1), Feature(name='kraft.version', minSupportedVersion=0, maxSupportedVersion=1), Feature(name='metadata.version', minSupportedVersion=7, maxSupportedVersion=30), Feature(name='share.version', minSupportedVersion=0, maxSupportedVersion=1), Feature(name='streams.version', minSupportedVersion=0, maxSupportedVersion=1), Feature(name='transaction.version', minSupportedVersion=0, maxSupportedVersion=2), Feature(name='eligible.leader.replicas.version', minSupportedVersion=0, maxSupportedVersion=1)])
2026-09-04T01:39:22.636+05:30  INFO 4014047 --- [backend] [r-event-handler] o.a.kafka.image.loader.MetadataLoader    : [MetadataLoader id=0] InitializeNewPublishers: initializing DynamicClientQuotaPublisher controller id=0 with a snapshot at offset 9
2026-09-04T01:39:22.641+05:30  INFO 4014047 --- [backend] [r-event-handler] o.a.kafka.image.loader.MetadataLoader    : [MetadataLoader id=0] InitializeNewPublishers: initializing DynamicTopicClusterQuotaPublisher controller id=0 with a snapshot at offset 9
2026-09-04T01:39:22.642+05:30  INFO 4014047 --- [backend] [r-event-handler] o.a.kafka.image.loader.MetadataLoader    : [MetadataLoader id=0] InitializeNewPublishers: initializing ScramPublisher controller id=0 with a snapshot at offset 9
2026-09-04T01:39:22.644+05:30  INFO 4014047 --- [backend] [r-event-handler] o.a.kafka.image.loader.MetadataLoader    : [MetadataLoader id=0] InitializeNewPublishers: initializing DelegationTokenPublisher controller id=0 with a snapshot at offset 9
2026-09-04T01:39:22.644+05:30  INFO 4014047 --- [backend] [r-event-handler] o.a.kafka.image.loader.MetadataLoader    : [MetadataLoader id=0] InitializeNewPublishers: initializing ControllerMetadataMetricsPublisher with a snapshot at offset 9
2026-09-04T01:39:22.645+05:30  INFO 4014047 --- [backend] [r-event-handler] o.a.kafka.image.loader.MetadataLoader    : [MetadataLoader id=0] InitializeNewPublishers: initializing AclPublisher controller id=0 with a snapshot at offset 9
2026-09-04T01:39:22.646+05:30  INFO 4014047 --- [backend] [ster-test-kit-4] kafka.log.LogManager                     : Unable to read the broker epoch in /tmp/kafka-11414891430925667701/combined_0_0.
2026-09-04T01:39:22.649+05:30  INFO 4014047 --- [backend] [channel-manager] k.server.NodeToControllerRequestThread   : [broker-0-to-controller-heartbeat-channel-manager]: Starting
2026-09-04T01:39:22.650+05:30  INFO 4014047 --- [backend] [channel-manager] k.server.NodeToControllerRequestThread   : [broker-0-to-controller-heartbeat-channel-manager]: Recorded new KRaft controller, from now on will use node localhost:33323 (id: 0 rack: null isFenced: false)
2026-09-04T01:39:22.659+05:30  INFO 4014047 --- [backend] [r-event-handler] kafka.server.BrokerLifecycleManager      : [BrokerLifecycleManager id=0] Incarnation 18RpJkQ0SomluV4VJ4TYXA of broker 0 in cluster QeqzzTMuTVCj7aq_VFA6hw is now STARTING.
2026-09-04T01:39:22.684+05:30  INFO 4014047 --- [backend] [-timeout-reaper] o.a.k.s.u.t.SystemTimerReaper$Reaper     : [share-group-lock-timeout-reaper]: Starting
2026-09-04T01:39:22.712+05:30  INFO 4014047 --- [backend] [per-0-AlterAcls] perationPurgatory$ExpiredOperationReaper : [ExpirationReaper-0-AlterAcls]: Starting
2026-09-04T01:39:22.748+05:30  INFO 4014047 --- [backend] [ster-test-kit-4] kafka.server.BrokerServer                : [BrokerServer id=0] Waiting for the broker metadata publishers to be installed
2026-09-04T01:39:22.749+05:30  INFO 4014047 --- [backend] [ster-test-kit-4] kafka.server.BrokerServer                : [BrokerServer id=0] Finished waiting for the broker metadata publishers to be installed
2026-09-04T01:39:22.749+05:30  INFO 4014047 --- [backend] [r-event-handler] o.a.kafka.image.loader.MetadataLoader    : [MetadataLoader id=0] InitializeNewPublishers: initializing MetadataVersionPublisher(id=0) with a snapshot at offset 9
2026-09-04T01:39:22.749+05:30  INFO 4014047 --- [backend] [ster-test-kit-4] kafka.server.BrokerServer                : [BrokerServer id=0] Waiting for the controller to acknowledge that we are caught up
2026-09-04T01:39:22.750+05:30  INFO 4014047 --- [backend] [r-event-handler] o.a.kafka.image.loader.MetadataLoader    : [MetadataLoader id=0] InitializeNewPublishers: initializing BrokerMetadataPublisher with a snapshot at offset 9
2026-09-04T01:39:22.753+05:30  INFO 4014047 --- [backend] [r-event-handler] k.s.metadata.BrokerMetadataPublisher     : [BrokerMetadataPublisher id=0] Publishing initial metadata at offset OffsetAndEpoch[offset=9, epoch=1] with metadata.version Optional[4.3-IV0].
2026-09-04T01:39:22.755+05:30  INFO 4014047 --- [backend] [r-event-handler] kafka.log.LogManager                     : Loading logs from log dirs ArrayBuffer(/tmp/kafka-11414891430925667701/combined_0_0)
2026-09-04T01:39:22.765+05:30  INFO 4014047 --- [backend] [r-event-handler] kafka.log.LogManager                     : No logs found to be loaded in /tmp/kafka-11414891430925667701/combined_0_0
2026-09-04T01:39:22.767+05:30  INFO 4014047 --- [backend] [0-event-handler] o.a.k.controller.ClusterControlManager   : [QuorumController id=0] Replayed RegisterControllerRecord containing ControllerRegistration(id=0, incarnationId=sEm3SCSSQyuwzT9Q15LMDg, zkMigrationReady=false, listeners=[Endpoint(listenerName='CONTROLLER', securityProtocol=PLAINTEXT, host='localhost', port=33323)], supportedFeatures={eligible.leader.replicas.version: 0-1, group.version: 0-1, kraft.version: 0-1, metadata.version: 7-30, share.version: 0-1, streams.version: 0-1, transaction.version: 0-2}).
2026-09-04T01:39:22.779+05:30  INFO 4014047 --- [backend] [0-event-handler] o.a.k.controller.ClusterControlManager   : [QuorumController id=0] No previous registration found for broker 0. New incarnation ID is 18RpJkQ0SomluV4VJ4TYXA.  Generated 0 record(s) to clean up previous incarnations. New broker epoch is 11.
2026-09-04T01:39:22.790+05:30  INFO 4014047 --- [backend] [r-event-handler] kafka.log.LogManager                     : Loaded 0 logs in 28ms
2026-09-04T01:39:22.793+05:30  INFO 4014047 --- [backend] [r-event-handler] kafka.log.LogManager                     : Starting log cleanup with a period of 300000 ms.
2026-09-04T01:39:22.793+05:30  INFO 4014047 --- [backend] [0-event-handler] o.a.k.controller.ClusterControlManager   : [QuorumController id=0] Replayed initial RegisterBrokerRecord for broker 0: RegisterBrokerRecord(brokerId=0, isMigratingZkBroker=false, incarnationId=18RpJkQ0SomluV4VJ4TYXA, brokerEpoch=11, endPoints=[BrokerEndpoint(name='EXTERNAL', host='localhost', port=35353, securityProtocol=0)], features=[BrokerFeature(name='group.version', minSupportedVersion=0, maxSupportedVersion=1), BrokerFeature(name='kraft.version', minSupportedVersion=0, maxSupportedVersion=1), BrokerFeature(name='metadata.version', minSupportedVersion=7, maxSupportedVersion=30), BrokerFeature(name='share.version', minSupportedVersion=0, maxSupportedVersion=1), BrokerFeature(name='streams.version', minSupportedVersion=0, maxSupportedVersion=1), BrokerFeature(name='transaction.version', minSupportedVersion=0, maxSupportedVersion=2), BrokerFeature(name='eligible.leader.replicas.version', minSupportedVersion=0, maxSupportedVersion=1)], rack=null, fenced=true, inControlledShutdown=false, logDirs=[mZvSUrT8DCBz1fSdFGWohw])
2026-09-04T01:39:22.795+05:30  INFO 4014047 --- [backend] [r-event-handler] kafka.log.LogManager                     : Starting log flusher with a default period of 9223372036854775807 ms.
2026-09-04T01:39:22.810+05:30  INFO 4014047 --- [backend] [r-event-handler] kafka.server.BrokerLifecycleManager      : [BrokerLifecycleManager id=0] Successfully registered broker 0 with broker epoch 11
2026-09-04T01:39:22.812+05:30  INFO 4014047 --- [backend] [r-event-handler] k.server.ControllerRegistrationManager   : [ControllerRegistrationManager id=0 incarnation=sEm3SCSSQyuwzT9Q15LMDg] RegistrationResponseHandler: controller acknowledged ControllerRegistrationRequest.
2026-09-04T01:39:22.821+05:30  INFO 4014047 --- [backend] [r-event-handler] o.a.k.storage.internals.log.LogCleaner   : Starting the log cleaner
2026-09-04T01:39:22.836+05:30  INFO 4014047 --- [backend] [leaner-thread-0] o.a.k.s.i.log.LogCleaner$CleanerThread   : [kafka-log-cleaner-thread-0]: Starting
2026-09-04T01:39:22.847+05:30  INFO 4014047 --- [backend] [rFailureHandler] k.s.ReplicaManager$LogDirFailureHandler  : [LogDirFailureHandler]: Starting
2026-09-04T01:39:22.849+05:30  INFO 4014047 --- [backend] [nSenderThread-0] o.a.k.s.t.AddPartitionsToTxnManager      : [AddPartitionsToTxnSenderThread-0]: Starting
2026-09-04T01:39:22.856+05:30  INFO 4014047 --- [backend] [r-event-handler] o.a.k.c.group.GroupCoordinatorService    : [GroupCoordinator id=0] Starting up.
2026-09-04T01:39:22.859+05:30  INFO 4014047 --- [backend] [r-event-handler] o.a.k.c.group.GroupCoordinatorService    : [GroupCoordinator id=0] Startup complete.
2026-09-04T01:39:22.860+05:30  INFO 4014047 --- [backend] [r-event-handler] k.c.transaction.TransactionCoordinator   : [TransactionCoordinator id=0] Starting up.
2026-09-04T01:39:22.864+05:30  INFO 4014047 --- [backend] [rSenderThread-0] k.c.t.TransactionMarkerChannelManager    : [TxnMarkerSenderThread-0]: Starting
2026-09-04T01:39:22.867+05:30  INFO 4014047 --- [backend] [r-event-handler] k.c.transaction.TransactionCoordinator   : [TransactionCoordinator id=0] Startup complete.
2026-09-04T01:39:22.868+05:30  INFO 4014047 --- [backend] [r-event-handler] o.a.k.c.share.ShareCoordinatorService    : [ShareCoordinator id=0] Starting up.
2026-09-04T01:39:22.869+05:30  INFO 4014047 --- [backend] [r-event-handler] o.a.k.c.share.ShareCoordinatorService    : [ShareCoordinator id=0] Startup complete.
2026-09-04T01:39:22.890+05:30  INFO 4014047 --- [backend] [r-event-handler] k.s.metadata.DynamicConfigPublisher      : [DynamicConfigPublisher broker id=0] Updating cluster configuration : min.insync.replicas -> 1
2026-09-04T01:39:22.896+05:30  INFO 4014047 --- [backend] [r-event-handler] o.a.kafka.common.config.AbstractConfig   : KafkaConfig values: 
	add.partitions.to.txn.retry.backoff.max.ms = 100
	add.partitions.to.txn.retry.backoff.ms = 20
	advertised.listeners = null
	alter.config.policy.class.name = null
	alter.log.dirs.replication.quota.window.num = 11
	alter.log.dirs.replication.quota.window.size.seconds = 1
	authorizer.class.name = 
	auto.create.topics.enable = true
	auto.leader.rebalance.enable = true
	background.threads = 10
	broker.heartbeat.interval.ms = 2000
	broker.id = 0
	broker.rack = null
	broker.session.timeout.ms = 9000
	client.quota.callback.class = null
	compression.gzip.level = -1
	compression.lz4.level = 9
	compression.type = producer
	compression.zstd.level = 3
	config.providers = []
	connection.failed.authentication.delay.ms = 100
	connections.max.idle.ms = 600000
	connections.max.reauth.ms = 0
	controlled.shutdown.enable = true
	controller.listener.names = [CONTROLLER]
	controller.performance.always.log.threshold.ms = 2000
	controller.performance.sample.period.ms = 60000
	controller.quorum.append.linger.ms = 25
	controller.quorum.auto.join.enable = false
	controller.quorum.bootstrap.servers = []
	controller.quorum.election.backoff.max.ms = 1000
	controller.quorum.election.timeout.ms = 1000
	controller.quorum.fetch.timeout.ms = 2000
	controller.quorum.request.timeout.ms = 2000
	controller.quorum.retry.backoff.ms = 20
	controller.quorum.voters = [0@localhost:33323]
	controller.quota.window.num = 11
	controller.quota.window.size.seconds = 1
	controller.socket.timeout.ms = 30000
	create.topic.policy.class.name = null
	default.replication.factor = 1
	delegation.token.expiry.check.interval.ms = 3600000
	delegation.token.expiry.time.ms = 86400000
	delegation.token.max.lifetime.ms = 604800000
	delegation.token.secret.key = null
	delete.records.purgatory.purge.interval.requests = 1
	delete.topic.enable = true
	early.start.listeners = null
	fetch.max.bytes = 57671680
	fetch.purgatory.purge.interval.requests = 1000
	group.consumer.assignors = [uniform, range]
	group.consumer.heartbeat.interval.ms = 5000
	group.consumer.max.heartbeat.interval.ms = 15000
	group.consumer.max.session.timeout.ms = 60000
	group.consumer.max.size = 2147483647
	group.consumer.migration.policy = bidirectional
	group.consumer.min.heartbeat.interval.ms = 5000
	group.consumer.min.session.timeout.ms = 45000
	group.consumer.regex.refresh.interval.ms = 600000
	group.consumer.session.timeout.ms = 45000
	group.coordinator.append.linger.ms = -1
	group.coordinator.rebalance.protocols = [classic, consumer, streams]
	group.coordinator.threads = 4
	group.initial.rebalance.delay.ms = 0
	group.max.session.timeout.ms = 1800000
	group.max.size = 2147483647
	group.min.session.timeout.ms = 6000
	group.share.assignors = [simple]
	group.share.delivery.count.limit = 5
	group.share.enable = false
	group.share.heartbeat.interval.ms = 5000
	group.share.initialize.retry.interval.ms = 30000
	group.share.max.heartbeat.interval.ms = 15000
	group.share.max.record.lock.duration.ms = 60000
	group.share.max.session.timeout.ms = 60000
	group.share.max.share.sessions = 2000
	group.share.max.size = 200
	group.share.min.heartbeat.interval.ms = 5000
	group.share.min.record.lock.duration.ms = 15000
	group.share.min.session.timeout.ms = 45000
	group.share.partition.max.record.locks = 2000
	group.share.persister.class.name = org.apache.kafka.server.share.persister.DefaultStatePersister
	group.share.record.lock.duration.ms = 30000
	group.share.session.timeout.ms = 45000
	group.streams.heartbeat.interval.ms = 5000
	group.streams.initial.rebalance.delay.ms = 3000
	group.streams.max.heartbeat.interval.ms = 15000
	group.streams.max.session.timeout.ms = 60000
	group.streams.max.size = 2147483647
	group.streams.max.standby.replicas = 2
	group.streams.min.heartbeat.interval.ms = 5000
	group.streams.min.session.timeout.ms = 45000
	group.streams.num.standby.replicas = 0
	group.streams.session.timeout.ms = 45000
	initial.broker.registration.timeout.ms = 60000
	inter.broker.listener.name = EXTERNAL
	internal.metadata.delete.delay.millis = 60000
	internal.metadata.log.segment.bytes = null
	internal.metadata.max.batch.size.in.bytes = 8388608
	internal.metadata.max.fetch.size.in.bytes = 8388608
	kafka.metrics.polling.interval.secs = 10
	kafka.metrics.reporters = []
	leader.imbalance.check.interval.seconds = 300
	listener.security.protocol.map = EXTERNAL:PLAINTEXT,CONTROLLER:PLAINTEXT
	listeners = [EXTERNAL://localhost:0, CONTROLLER://localhost:0]
	log.cleaner.backoff.ms = 15000
	log.cleaner.dedupe.buffer.size = 2097152
	log.cleaner.delete.retention.ms = 86400000
	log.cleaner.enable = true
	log.cleaner.io.buffer.load.factor = 0.9
	log.cleaner.io.buffer.size = 524288
	log.cleaner.io.max.bytes.per.second = 1.7976931348623157E308
	log.cleaner.max.compaction.lag.ms = 9223372036854775807
	log.cleaner.min.cleanable.ratio = 0.5
	log.cleaner.min.compaction.lag.ms = 0
	log.cleaner.threads = 1
	log.cleanup.policy = [delete]
	log.dir = [/tmp/kafka-logs]
	log.dir.failure.timeout.ms = 30000
	log.dirs = [/tmp/kafka-11414891430925667701/combined_0_0]
	log.flush.interval.messages = 9223372036854775807
	log.flush.interval.ms = null
	log.flush.offset.checkpoint.interval.ms = 60000
	log.flush.scheduler.interval.ms = 9223372036854775807
	log.flush.start.offset.checkpoint.interval.ms = 60000
	log.index.interval.bytes = 4096
	log.index.size.max.bytes = 10485760
	log.initial.task.delay.ms = 30000
	log.local.retention.bytes = -2
	log.local.retention.ms = -2
	log.message.timestamp.after.max.ms = 3600000
	log.message.timestamp.before.max.ms = 9223372036854775807
	log.message.timestamp.type = CreateTime
	log.preallocate = false
	log.retention.bytes = -1
	log.retention.check.interval.ms = 300000
	log.retention.hours = 168
	log.retention.minutes = null
	log.retention.ms = null
	log.roll.hours = 168
	log.roll.jitter.hours = 0
	log.roll.jitter.ms = null
	log.roll.ms = null
	log.segment.bytes = 1073741824
	log.segment.delete.delay.ms = 60000
	max.connection.creation.rate = 2147483647
	max.connections = 2147483647
	max.connections.per.ip = 2147483647
	max.connections.per.ip.overrides = 
	max.incremental.fetch.session.cache.slots = 1000
	max.request.partition.size.limit = 2000
	message.max.bytes = 1048588
	metadata.log.dir = /tmp/kafka-11414891430925667701/combined_0_0
	metadata.log.max.record.bytes.between.snapshots = 20971520
	metadata.log.max.snapshot.interval.ms = 3600000
	metadata.log.segment.bytes = 1073741824
	metadata.log.segment.ms = 604800000
	metadata.max.idle.interval.ms = 500
	metadata.max.retention.bytes = 104857600
	metadata.max.retention.ms = 604800000
	metric.reporters = [org.apache.kafka.common.metrics.JmxReporter]
	metrics.num.samples = 2
	metrics.recording.level = INFO
	metrics.sample.window.ms = 30000
	min.insync.replicas = 1
	node.id = 0
	num.io.threads = 8
	num.network.threads = 3
	num.partitions = 1
	num.recovery.threads.per.data.dir = 2
	num.replica.alter.log.dirs.threads = null
	num.replica.fetchers = 1
	offset.metadata.max.bytes = 4096
	offsets.commit.timeout.ms = 5000
	offsets.load.buffer.size = 5242880
	offsets.retention.check.interval.ms = 600000
	offsets.retention.minutes = 10080
	offsets.topic.compression.codec = 0
	offsets.topic.num.partitions = 50
	offsets.topic.replication.factor = 1
	offsets.topic.segment.bytes = 104857600
	principal.builder.class = class org.apache.kafka.common.security.authenticator.DefaultKafkaPrincipalBuilder
	process.roles = [broker, controller]
	producer.id.expiration.check.interval.ms = 600000
	producer.id.expiration.ms = 86400000
	producer.purgatory.purge.interval.requests = 1000
	queued.max.request.bytes = -1
	queued.max.requests = 500
	quota.window.num = 11
	quota.window.size.seconds = 1
	remote.fetch.max.wait.ms = 500
	remote.list.offsets.request.timeout.ms = 30000
	remote.log.index.file.cache.total.size.bytes = 1073741824
	remote.log.manager.copier.thread.pool.size = 10
	remote.log.manager.copy.max.bytes.per.second = 9223372036854775807
	remote.log.manager.copy.quota.window.num = 11
	remote.log.manager.copy.quota.window.size.seconds = 1
	remote.log.manager.expiration.thread.pool.size = 10
	remote.log.manager.fetch.max.bytes.per.second = 9223372036854775807
	remote.log.manager.fetch.quota.window.num = 11
	remote.log.manager.fetch.quota.window.size.seconds = 1
	remote.log.manager.follower.thread.pool.size = 2
	remote.log.manager.task.interval.ms = 30000
	remote.log.manager.task.retry.backoff.max.ms = 30000
	remote.log.manager.task.retry.backoff.ms = 500
	remote.log.manager.task.retry.jitter = 0.2
	remote.log.manager.thread.pool.size = 2
	remote.log.metadata.custom.metadata.max.bytes = 128
	remote.log.metadata.manager.class.name = org.apache.kafka.server.log.remote.metadata.storage.TopicBasedRemoteLogMetadataManager
	remote.log.metadata.manager.class.path = null
	remote.log.metadata.manager.impl.prefix = rlmm.config.
	remote.log.metadata.manager.listener.name = null
	remote.log.reader.max.pending.tasks = 100
	remote.log.reader.threads = 10
	remote.log.storage.manager.class.name = null
	remote.log.storage.manager.class.path = null
	remote.log.storage.manager.impl.prefix = rsm.config.
	remote.log.storage.system.enable = false
	replica.fetch.backoff.ms = 1000
	replica.fetch.max.bytes = 1048576
	replica.fetch.min.bytes = 1
	replica.fetch.response.max.bytes = 10485760
	replica.fetch.wait.max.ms = 500
	replica.high.watermark.checkpoint.interval.ms = 5000
	replica.lag.time.max.ms = 30000
	replica.selector.class = null
	replica.socket.receive.buffer.bytes = 65536
	replica.socket.timeout.ms = 30000
	replication.quota.window.num = 11
	replication.quota.window.size.seconds = 1
	request.timeout.ms = 30000
	sasl.client.callback.handler.class = null
	sasl.enabled.mechanisms = [GSSAPI]
	sasl.jaas.config = null
	sasl.kerberos.kinit.cmd = /usr/bin/kinit
	sasl.kerberos.min.time.before.relogin = 60000
	sasl.kerberos.principal.to.local.rules = [DEFAULT]
	sasl.kerberos.service.name = null
	sasl.kerberos.ticket.renew.jitter = 0.05
	sasl.kerberos.ticket.renew.window.factor = 0.8
	sasl.login.callback.handler.class = null
	sasl.login.class = null
	sasl.login.connect.timeout.ms = null
	sasl.login.read.timeout.ms = null
	sasl.login.refresh.buffer.seconds = 300
	sasl.login.refresh.min.period.seconds = 60
	sasl.login.refresh.window.factor = 0.8
	sasl.login.refresh.window.jitter = 0.05
	sasl.login.retry.backoff.max.ms = 10000
	sasl.login.retry.backoff.ms = 100
	sasl.mechanism.controller.protocol = GSSAPI
	sasl.mechanism.inter.broker.protocol = GSSAPI
	sasl.oauthbearer.assertion.algorithm = RS256
	sasl.oauthbearer.assertion.claim.aud = null
	sasl.oauthbearer.assertion.claim.exp.seconds = 300
	sasl.oauthbearer.assertion.claim.iss = null
	sasl.oauthbearer.assertion.claim.jti.include = false
	sasl.oauthbearer.assertion.claim.nbf.seconds = 60
	sasl.oauthbearer.assertion.claim.sub = null
	sasl.oauthbearer.assertion.file = null
	sasl.oauthbearer.assertion.private.key.file = null
	sasl.oauthbearer.assertion.private.key.passphrase = null
	sasl.oauthbearer.assertion.template.file = null
	sasl.oauthbearer.client.credentials.client.id = null
	sasl.oauthbearer.client.credentials.client.secret = null
	sasl.oauthbearer.clock.skew.seconds = 30
	sasl.oauthbearer.expected.audience = []
	sasl.oauthbearer.expected.issuer = null
	sasl.oauthbearer.jwks.endpoint.refresh.ms = 3600000
	sasl.oauthbearer.jwks.endpoint.retry.backoff.max.ms = 10000
	sasl.oauthbearer.jwks.endpoint.retry.backoff.ms = 100
	sasl.oauthbearer.jwks.endpoint.url = null
	sasl.oauthbearer.jwt.retriever.class = class org.apache.kafka.common.security.oauthbearer.DefaultJwtRetriever
	sasl.oauthbearer.jwt.validator.class = class org.apache.kafka.common.security.oauthbearer.DefaultJwtValidator
	sasl.oauthbearer.scope = null
	sasl.oauthbearer.scope.claim.name = scope
	sasl.oauthbearer.sub.claim.name = sub
	sasl.oauthbearer.token.endpoint.url = null
	sasl.server.callback.handler.class = null
	sasl.server.max.receive.size = 524288
	security.inter.broker.protocol = PLAINTEXT
	security.providers = null
	server.max.startup.time.ms = 600000
	share.coordinator.append.linger.ms = -1
	share.coordinator.cold.partition.snapshot.interval.ms = 300000
	share.coordinator.load.buffer.size = 5242880
	share.coordinator.snapshot.update.records.per.snapshot = 500
	share.coordinator.state.topic.compression.codec = 0
	share.coordinator.state.topic.min.isr = 2
	share.coordinator.state.topic.num.partitions = 50
	share.coordinator.state.topic.prune.interval.ms = 300000
	share.coordinator.state.topic.replication.factor = 3
	share.coordinator.state.topic.segment.bytes = 104857600
	share.coordinator.threads = 1
	share.coordinator.write.timeout.ms = 5000
	share.fetch.purgatory.purge.interval.requests = 1000
	socket.connection.setup.timeout.max.ms = 30000
	socket.connection.setup.timeout.ms = 10000
	socket.listen.backlog.size = 50
	socket.receive.buffer.bytes = 102400
	socket.request.max.bytes = 104857600
	socket.send.buffer.bytes = 102400
	ssl.allow.dn.changes = false
	ssl.allow.san.changes = false
	ssl.cipher.suites = []
	ssl.client.auth = none
	ssl.enabled.protocols = [TLSv1.2, TLSv1.3]
	ssl.endpoint.identification.algorithm = https
	ssl.engine.factory.class = null
	ssl.key.password = null
	ssl.keymanager.algorithm = SunX509
	ssl.keystore.certificate.chain = null
	ssl.keystore.key = null
	ssl.keystore.location = null
	ssl.keystore.password = null
	ssl.keystore.type = JKS
	ssl.principal.mapping.rules = DEFAULT
	ssl.protocol = TLSv1.3
	ssl.provider = null
	ssl.secure.random.implementation = null
	ssl.trustmanager.algorithm = PKIX
	ssl.truststore.certificates = null
	ssl.truststore.location = null
	ssl.truststore.password = null
	ssl.truststore.type = JKS
	telemetry.max.bytes = 1048576
	transaction.abort.timed.out.transaction.cleanup.interval.ms = 10000
	transaction.max.timeout.ms = 900000
	transaction.partition.verification.enable = true
	transaction.remove.expired.transaction.cleanup.interval.ms = 3600000
	transaction.state.log.load.buffer.size = 5242880
	transaction.state.log.min.isr = 2
	transaction.state.log.num.partitions = 50
	transaction.state.log.replication.factor = 1
	transaction.state.log.segment.bytes = 104857600
	transaction.two.phase.commit.enable = false
	transactional.id.expiration.ms = 604800000
	unclean.leader.election.enable = false
	unclean.leader.election.interval.ms = 300000
	unstable.api.versions.enable = true
	unstable.feature.versions.enable = true

2026-09-04T01:39:22.918+05:30  INFO 4014047 --- [backend] [r-event-handler] k.s.metadata.BrokerMetadataPublisher     : [BrokerMetadataPublisher id=0] Feature share.version has been updated to version 1
2026-09-04T01:39:22.919+05:30  INFO 4014047 --- [backend] [r-event-handler] o.a.kafka.image.loader.MetadataLoader    : [MetadataLoader id=0] InitializeNewPublishers: initializing BrokerRegistrationTracker(id=0) with a snapshot at offset 9
2026-09-04T01:39:22.923+05:30  INFO 4014047 --- [backend] [r-event-handler] k.server.ControllerRegistrationManager   : [ControllerRegistrationManager id=0 incarnation=sEm3SCSSQyuwzT9Q15LMDg] Our registration has been persisted to the metadata log.
2026-09-04T01:39:22.944+05:30  INFO 4014047 --- [backend] [r-event-handler] kafka.server.BrokerLifecycleManager      : [BrokerLifecycleManager id=0] The broker has caught up. Transitioning from STARTING to RECOVERY.
2026-09-04T01:39:22.944+05:30  INFO 4014047 --- [backend] [ster-test-kit-4] kafka.server.BrokerServer                : [BrokerServer id=0] Finished waiting for the controller to acknowledge that we are caught up
2026-09-04T01:39:22.944+05:30  INFO 4014047 --- [backend] [ster-test-kit-4] kafka.server.BrokerServer                : [BrokerServer id=0] Waiting for the initial broker metadata update to be published
2026-09-04T01:39:22.945+05:30  INFO 4014047 --- [backend] [ster-test-kit-4] kafka.server.BrokerServer                : [BrokerServer id=0] Finished waiting for the initial broker metadata update to be published
2026-09-04T01:39:22.950+05:30  INFO 4014047 --- [backend] [ster-test-kit-4] o.a.kafka.common.config.AbstractConfig   : KafkaConfig values: 
	add.partitions.to.txn.retry.backoff.max.ms = 100
	add.partitions.to.txn.retry.backoff.ms = 20
	advertised.listeners = null
	alter.config.policy.class.name = null
	alter.log.dirs.replication.quota.window.num = 11
	alter.log.dirs.replication.quota.window.size.seconds = 1
	authorizer.class.name = 
	auto.create.topics.enable = true
	auto.leader.rebalance.enable = true
	background.threads = 10
	broker.heartbeat.interval.ms = 2000
	broker.id = 0
	broker.rack = null
	broker.session.timeout.ms = 9000
	client.quota.callback.class = null
	compression.gzip.level = -1
	compression.lz4.level = 9
	compression.type = producer
	compression.zstd.level = 3
	config.providers = []
	connection.failed.authentication.delay.ms = 100
	connections.max.idle.ms = 600000
	connections.max.reauth.ms = 0
	controlled.shutdown.enable = true
	controller.listener.names = [CONTROLLER]
	controller.performance.always.log.threshold.ms = 2000
	controller.performance.sample.period.ms = 60000
	controller.quorum.append.linger.ms = 25
	controller.quorum.auto.join.enable = false
	controller.quorum.bootstrap.servers = []
	controller.quorum.election.backoff.max.ms = 1000
	controller.quorum.election.timeout.ms = 1000
	controller.quorum.fetch.timeout.ms = 2000
	controller.quorum.request.timeout.ms = 2000
	controller.quorum.retry.backoff.ms = 20
	controller.quorum.voters = [0@localhost:33323]
	controller.quota.window.num = 11
	controller.quota.window.size.seconds = 1
	controller.socket.timeout.ms = 30000
	create.topic.policy.class.name = null
	default.replication.factor = 1
	delegation.token.expiry.check.interval.ms = 3600000
	delegation.token.expiry.time.ms = 86400000
	delegation.token.max.lifetime.ms = 604800000
	delegation.token.secret.key = null
	delete.records.purgatory.purge.interval.requests = 1
	delete.topic.enable = true
	early.start.listeners = null
	fetch.max.bytes = 57671680
	fetch.purgatory.purge.interval.requests = 1000
	group.consumer.assignors = [uniform, range]
	group.consumer.heartbeat.interval.ms = 5000
	group.consumer.max.heartbeat.interval.ms = 15000
	group.consumer.max.session.timeout.ms = 60000
	group.consumer.max.size = 2147483647
	group.consumer.migration.policy = bidirectional
	group.consumer.min.heartbeat.interval.ms = 5000
	group.consumer.min.session.timeout.ms = 45000
	group.consumer.regex.refresh.interval.ms = 600000
	group.consumer.session.timeout.ms = 45000
	group.coordinator.append.linger.ms = -1
	group.coordinator.rebalance.protocols = [classic, consumer, streams]
	group.coordinator.threads = 4
	group.initial.rebalance.delay.ms = 0
	group.max.session.timeout.ms = 1800000
	group.max.size = 2147483647
	group.min.session.timeout.ms = 6000
	group.share.assignors = [simple]
	group.share.delivery.count.limit = 5
	group.share.enable = false
	group.share.heartbeat.interval.ms = 5000
	group.share.initialize.retry.interval.ms = 30000
	group.share.max.heartbeat.interval.ms = 15000
	group.share.max.record.lock.duration.ms = 60000
	group.share.max.session.timeout.ms = 60000
	group.share.max.share.sessions = 2000
	group.share.max.size = 200
	group.share.min.heartbeat.interval.ms = 5000
	group.share.min.record.lock.duration.ms = 15000
	group.share.min.session.timeout.ms = 45000
	group.share.partition.max.record.locks = 2000
	group.share.persister.class.name = org.apache.kafka.server.share.persister.DefaultStatePersister
	group.share.record.lock.duration.ms = 30000
	group.share.session.timeout.ms = 45000
	group.streams.heartbeat.interval.ms = 5000
	group.streams.initial.rebalance.delay.ms = 3000
	group.streams.max.heartbeat.interval.ms = 15000
	group.streams.max.session.timeout.ms = 60000
	group.streams.max.size = 2147483647
	group.streams.max.standby.replicas = 2
	group.streams.min.heartbeat.interval.ms = 5000
	group.streams.min.session.timeout.ms = 45000
	group.streams.num.standby.replicas = 0
	group.streams.session.timeout.ms = 45000
	initial.broker.registration.timeout.ms = 60000
	inter.broker.listener.name = EXTERNAL
	internal.metadata.delete.delay.millis = 60000
	internal.metadata.log.segment.bytes = null
	internal.metadata.max.batch.size.in.bytes = 8388608
	internal.metadata.max.fetch.size.in.bytes = 8388608
	kafka.metrics.polling.interval.secs = 10
	kafka.metrics.reporters = []
	leader.imbalance.check.interval.seconds = 300
	listener.security.protocol.map = EXTERNAL:PLAINTEXT,CONTROLLER:PLAINTEXT
	listeners = [EXTERNAL://localhost:0, CONTROLLER://localhost:0]
	log.cleaner.backoff.ms = 15000
	log.cleaner.dedupe.buffer.size = 2097152
	log.cleaner.delete.retention.ms = 86400000
	log.cleaner.enable = true
	log.cleaner.io.buffer.load.factor = 0.9
	log.cleaner.io.buffer.size = 524288
	log.cleaner.io.max.bytes.per.second = 1.7976931348623157E308
	log.cleaner.max.compaction.lag.ms = 9223372036854775807
	log.cleaner.min.cleanable.ratio = 0.5
	log.cleaner.min.compaction.lag.ms = 0
	log.cleaner.threads = 1
	log.cleanup.policy = [delete]
	log.dir = [/tmp/kafka-logs]
	log.dir.failure.timeout.ms = 30000
	log.dirs = [/tmp/kafka-11414891430925667701/combined_0_0]
	log.flush.interval.messages = 9223372036854775807
	log.flush.interval.ms = null
	log.flush.offset.checkpoint.interval.ms = 60000
	log.flush.scheduler.interval.ms = 9223372036854775807
	log.flush.start.offset.checkpoint.interval.ms = 60000
	log.index.interval.bytes = 4096
	log.index.size.max.bytes = 10485760
	log.initial.task.delay.ms = 30000
	log.local.retention.bytes = -2
	log.local.retention.ms = -2
	log.message.timestamp.after.max.ms = 3600000
	log.message.timestamp.before.max.ms = 9223372036854775807
	log.message.timestamp.type = CreateTime
	log.preallocate = false
	log.retention.bytes = -1
	log.retention.check.interval.ms = 300000
	log.retention.hours = 168
	log.retention.minutes = null
	log.retention.ms = null
	log.roll.hours = 168
	log.roll.jitter.hours = 0
	log.roll.jitter.ms = null
	log.roll.ms = null
	log.segment.bytes = 1073741824
	log.segment.delete.delay.ms = 60000
	max.connection.creation.rate = 2147483647
	max.connections = 2147483647
	max.connections.per.ip = 2147483647
	max.connections.per.ip.overrides = 
	max.incremental.fetch.session.cache.slots = 1000
	max.request.partition.size.limit = 2000
	message.max.bytes = 1048588
	metadata.log.dir = /tmp/kafka-11414891430925667701/combined_0_0
	metadata.log.max.record.bytes.between.snapshots = 20971520
	metadata.log.max.snapshot.interval.ms = 3600000
	metadata.log.segment.bytes = 1073741824
	metadata.log.segment.ms = 604800000
	metadata.max.idle.interval.ms = 500
	metadata.max.retention.bytes = 104857600
	metadata.max.retention.ms = 604800000
	metric.reporters = [org.apache.kafka.common.metrics.JmxReporter]
	metrics.num.samples = 2
	metrics.recording.level = INFO
	metrics.sample.window.ms = 30000
	min.insync.replicas = 1
	node.id = 0
	num.io.threads = 8
	num.network.threads = 3
	num.partitions = 1
	num.recovery.threads.per.data.dir = 2
	num.replica.alter.log.dirs.threads = null
	num.replica.fetchers = 1
	offset.metadata.max.bytes = 4096
	offsets.commit.timeout.ms = 5000
	offsets.load.buffer.size = 5242880
	offsets.retention.check.interval.ms = 600000
	offsets.retention.minutes = 10080
	offsets.topic.compression.codec = 0
	offsets.topic.num.partitions = 50
	offsets.topic.replication.factor = 1
	offsets.topic.segment.bytes = 104857600
	principal.builder.class = class org.apache.kafka.common.security.authenticator.DefaultKafkaPrincipalBuilder
	process.roles = [broker, controller]
	producer.id.expiration.check.interval.ms = 600000
	producer.id.expiration.ms = 86400000
	producer.purgatory.purge.interval.requests = 1000
	queued.max.request.bytes = -1
	queued.max.requests = 500
	quota.window.num = 11
	quota.window.size.seconds = 1
	remote.fetch.max.wait.ms = 500
	remote.list.offsets.request.timeout.ms = 30000
	remote.log.index.file.cache.total.size.bytes = 1073741824
	remote.log.manager.copier.thread.pool.size = 10
	remote.log.manager.copy.max.bytes.per.second = 9223372036854775807
	remote.log.manager.copy.quota.window.num = 11
	remote.log.manager.copy.quota.window.size.seconds = 1
	remote.log.manager.expiration.thread.pool.size = 10
	remote.log.manager.fetch.max.bytes.per.second = 9223372036854775807
	remote.log.manager.fetch.quota.window.num = 11
	remote.log.manager.fetch.quota.window.size.seconds = 1
	remote.log.manager.follower.thread.pool.size = 2
	remote.log.manager.task.interval.ms = 30000
	remote.log.manager.task.retry.backoff.max.ms = 30000
	remote.log.manager.task.retry.backoff.ms = 500
	remote.log.manager.task.retry.jitter = 0.2
	remote.log.manager.thread.pool.size = 2
	remote.log.metadata.custom.metadata.max.bytes = 128
	remote.log.metadata.manager.class.name = org.apache.kafka.server.log.remote.metadata.storage.TopicBasedRemoteLogMetadataManager
	remote.log.metadata.manager.class.path = null
	remote.log.metadata.manager.impl.prefix = rlmm.config.
	remote.log.metadata.manager.listener.name = null
	remote.log.reader.max.pending.tasks = 100
	remote.log.reader.threads = 10
	remote.log.storage.manager.class.name = null
	remote.log.storage.manager.class.path = null
	remote.log.storage.manager.impl.prefix = rsm.config.
	remote.log.storage.system.enable = false
	replica.fetch.backoff.ms = 1000
	replica.fetch.max.bytes = 1048576
	replica.fetch.min.bytes = 1
	replica.fetch.response.max.bytes = 10485760
	replica.fetch.wait.max.ms = 500
	replica.high.watermark.checkpoint.interval.ms = 5000
	replica.lag.time.max.ms = 30000
	replica.selector.class = null
	replica.socket.receive.buffer.bytes = 65536
	replica.socket.timeout.ms = 30000
	replication.quota.window.num = 11
	replication.quota.window.size.seconds = 1
	request.timeout.ms = 30000
	sasl.client.callback.handler.class = null
	sasl.enabled.mechanisms = [GSSAPI]
	sasl.jaas.config = null
	sasl.kerberos.kinit.cmd = /usr/bin/kinit
	sasl.kerberos.min.time.before.relogin = 60000
	sasl.kerberos.principal.to.local.rules = [DEFAULT]
	sasl.kerberos.service.name = null
	sasl.kerberos.ticket.renew.jitter = 0.05
	sasl.kerberos.ticket.renew.window.factor = 0.8
	sasl.login.callback.handler.class = null
	sasl.login.class = null
	sasl.login.connect.timeout.ms = null
	sasl.login.read.timeout.ms = null
	sasl.login.refresh.buffer.seconds = 300
	sasl.login.refresh.min.period.seconds = 60
	sasl.login.refresh.window.factor = 0.8
	sasl.login.refresh.window.jitter = 0.05
	sasl.login.retry.backoff.max.ms = 10000
	sasl.login.retry.backoff.ms = 100
	sasl.mechanism.controller.protocol = GSSAPI
	sasl.mechanism.inter.broker.protocol = GSSAPI
	sasl.oauthbearer.assertion.algorithm = RS256
	sasl.oauthbearer.assertion.claim.aud = null
	sasl.oauthbearer.assertion.claim.exp.seconds = 300
	sasl.oauthbearer.assertion.claim.iss = null
	sasl.oauthbearer.assertion.claim.jti.include = false
	sasl.oauthbearer.assertion.claim.nbf.seconds = 60
	sasl.oauthbearer.assertion.claim.sub = null
	sasl.oauthbearer.assertion.file = null
	sasl.oauthbearer.assertion.private.key.file = null
	sasl.oauthbearer.assertion.private.key.passphrase = null
	sasl.oauthbearer.assertion.template.file = null
	sasl.oauthbearer.client.credentials.client.id = null
	sasl.oauthbearer.client.credentials.client.secret = null
	sasl.oauthbearer.clock.skew.seconds = 30
	sasl.oauthbearer.expected.audience = []
	sasl.oauthbearer.expected.issuer = null
	sasl.oauthbearer.jwks.endpoint.refresh.ms = 3600000
	sasl.oauthbearer.jwks.endpoint.retry.backoff.max.ms = 10000
	sasl.oauthbearer.jwks.endpoint.retry.backoff.ms = 100
	sasl.oauthbearer.jwks.endpoint.url = null
	sasl.oauthbearer.jwt.retriever.class = class org.apache.kafka.common.security.oauthbearer.DefaultJwtRetriever
	sasl.oauthbearer.jwt.validator.class = class org.apache.kafka.common.security.oauthbearer.DefaultJwtValidator
	sasl.oauthbearer.scope = null
	sasl.oauthbearer.scope.claim.name = scope
	sasl.oauthbearer.sub.claim.name = sub
	sasl.oauthbearer.token.endpoint.url = null
	sasl.server.callback.handler.class = null
	sasl.server.max.receive.size = 524288
	security.inter.broker.protocol = PLAINTEXT
	security.providers = null
	server.max.startup.time.ms = 600000
	share.coordinator.append.linger.ms = -1
	share.coordinator.cold.partition.snapshot.interval.ms = 300000
	share.coordinator.load.buffer.size = 5242880
	share.coordinator.snapshot.update.records.per.snapshot = 500
	share.coordinator.state.topic.compression.codec = 0
	share.coordinator.state.topic.min.isr = 2
	share.coordinator.state.topic.num.partitions = 50
	share.coordinator.state.topic.prune.interval.ms = 300000
	share.coordinator.state.topic.replication.factor = 3
	share.coordinator.state.topic.segment.bytes = 104857600
	share.coordinator.threads = 1
	share.coordinator.write.timeout.ms = 5000
	share.fetch.purgatory.purge.interval.requests = 1000
	socket.connection.setup.timeout.max.ms = 30000
	socket.connection.setup.timeout.ms = 10000
	socket.listen.backlog.size = 50
	socket.receive.buffer.bytes = 102400
	socket.request.max.bytes = 104857600
	socket.send.buffer.bytes = 102400
	ssl.allow.dn.changes = false
	ssl.allow.san.changes = false
	ssl.cipher.suites = []
	ssl.client.auth = none
	ssl.enabled.protocols = [TLSv1.2, TLSv1.3]
	ssl.endpoint.identification.algorithm = https
	ssl.engine.factory.class = null
	ssl.key.password = null
	ssl.keymanager.algorithm = SunX509
	ssl.keystore.certificate.chain = null
	ssl.keystore.key = null
	ssl.keystore.location = null
	ssl.keystore.password = null
	ssl.keystore.type = JKS
	ssl.principal.mapping.rules = DEFAULT
	ssl.protocol = TLSv1.3
	ssl.provider = null
	ssl.secure.random.implementation = null
	ssl.trustmanager.algorithm = PKIX
	ssl.truststore.certificates = null
	ssl.truststore.location = null
	ssl.truststore.password = null
	ssl.truststore.type = JKS
	telemetry.max.bytes = 1048576
	transaction.abort.timed.out.transaction.cleanup.interval.ms = 10000
	transaction.max.timeout.ms = 900000
	transaction.partition.verification.enable = true
	transaction.remove.expired.transaction.cleanup.interval.ms = 3600000
	transaction.state.log.load.buffer.size = 5242880
	transaction.state.log.min.isr = 2
	transaction.state.log.num.partitions = 50
	transaction.state.log.replication.factor = 1
	transaction.state.log.segment.bytes = 104857600
	transaction.two.phase.commit.enable = false
	transactional.id.expiration.ms = 604800000
	unclean.leader.election.enable = false
	unclean.leader.election.interval.ms = 300000
	unstable.api.versions.enable = true
	unstable.feature.versions.enable = true

2026-09-04T01:39:22.960+05:30  INFO 4014047 --- [backend] [ster-test-kit-4] kafka.server.BrokerServer                : [BrokerServer id=0] Waiting for the broker to be unfenced
2026-09-04T01:39:22.962+05:30  INFO 4014047 --- [backend] [r-event-handler] kafka.server.BrokerLifecycleManager      : [BrokerLifecycleManager id=0] The broker is in RECOVERY.
2026-09-04T01:39:22.965+05:30  INFO 4014047 --- [backend] [0-event-handler] o.a.k.controller.BrokerHeartbeatManager  : [QuorumController id=0] The request from broker 0 to unfence has been granted because it has caught up with the offset of its register broker record 11.
2026-09-04T01:39:22.984+05:30  INFO 4014047 --- [backend] [0-event-handler] o.a.k.controller.ClusterControlManager   : [QuorumController id=0] Replayed BrokerRegistrationChangeRecord modifying the registration for broker 0: BrokerRegistrationChangeRecord(brokerId=0, brokerEpoch=11, fenced=-1, inControlledShutdown=0, logDirs=[])
2026-09-04T01:39:23.000+05:30  INFO 4014047 --- [backend] [r-event-handler] kafka.server.BrokerLifecycleManager      : [BrokerLifecycleManager id=0] The broker has been unfenced. Transitioning from RECOVERY to RUNNING.
2026-09-04T01:39:23.001+05:30  INFO 4014047 --- [backend] [ster-test-kit-4] kafka.server.BrokerServer                : [BrokerServer id=0] Finished waiting for the broker to be unfenced
2026-09-04T01:39:23.002+05:30  INFO 4014047 --- [backend] [ster-test-kit-4] o.a.k.s.network.EndpointReadyFutures     : authorizerStart completed for endpoint EXTERNAL. Endpoint is now READY.
2026-09-04T01:39:23.003+05:30  INFO 4014047 --- [backend] [ster-test-kit-4] kafka.network.SocketServer               : [SocketServer listenerType=BROKER, nodeId=0] Enabling request processing.
2026-09-04T01:39:23.004+05:30  INFO 4014047 --- [backend] [ster-test-kit-4] kafka.server.BrokerServer                : [BrokerServer id=0] Waiting for all of the authorizer futures to be completed
2026-09-04T01:39:23.005+05:30  INFO 4014047 --- [backend] [ster-test-kit-4] kafka.server.BrokerServer                : [BrokerServer id=0] Finished waiting for all of the authorizer futures to be completed
2026-09-04T01:39:23.005+05:30  INFO 4014047 --- [backend] [ster-test-kit-4] kafka.server.BrokerServer                : [BrokerServer id=0] Waiting for all of the SocketServer Acceptors to be started
2026-09-04T01:39:23.005+05:30  INFO 4014047 --- [backend] [ster-test-kit-4] kafka.server.BrokerServer                : [BrokerServer id=0] Finished waiting for all of the SocketServer Acceptors to be started
2026-09-04T01:39:23.006+05:30  INFO 4014047 --- [backend] [ster-test-kit-4] kafka.server.BrokerServer                : [BrokerServer id=0] Transition from STARTING to STARTED
2026-09-04T01:39:23.029+05:30  INFO 4014047 --- [backend] [           main] o.a.kafka.common.config.AbstractConfig   : AdminClientConfig values: 
	bootstrap.controllers = []
	bootstrap.servers = [localhost:35353]
	client.dns.lookup = use_all_dns_ips
	client.id = 
	config.providers = []
	connections.max.idle.ms = 300000
	default.api.timeout.ms = 60000
	enable.metrics.push = false
	metadata.max.age.ms = 300000
	metadata.recovery.rebootstrap.trigger.ms = 300000
	metadata.recovery.strategy = rebootstrap
	metric.reporters = [org.apache.kafka.common.metrics.JmxReporter]
	metrics.num.samples = 2
	metrics.recording.level = INFO
	metrics.sample.window.ms = 30000
	receive.buffer.bytes = 65536
	reconnect.backoff.max.ms = 1000
	reconnect.backoff.ms = 50
	request.timeout.ms = 30000
	retries = 2147483647
	retry.backoff.max.ms = 1000
	retry.backoff.ms = 100
	sasl.client.callback.handler.class = null
	sasl.jaas.config = null
	sasl.kerberos.kinit.cmd = /usr/bin/kinit
	sasl.kerberos.min.time.before.relogin = 60000
	sasl.kerberos.service.name = null
	sasl.kerberos.ticket.renew.jitter = 0.05
	sasl.kerberos.ticket.renew.window.factor = 0.8
	sasl.login.callback.handler.class = null
	sasl.login.class = null
	sasl.login.connect.timeout.ms = null
	sasl.login.read.timeout.ms = null
	sasl.login.refresh.buffer.seconds = 300
	sasl.login.refresh.min.period.seconds = 60
	sasl.login.refresh.window.factor = 0.8
	sasl.login.refresh.window.jitter = 0.05
	sasl.login.retry.backoff.max.ms = 10000
	sasl.login.retry.backoff.ms = 100
	sasl.mechanism = GSSAPI
	sasl.oauthbearer.assertion.algorithm = RS256
	sasl.oauthbearer.assertion.claim.aud = null
	sasl.oauthbearer.assertion.claim.exp.seconds = 300
	sasl.oauthbearer.assertion.claim.iss = null
	sasl.oauthbearer.assertion.claim.jti.include = false
	sasl.oauthbearer.assertion.claim.nbf.seconds = 60
	sasl.oauthbearer.assertion.claim.sub = null
	sasl.oauthbearer.assertion.file = null
	sasl.oauthbearer.assertion.private.key.file = null
	sasl.oauthbearer.assertion.private.key.passphrase = null
	sasl.oauthbearer.assertion.template.file = null
	sasl.oauthbearer.client.credentials.client.id = null
	sasl.oauthbearer.client.credentials.client.secret = null
	sasl.oauthbearer.clock.skew.seconds = 30
	sasl.oauthbearer.expected.audience = []
	sasl.oauthbearer.expected.issuer = null
	sasl.oauthbearer.header.urlencode = false
	sasl.oauthbearer.jwks.endpoint.refresh.ms = 3600000
	sasl.oauthbearer.jwks.endpoint.retry.backoff.max.ms = 10000
	sasl.oauthbearer.jwks.endpoint.retry.backoff.ms = 100
	sasl.oauthbearer.jwks.endpoint.url = null
	sasl.oauthbearer.jwt.retriever.class = class org.apache.kafka.common.security.oauthbearer.DefaultJwtRetriever
	sasl.oauthbearer.jwt.validator.class = class org.apache.kafka.common.security.oauthbearer.DefaultJwtValidator
	sasl.oauthbearer.scope = null
	sasl.oauthbearer.scope.claim.name = scope
	sasl.oauthbearer.sub.claim.name = sub
	sasl.oauthbearer.token.endpoint.url = null
	security.protocol = PLAINTEXT
	security.providers = null
	send.buffer.bytes = 131072
	socket.connection.setup.timeout.max.ms = 30000
	socket.connection.setup.timeout.ms = 10000
	ssl.cipher.suites = []
	ssl.enabled.protocols = [TLSv1.2, TLSv1.3]
	ssl.endpoint.identification.algorithm = https
	ssl.engine.factory.class = null
	ssl.key.password = null
	ssl.keymanager.algorithm = SunX509
	ssl.keystore.certificate.chain = null
	ssl.keystore.key = null
	ssl.keystore.location = null
	ssl.keystore.password = null
	ssl.keystore.type = JKS
	ssl.protocol = TLSv1.3
	ssl.provider = null
	ssl.secure.random.implementation = null
	ssl.trustmanager.algorithm = PKIX
	ssl.truststore.certificates = null
	ssl.truststore.location = null
	ssl.truststore.password = null
	ssl.truststore.type = JKS

2026-09-04T01:39:23.077+05:30  INFO 4014047 --- [backend] [           main] o.a.kafka.common.utils.AppInfoParser     : Kafka version: 4.2.1
2026-09-04T01:39:23.078+05:30  INFO 4014047 --- [backend] [           main] o.a.kafka.common.utils.AppInfoParser     : Kafka commitId: 92f61c44867f39dc
2026-09-04T01:39:23.078+05:30  INFO 4014047 --- [backend] [           main] o.a.kafka.common.utils.AppInfoParser     : Kafka startTimeMs: 1788466163077
2026-09-04T01:39:23.186+05:30  INFO 4014047 --- [backend] [0-event-handler] o.a.k.c.ReplicationControlManager        : [QuorumController id=0] CreateTopics result(s): CreatableTopic(name='ticket-events.DLT', numPartitions=1, replicationFactor=1, assignments=[], configs=[]): SUCCESS, CreatableTopic(name='ticket-events', numPartitions=1, replicationFactor=1, assignments=[], configs=[]): SUCCESS
2026-09-04T01:39:23.188+05:30  INFO 4014047 --- [backend] [0-event-handler] o.a.k.c.ReplicationControlManager        : [QuorumController id=0] Replayed TopicRecord for topic ticket-events.DLT with topic ID qV1P_iahTqyPcYNP68W1PA.
2026-09-04T01:39:23.197+05:30  INFO 4014047 --- [backend] [0-event-handler] o.a.k.c.ReplicationControlManager        : [QuorumController id=0] Replayed PartitionRecord for new partition ticket-events.DLT-0 with topic ID qV1P_iahTqyPcYNP68W1PA and PartitionRegistration(replicas=[0], directories=[mZvSUrT8DCBz1fSdFGWohw], isr=[0], removingReplicas=[], addingReplicas=[], elr=[], lastKnownElr=[], leader=0, leaderRecoveryState=RECOVERED, leaderEpoch=0, partitionEpoch=0).
2026-09-04T01:39:23.202+05:30  INFO 4014047 --- [backend] [0-event-handler] o.a.k.c.ReplicationControlManager        : [QuorumController id=0] Replayed TopicRecord for topic ticket-events with topic ID WMdp8a9QQ-yqtz1rJQMuRw.
2026-09-04T01:39:23.203+05:30  INFO 4014047 --- [backend] [0-event-handler] o.a.k.c.ReplicationControlManager        : [QuorumController id=0] Replayed PartitionRecord for new partition ticket-events-0 with topic ID WMdp8a9QQ-yqtz1rJQMuRw and PartitionRegistration(replicas=[0], directories=[mZvSUrT8DCBz1fSdFGWohw], isr=[0], removingReplicas=[], addingReplicas=[], elr=[], lastKnownElr=[], leader=0, leaderRecoveryState=RECOVERED, leaderEpoch=0, partitionEpoch=0).
2026-09-04T01:39:23.221+05:30  INFO 4014047 --- [backend] [r-event-handler] state.change.logger                      : [Broker id=0] Transitioning 2 partition(s) to local leaders.
2026-09-04T01:39:23.223+05:30  INFO 4014047 --- [backend] [r-event-handler] kafka.server.ReplicaFetcherManager       : [ReplicaFetcherManager on broker 0] Removed fetcher for partitions Set(ticket-events-0, ticket-events.DLT-0)
2026-09-04T01:39:23.228+05:30  INFO 4014047 --- [backend] [r-event-handler] state.change.logger                      : [Broker id=0] Creating new partition ticket-events-0 with topic id WMdp8a9QQ-yqtz1rJQMuRw.
2026-09-04T01:39:23.230+05:30  INFO 4014047 --- [backend] [           main] o.apache.kafka.common.metrics.Metrics    : Metrics scheduler closed
2026-09-04T01:39:23.230+05:30  INFO 4014047 --- [backend] [           main] o.apache.kafka.common.metrics.Metrics    : Closing reporter org.apache.kafka.common.metrics.JmxReporter
2026-09-04T01:39:23.231+05:30  INFO 4014047 --- [backend] [           main] o.apache.kafka.common.metrics.Metrics    : Metrics reporters closed
2026-09-04T01:39:23.232+05:30  INFO 4014047 --- [backend] [| adminclient-1] o.a.kafka.common.utils.AppInfoParser     : App info kafka.admin.client for adminclient-1 unregistered
2026-09-04T01:39:23.243+05:30  INFO 4014047 --- [backend] [| adminclient-1] o.apache.kafka.common.metrics.Metrics    : Metrics scheduler closed
2026-09-04T01:39:23.244+05:30  INFO 4014047 --- [backend] [| adminclient-1] o.apache.kafka.common.metrics.Metrics    : Closing reporter org.apache.kafka.common.metrics.JmxReporter
2026-09-04T01:39:23.244+05:30  INFO 4014047 --- [backend] [| adminclient-1] o.apache.kafka.common.metrics.Metrics    : Metrics reporters closed
2026-09-04T01:39:23.261+05:30  INFO 4014047 --- [backend] [r-event-handler] o.a.k.storage.internals.log.UnifiedLog   : [LogLoader partition=ticket-events-0, dir=/tmp/kafka-11414891430925667701/combined_0_0] Loading producer state till offset 0
2026-09-04T01:39:23.263+05:30  INFO 4014047 --- [backend] [           main] c.i.backend.TicketIntegrationTest        : Starting TicketIntegrationTest using Java 21.0.12 with PID 4014047 (started by sujit in /home/sujit/devlopment/Something New/intelli-support-ai/backend)
2026-09-04T01:39:23.266+05:30  INFO 4014047 --- [backend] [r-event-handler] kafka.log.LogManager                     : Created log for partition ticket-events-0 in /tmp/kafka-11414891430925667701/combined_0_0/ticket-events-0 with properties {}
2026-09-04T01:39:23.267+05:30  INFO 4014047 --- [backend] [           main] c.i.backend.TicketIntegrationTest        : No active profile set, falling back to 1 default profile: "default"
2026-09-04T01:39:23.271+05:30  INFO 4014047 --- [backend] [r-event-handler] kafka.cluster.Partition                  : [Partition ticket-events-0 broker=0] No checkpointed highwatermark is found for partition ticket-events-0
2026-09-04T01:39:23.273+05:30  INFO 4014047 --- [backend] [r-event-handler] kafka.cluster.Partition                  : [Partition ticket-events-0 broker=0] Log loaded for partition ticket-events-0 with initial high watermark 0
2026-09-04T01:39:23.287+05:30  INFO 4014047 --- [backend] [r-event-handler] state.change.logger                      : [Broker id=0] Leader ticket-events-0 with topic id Some(WMdp8a9QQ-yqtz1rJQMuRw) starts at leader epoch 0 from offset 0 with partition epoch 0, high watermark 0, ISR [0], adding replicas [] and removing replicas [] . Previous leader None and previous leader epoch was -1.
2026-09-04T01:39:23.292+05:30  INFO 4014047 --- [backend] [r-event-handler] state.change.logger                      : [Broker id=0] Creating new partition ticket-events.DLT-0 with topic id qV1P_iahTqyPcYNP68W1PA.
2026-09-04T01:39:23.298+05:30  INFO 4014047 --- [backend] [r-event-handler] o.a.k.storage.internals.log.UnifiedLog   : [LogLoader partition=ticket-events.DLT-0, dir=/tmp/kafka-11414891430925667701/combined_0_0] Loading producer state till offset 0
2026-09-04T01:39:23.299+05:30  INFO 4014047 --- [backend] [r-event-handler] kafka.log.LogManager                     : Created log for partition ticket-events.DLT-0 in /tmp/kafka-11414891430925667701/combined_0_0/ticket-events.DLT-0 with properties {}
2026-09-04T01:39:23.300+05:30  INFO 4014047 --- [backend] [r-event-handler] kafka.cluster.Partition                  : [Partition ticket-events.DLT-0 broker=0] No checkpointed highwatermark is found for partition ticket-events.DLT-0
2026-09-04T01:39:23.300+05:30  INFO 4014047 --- [backend] [r-event-handler] kafka.cluster.Partition                  : [Partition ticket-events.DLT-0 broker=0] Log loaded for partition ticket-events.DLT-0 with initial high watermark 0
2026-09-04T01:39:23.300+05:30  INFO 4014047 --- [backend] [r-event-handler] state.change.logger                      : [Broker id=0] Leader ticket-events.DLT-0 with topic id Some(qV1P_iahTqyPcYNP68W1PA) starts at leader epoch 0 from offset 0 with partition epoch 0, high watermark 0, ISR [0], adding replicas [] and removing replicas [] . Previous leader None and previous leader epoch was -1.
2026-09-04T01:39:24.848+05:30  INFO 4014047 --- [backend] [           main] .s.d.r.c.RepositoryConfigurationDelegate : Multiple Spring Data modules found, entering strict repository configuration mode
2026-09-04T01:39:24.850+05:30  INFO 4014047 --- [backend] [           main] .s.d.r.c.RepositoryConfigurationDelegate : Bootstrapping Spring Data JPA repositories in DEFAULT mode.
2026-09-04T01:39:25.004+05:30  INFO 4014047 --- [backend] [           main] .s.d.r.c.RepositoryConfigurationDelegate : Finished Spring Data repository scanning in 138 ms. Found 2 JPA repository interfaces.
2026-09-04T01:39:26.275+05:30  INFO 4014047 --- [backend] [           main] o.s.boot.tomcat.TomcatWebServer          : Tomcat initialized with port 0 (http)
2026-09-04T01:39:26.300+05:30  INFO 4014047 --- [backend] [           main] o.apache.catalina.core.StandardService   : Starting service [Tomcat]
2026-09-04T01:39:26.301+05:30  INFO 4014047 --- [backend] [           main] o.apache.catalina.core.StandardEngine    : Starting Servlet engine: [Apache Tomcat/11.0.22]
2026-09-04T01:39:26.382+05:30  INFO 4014047 --- [backend] [           main] b.w.c.s.WebApplicationContextInitializer : Root WebApplicationContext: initialization completed in 3075 ms
2026-09-04T01:39:26.992+05:30  INFO 4014047 --- [backend] [           main] org.hibernate.orm.jpa                    : HHH008540: Processing PersistenceUnitInfo [name: default]
2026-09-04T01:39:27.068+05:30  INFO 4014047 --- [backend] [           main] org.hibernate.orm.core                   : HHH000001: Hibernate ORM core version 7.4.1.Final
2026-09-04T01:39:27.521+05:30  INFO 4014047 --- [backend] [           main] o.s.o.j.p.SpringPersistenceUnitInfo      : No LoadTimeWeaver setup: ignoring JPA class transformer
2026-09-04T01:39:27.562+05:30  INFO 4014047 --- [backend] [           main] com.zaxxer.hikari.HikariDataSource       : HikariPool-1 - Starting...
2026-09-04T01:39:27.750+05:30  INFO 4014047 --- [backend] [           main] com.zaxxer.hikari.pool.HikariPool        : HikariPool-1 - Added connection conn0: url=jdbc:h2:mem:testdb user=SA
2026-09-04T01:39:27.752+05:30  INFO 4014047 --- [backend] [           main] com.zaxxer.hikari.HikariDataSource       : HikariPool-1 - Start completed.
2026-09-04T01:39:27.774+05:30  WARN 4014047 --- [backend] [           main] org.hibernate.orm.deprecation            : HHH90000025: H2Dialect does not need to be specified explicitly using 'hibernate.dialect' (remove the property setting and it will be selected by default)
2026-09-04T01:39:27.795+05:30  INFO 4014047 --- [backend] [           main] org.hibernate.orm.connections.pooling    : HHH10001005: Database info:
	Database JDBC URL [jdbc:h2:mem:testdb]
	Database driver: H2 JDBC Driver
	Database dialect: H2Dialect
	Database version: 2.4.240
	Default catalog/schema: TESTDB/PUBLIC
	Autocommit mode: undefined/unknown
	Isolation level: READ_COMMITTED [default READ_COMMITTED]
	JDBC fetch size: 100
	Pool: DataSourceConnectionProvider
	Minimum pool size: undefined/unknown
	Maximum pool size: undefined/unknown
2026-09-04T01:39:28.711+05:30  INFO 4014047 --- [backend] [           main] org.hibernate.orm.core                   : HHH000489: No JTA platform available (set 'hibernate.transaction.jta.platform' to enable JTA platform integration)
Hibernate: drop table if exists ticket cascade 
Hibernate: drop table if exists ticket_message cascade 
Hibernate: drop table if exists users cascade 
Hibernate: create table ticket (created_at timestamp(6), category varchar(255), description TEXT, id varchar(255) not null, severity varchar(255), status varchar(255), title varchar(255), username varchar(255), primary key (id))
Hibernate: create table ticket_message (created_at timestamp(6), id varchar(255) not null, message TEXT not null, sender_role varchar(255) not null, ticket_id varchar(255), primary key (id))
Hibernate: create table users (id varchar(255) not null, password varchar(255) not null, username varchar(255) not null unique, role enum ('ADMIN','USER') not null, primary key (id))
Hibernate: alter table if exists ticket_message add constraint FKmk0m6f9h58ho377ycgdocotwe foreign key (ticket_id) references ticket
2026-09-04T01:39:28.762+05:30  INFO 4014047 --- [backend] [           main] j.LocalContainerEntityManagerFactoryBean : Initialized JPA EntityManagerFactory for persistence unit 'default'
2026-09-04T01:39:28.897+05:30  INFO 4014047 --- [backend] [           main] o.s.d.j.r.query.QueryEnhancerFactories   : Hibernate is in classpath; If applicable, HQL parser will be used.
2026-09-04T01:39:29.701+05:30  WARN 4014047 --- [backend] [           main] JpaBaseConfiguration$JpaWebConfiguration : spring.jpa.open-in-view is enabled by default. Therefore, database queries may be performed during view rendering. Explicitly configure spring.jpa.open-in-view to disable this warning
2026-09-04T01:39:29.885+05:30  WARN 4014047 --- [backend] [           main] .s.a.UserDetailsServiceAutoConfiguration : 

Using generated security password: 737aab3e-5cdd-4503-a1f5-bc72c8db7280

This generated password is for development use only. Your security configuration must be updated before running your application in production.

2026-09-04T01:39:29.895+05:30  INFO 4014047 --- [backend] [           main] r$InitializeUserDetailsManagerConfigurer : Global AuthenticationManager configured with UserDetailsService bean with name inMemoryUserDetailsManager
2026-09-04T01:39:31.172+05:30  INFO 4014047 --- [backend] [           main] o.s.b.a.e.web.EndpointLinksResolver      : Exposing 3 endpoints beneath base path '/actuator'
2026-09-04T01:39:31.288+05:30  INFO 4014047 --- [backend] [           main] o.s.m.s.b.SimpleBrokerMessageHandler     : Starting...
2026-09-04T01:39:31.289+05:30  INFO 4014047 --- [backend] [           main] o.s.m.s.b.SimpleBrokerMessageHandler     : BrokerAvailabilityEvent[available=true, SimpleBrokerMessageHandler [org.springframework.messaging.simp.broker.DefaultSubscriptionRegistry@6629ce82]]
2026-09-04T01:39:31.290+05:30  INFO 4014047 --- [backend] [           main] o.s.m.s.b.SimpleBrokerMessageHandler     : Started.
2026-09-04T01:39:31.302+05:30  INFO 4014047 --- [backend] [           main] o.s.boot.tomcat.TomcatWebServer          : Tomcat started on port 37679 (http) with context path '/'
2026-09-04T01:39:31.332+05:30  INFO 4014047 --- [backend] [           main] o.a.kafka.common.config.AbstractConfig   : ConsumerConfig values: 
	allow.auto.create.topics = true
	auto.commit.interval.ms = 5000
	auto.offset.reset = latest
	bootstrap.servers = [localhost:35353]
	check.crcs = true
	client.dns.lookup = use_all_dns_ips
	client.id = consumer-ai-processing-group-1
	client.rack = 
	config.providers = []
	connections.max.idle.ms = 540000
	default.api.timeout.ms = 60000
	enable.auto.commit = false
	enable.metrics.push = true
	exclude.internal.topics = true
	fetch.max.bytes = 52428800
	fetch.max.wait.ms = 500
	fetch.min.bytes = 1
	group.id = ai-processing-group
	group.instance.id = null
	group.protocol = classic
	group.remote.assignor = null
	heartbeat.interval.ms = 3000
	interceptor.classes = []
	internal.throw.on.fetch.stable.offset.unsupported = false
	isolation.level = read_uncommitted
	key.deserializer = class org.apache.kafka.common.serialization.StringDeserializer
	max.partition.fetch.bytes = 1048576
	max.poll.interval.ms = 300000
	max.poll.records = 500
	metadata.max.age.ms = 300000
	metadata.recovery.rebootstrap.trigger.ms = 300000
	metadata.recovery.strategy = rebootstrap
	metric.reporters = [org.apache.kafka.common.metrics.JmxReporter]
	metrics.num.samples = 2
	metrics.recording.level = INFO
	metrics.sample.window.ms = 30000
	partition.assignment.strategy = [class org.apache.kafka.clients.consumer.RangeAssignor, class org.apache.kafka.clients.consumer.CooperativeStickyAssignor]
	receive.buffer.bytes = 65536
	reconnect.backoff.max.ms = 1000
	reconnect.backoff.ms = 50
	request.timeout.ms = 30000
	retry.backoff.max.ms = 1000
	retry.backoff.ms = 100
	sasl.client.callback.handler.class = null
	sasl.jaas.config = null
	sasl.kerberos.kinit.cmd = /usr/bin/kinit
	sasl.kerberos.min.time.before.relogin = 60000
	sasl.kerberos.service.name = null
	sasl.kerberos.ticket.renew.jitter = 0.05
	sasl.kerberos.ticket.renew.window.factor = 0.8
	sasl.login.callback.handler.class = null
	sasl.login.class = null
	sasl.login.connect.timeout.ms = null
	sasl.login.read.timeout.ms = null
	sasl.login.refresh.buffer.seconds = 300
	sasl.login.refresh.min.period.seconds = 60
	sasl.login.refresh.window.factor = 0.8
	sasl.login.refresh.window.jitter = 0.05
	sasl.login.retry.backoff.max.ms = 10000
	sasl.login.retry.backoff.ms = 100
	sasl.mechanism = GSSAPI
	sasl.oauthbearer.assertion.algorithm = RS256
	sasl.oauthbearer.assertion.claim.aud = null
	sasl.oauthbearer.assertion.claim.exp.seconds = 300
	sasl.oauthbearer.assertion.claim.iss = null
	sasl.oauthbearer.assertion.claim.jti.include = false
	sasl.oauthbearer.assertion.claim.nbf.seconds = 60
	sasl.oauthbearer.assertion.claim.sub = null
	sasl.oauthbearer.assertion.file = null
	sasl.oauthbearer.assertion.private.key.file = null
	sasl.oauthbearer.assertion.private.key.passphrase = null
	sasl.oauthbearer.assertion.template.file = null
	sasl.oauthbearer.client.credentials.client.id = null
	sasl.oauthbearer.client.credentials.client.secret = null
	sasl.oauthbearer.clock.skew.seconds = 30
	sasl.oauthbearer.expected.audience = []
	sasl.oauthbearer.expected.issuer = null
	sasl.oauthbearer.header.urlencode = false
	sasl.oauthbearer.jwks.endpoint.refresh.ms = 3600000
	sasl.oauthbearer.jwks.endpoint.retry.backoff.max.ms = 10000
	sasl.oauthbearer.jwks.endpoint.retry.backoff.ms = 100
	sasl.oauthbearer.jwks.endpoint.url = null
	sasl.oauthbearer.jwt.retriever.class = class org.apache.kafka.common.security.oauthbearer.DefaultJwtRetriever
	sasl.oauthbearer.jwt.validator.class = class org.apache.kafka.common.security.oauthbearer.DefaultJwtValidator
	sasl.oauthbearer.scope = null
	sasl.oauthbearer.scope.claim.name = scope
	sasl.oauthbearer.sub.claim.name = sub
	sasl.oauthbearer.token.endpoint.url = null
	security.protocol = PLAINTEXT
	security.providers = null
	send.buffer.bytes = 131072
	session.timeout.ms = 45000
	share.acknowledgement.mode = implicit
	share.acquire.mode = BATCH_OPTIMIZED
	socket.connection.setup.timeout.max.ms = 30000
	socket.connection.setup.timeout.ms = 10000
	ssl.cipher.suites = []
	ssl.enabled.protocols = [TLSv1.2, TLSv1.3]
	ssl.endpoint.identification.algorithm = https
	ssl.engine.factory.class = null
	ssl.key.password = null
	ssl.keymanager.algorithm = SunX509
	ssl.keystore.certificate.chain = null
	ssl.keystore.key = null
	ssl.keystore.location = null
	ssl.keystore.password = null
	ssl.keystore.type = JKS
	ssl.protocol = TLSv1.3
	ssl.provider = null
	ssl.secure.random.implementation = null
	ssl.trustmanager.algorithm = PKIX
	ssl.truststore.certificates = null
	ssl.truststore.location = null
	ssl.truststore.password = null
	ssl.truststore.type = JKS
	value.deserializer = class org.springframework.kafka.support.serializer.JsonDeserializer

2026-09-04T01:39:31.387+05:30  INFO 4014047 --- [backend] [           main] o.a.k.c.t.i.KafkaMetricsCollector        : initializing Kafka metrics collector
2026-09-04T01:39:31.451+05:30  INFO 4014047 --- [backend] [           main] o.a.kafka.common.utils.AppInfoParser     : Kafka version: 4.2.1
2026-09-04T01:39:31.451+05:30  INFO 4014047 --- [backend] [           main] o.a.kafka.common.utils.AppInfoParser     : Kafka commitId: 92f61c44867f39dc
2026-09-04T01:39:31.451+05:30  INFO 4014047 --- [backend] [           main] o.a.kafka.common.utils.AppInfoParser     : Kafka startTimeMs: 1788466171451
2026-09-04T01:39:31.453+05:30  INFO 4014047 --- [backend] [           main] o.a.k.c.c.i.ClassicKafkaConsumer         : [Consumer clientId=consumer-ai-processing-group-1, groupId=ai-processing-group] Subscribed to topic(s): ticket-events
2026-09-04T01:39:31.460+05:30  INFO 4014047 --- [backend] [           main] o.a.kafka.common.config.AbstractConfig   : ConsumerConfig values: 
	allow.auto.create.topics = true
	auto.commit.interval.ms = 5000
	auto.offset.reset = latest
	bootstrap.servers = [localhost:35353]
	check.crcs = true
	client.dns.lookup = use_all_dns_ips
	client.id = consumer-ai-processing-group-dlq-2
	client.rack = 
	config.providers = []
	connections.max.idle.ms = 540000
	default.api.timeout.ms = 60000
	enable.auto.commit = false
	enable.metrics.push = true
	exclude.internal.topics = true
	fetch.max.bytes = 52428800
	fetch.max.wait.ms = 500
	fetch.min.bytes = 1
	group.id = ai-processing-group-dlq
	group.instance.id = null
	group.protocol = classic
	group.remote.assignor = null
	heartbeat.interval.ms = 3000
	interceptor.classes = []
	internal.throw.on.fetch.stable.offset.unsupported = false
	isolation.level = read_uncommitted
	key.deserializer = class org.apache.kafka.common.serialization.StringDeserializer
	max.partition.fetch.bytes = 1048576
	max.poll.interval.ms = 300000
	max.poll.records = 500
	metadata.max.age.ms = 300000
	metadata.recovery.rebootstrap.trigger.ms = 300000
	metadata.recovery.strategy = rebootstrap
	metric.reporters = [org.apache.kafka.common.metrics.JmxReporter]
	metrics.num.samples = 2
	metrics.recording.level = INFO
	metrics.sample.window.ms = 30000
	partition.assignment.strategy = [class org.apache.kafka.clients.consumer.RangeAssignor, class org.apache.kafka.clients.consumer.CooperativeStickyAssignor]
	receive.buffer.bytes = 65536
	reconnect.backoff.max.ms = 1000
	reconnect.backoff.ms = 50
	request.timeout.ms = 30000
	retry.backoff.max.ms = 1000
	retry.backoff.ms = 100
	sasl.client.callback.handler.class = null
	sasl.jaas.config = null
	sasl.kerberos.kinit.cmd = /usr/bin/kinit
	sasl.kerberos.min.time.before.relogin = 60000
	sasl.kerberos.service.name = null
	sasl.kerberos.ticket.renew.jitter = 0.05
	sasl.kerberos.ticket.renew.window.factor = 0.8
	sasl.login.callback.handler.class = null
	sasl.login.class = null
	sasl.login.connect.timeout.ms = null
	sasl.login.read.timeout.ms = null
	sasl.login.refresh.buffer.seconds = 300
	sasl.login.refresh.min.period.seconds = 60
	sasl.login.refresh.window.factor = 0.8
	sasl.login.refresh.window.jitter = 0.05
	sasl.login.retry.backoff.max.ms = 10000
	sasl.login.retry.backoff.ms = 100
	sasl.mechanism = GSSAPI
	sasl.oauthbearer.assertion.algorithm = RS256
	sasl.oauthbearer.assertion.claim.aud = null
	sasl.oauthbearer.assertion.claim.exp.seconds = 300
	sasl.oauthbearer.assertion.claim.iss = null
	sasl.oauthbearer.assertion.claim.jti.include = false
	sasl.oauthbearer.assertion.claim.nbf.seconds = 60
	sasl.oauthbearer.assertion.claim.sub = null
	sasl.oauthbearer.assertion.file = null
	sasl.oauthbearer.assertion.private.key.file = null
	sasl.oauthbearer.assertion.private.key.passphrase = null
	sasl.oauthbearer.assertion.template.file = null
	sasl.oauthbearer.client.credentials.client.id = null
	sasl.oauthbearer.client.credentials.client.secret = null
	sasl.oauthbearer.clock.skew.seconds = 30
	sasl.oauthbearer.expected.audience = []
	sasl.oauthbearer.expected.issuer = null
	sasl.oauthbearer.header.urlencode = false
	sasl.oauthbearer.jwks.endpoint.refresh.ms = 3600000
	sasl.oauthbearer.jwks.endpoint.retry.backoff.max.ms = 10000
	sasl.oauthbearer.jwks.endpoint.retry.backoff.ms = 100
	sasl.oauthbearer.jwks.endpoint.url = null
	sasl.oauthbearer.jwt.retriever.class = class org.apache.kafka.common.security.oauthbearer.DefaultJwtRetriever
	sasl.oauthbearer.jwt.validator.class = class org.apache.kafka.common.security.oauthbearer.DefaultJwtValidator
	sasl.oauthbearer.scope = null
	sasl.oauthbearer.scope.claim.name = scope
	sasl.oauthbearer.sub.claim.name = sub
	sasl.oauthbearer.token.endpoint.url = null
	security.protocol = PLAINTEXT
	security.providers = null
	send.buffer.bytes = 131072
	session.timeout.ms = 45000
	share.acknowledgement.mode = implicit
	share.acquire.mode = BATCH_OPTIMIZED
	socket.connection.setup.timeout.max.ms = 30000
	socket.connection.setup.timeout.ms = 10000
	ssl.cipher.suites = []
	ssl.enabled.protocols = [TLSv1.2, TLSv1.3]
	ssl.endpoint.identification.algorithm = https
	ssl.engine.factory.class = null
	ssl.key.password = null
	ssl.keymanager.algorithm = SunX509
	ssl.keystore.certificate.chain = null
	ssl.keystore.key = null
	ssl.keystore.location = null
	ssl.keystore.password = null
	ssl.keystore.type = JKS
	ssl.protocol = TLSv1.3
	ssl.provider = null
	ssl.secure.random.implementation = null
	ssl.trustmanager.algorithm = PKIX
	ssl.truststore.certificates = null
	ssl.truststore.location = null
	ssl.truststore.password = null
	ssl.truststore.type = JKS
	value.deserializer = class org.springframework.kafka.support.serializer.JsonDeserializer

2026-09-04T01:39:31.460+05:30  INFO 4014047 --- [backend] [           main] o.a.k.c.t.i.KafkaMetricsCollector        : initializing Kafka metrics collector
2026-09-04T01:39:31.469+05:30  INFO 4014047 --- [backend] [           main] o.a.kafka.common.utils.AppInfoParser     : Kafka version: 4.2.1
2026-09-04T01:39:31.469+05:30  INFO 4014047 --- [backend] [           main] o.a.kafka.common.utils.AppInfoParser     : Kafka commitId: 92f61c44867f39dc
2026-09-04T01:39:31.469+05:30  INFO 4014047 --- [backend] [           main] o.a.kafka.common.utils.AppInfoParser     : Kafka startTimeMs: 1788466171469
2026-09-04T01:39:31.470+05:30  INFO 4014047 --- [backend] [           main] o.a.k.c.c.i.ClassicKafkaConsumer         : [Consumer clientId=consumer-ai-processing-group-dlq-2, groupId=ai-processing-group-dlq] Subscribed to topic(s): ticket-events.DLT
2026-09-04T01:39:31.482+05:30  INFO 4014047 --- [backend] [ntainer#1-0-C-1] org.apache.kafka.clients.Metadata        : [Consumer clientId=consumer-ai-processing-group-dlq-2, groupId=ai-processing-group-dlq] Cluster ID: QeqzzTMuTVCj7aq_VFA6hw
2026-09-04T01:39:31.482+05:30  INFO 4014047 --- [backend] [ntainer#0-0-C-1] org.apache.kafka.clients.Metadata        : [Consumer clientId=consumer-ai-processing-group-1, groupId=ai-processing-group] Cluster ID: QeqzzTMuTVCj7aq_VFA6hw
2026-09-04T01:39:31.482+05:30  INFO 4014047 --- [backend] [quest-handler-4] k.s.DefaultAutoTopicCreationManager      : Sent auto-creation request for Set(__consumer_offsets) to the active controller.
2026-09-04T01:39:31.487+05:30  INFO 4014047 --- [backend] [           main] c.i.backend.TicketIntegrationTest        : Started TicketIntegrationTest in 10.585 seconds (process running for 12.527)
2026-09-04T01:39:31.487+05:30  INFO 4014047 --- [backend] [0-event-handler] o.a.k.c.ReplicationControlManager        : [QuorumController id=0] CreateTopics result(s): CreatableTopic(name='__consumer_offsets', numPartitions=50, replicationFactor=1, assignments=[], configs=[CreatableTopicConfig(name='compression.type', value='producer'), CreatableTopicConfig(name='cleanup.policy', value='compact'), CreatableTopicConfig(name='segment.bytes', value='104857600')]): SUCCESS
2026-09-04T01:39:31.489+05:30  INFO 4014047 --- [backend] [0-event-handler] o.a.k.c.ReplicationControlManager        : [QuorumController id=0] Replayed TopicRecord for topic __consumer_offsets with topic ID C0GqzP2lSK2t9WTM09pjog.
2026-09-04T01:39:31.489+05:30  INFO 4014047 --- [backend] [0-event-handler] o.a.k.c.ConfigurationControlManager      : [QuorumController id=0] Replayed ConfigRecord for ConfigResource(type=TOPIC, name='__consumer_offsets') which set configuration compression.type to producer
2026-09-04T01:39:31.489+05:30  INFO 4014047 --- [backend] [0-event-handler] o.a.k.c.ConfigurationControlManager      : [QuorumController id=0] Replayed ConfigRecord for ConfigResource(type=TOPIC, name='__consumer_offsets') which set configuration cleanup.policy to compact
2026-09-04T01:39:31.489+05:30  INFO 4014047 --- [backend] [0-event-handler] o.a.k.c.ConfigurationControlManager      : [QuorumController id=0] Replayed ConfigRecord for ConfigResource(type=TOPIC, name='__consumer_offsets') which set configuration segment.bytes to 104857600
2026-09-04T01:39:31.490+05:30  INFO 4014047 --- [backend] [0-event-handler] o.a.k.c.ReplicationControlManager        : [QuorumController id=0] Replayed PartitionRecord for new partition __consumer_offsets-0 with topic ID C0GqzP2lSK2t9WTM09pjog and PartitionRegistration(replicas=[0], directories=[mZvSUrT8DCBz1fSdFGWohw], isr=[0], removingReplicas=[], addingReplicas=[], elr=[], lastKnownElr=[], leader=0, leaderRecoveryState=RECOVERED, leaderEpoch=0, partitionEpoch=0).
2026-09-04T01:39:31.490+05:30  INFO 4014047 --- [backend] [0-event-handler] o.a.k.c.ReplicationControlManager        : [QuorumController id=0] Replayed PartitionRecord for new partition __consumer_offsets-1 with topic ID C0GqzP2lSK2t9WTM09pjog and PartitionRegistration(replicas=[0], directories=[mZvSUrT8DCBz1fSdFGWohw], isr=[0], removingReplicas=[], addingReplicas=[], elr=[], lastKnownElr=[], leader=0, leaderRecoveryState=RECOVERED, leaderEpoch=0, partitionEpoch=0).
2026-09-04T01:39:31.491+05:30  INFO 4014047 --- [backend] [0-event-handler] o.a.k.c.ReplicationControlManager        : [QuorumController id=0] Replayed PartitionRecord for new partition __consumer_offsets-2 with topic ID C0GqzP2lSK2t9WTM09pjog and PartitionRegistration(replicas=[0], directories=[mZvSUrT8DCBz1fSdFGWohw], isr=[0], removingReplicas=[], addingReplicas=[], elr=[], lastKnownElr=[], leader=0, leaderRecoveryState=RECOVERED, leaderEpoch=0, partitionEpoch=0).
2026-09-04T01:39:31.491+05:30  INFO 4014047 --- [backend] [0-event-handler] o.a.k.c.ReplicationControlManager        : [QuorumController id=0] Replayed PartitionRecord for new partition __consumer_offsets-3 with topic ID C0GqzP2lSK2t9WTM09pjog and PartitionRegistration(replicas=[0], directories=[mZvSUrT8DCBz1fSdFGWohw], isr=[0], removingReplicas=[], addingReplicas=[], elr=[], lastKnownElr=[], leader=0, leaderRecoveryState=RECOVERED, leaderEpoch=0, partitionEpoch=0).
2026-09-04T01:39:31.491+05:30  INFO 4014047 --- [backend] [0-event-handler] o.a.k.c.ReplicationControlManager        : [QuorumController id=0] Replayed PartitionRecord for new partition __consumer_offsets-4 with topic ID C0GqzP2lSK2t9WTM09pjog and PartitionRegistration(replicas=[0], directories=[mZvSUrT8DCBz1fSdFGWohw], isr=[0], removingReplicas=[], addingReplicas=[], elr=[], lastKnownElr=[], leader=0, leaderRecoveryState=RECOVERED, leaderEpoch=0, partitionEpoch=0).
2026-09-04T01:39:31.491+05:30  INFO 4014047 --- [backend] [0-event-handler] o.a.k.c.ReplicationControlManager        : [QuorumController id=0] Replayed PartitionRecord for new partition __consumer_offsets-5 with topic ID C0GqzP2lSK2t9WTM09pjog and PartitionRegistration(replicas=[0], directories=[mZvSUrT8DCBz1fSdFGWohw], isr=[0], removingReplicas=[], addingReplicas=[], elr=[], lastKnownElr=[], leader=0, leaderRecoveryState=RECOVERED, leaderEpoch=0, partitionEpoch=0).
2026-09-04T01:39:31.492+05:30  INFO 4014047 --- [backend] [0-event-handler] o.a.k.c.ReplicationControlManager        : [QuorumController id=0] Replayed PartitionRecord for new partition __consumer_offsets-6 with topic ID C0GqzP2lSK2t9WTM09pjog and PartitionRegistration(replicas=[0], directories=[mZvSUrT8DCBz1fSdFGWohw], isr=[0], removingReplicas=[], addingReplicas=[], elr=[], lastKnownElr=[], leader=0, leaderRecoveryState=RECOVERED, leaderEpoch=0, partitionEpoch=0).
2026-09-04T01:39:31.492+05:30  INFO 4014047 --- [backend] [0-event-handler] o.a.k.c.ReplicationControlManager        : [QuorumController id=0] Replayed PartitionRecord for new partition __consumer_offsets-7 with topic ID C0GqzP2lSK2t9WTM09pjog and PartitionRegistration(replicas=[0], directories=[mZvSUrT8DCBz1fSdFGWohw], isr=[0], removingReplicas=[], addingReplicas=[], elr=[], lastKnownElr=[], leader=0, leaderRecoveryState=RECOVERED, leaderEpoch=0, partitionEpoch=0).
2026-09-04T01:39:31.492+05:30  INFO 4014047 --- [backend] [0-event-handler] o.a.k.c.ReplicationControlManager        : [QuorumController id=0] Replayed PartitionRecord for new partition __consumer_offsets-8 with topic ID C0GqzP2lSK2t9WTM09pjog and PartitionRegistration(replicas=[0], directories=[mZvSUrT8DCBz1fSdFGWohw], isr=[0], removingReplicas=[], addingReplicas=[], elr=[], lastKnownElr=[], leader=0, leaderRecoveryState=RECOVERED, leaderEpoch=0, partitionEpoch=0).
2026-09-04T01:39:31.493+05:30  INFO 4014047 --- [backend] [0-event-handler] o.a.k.c.ReplicationControlManager        : [QuorumController id=0] Replayed PartitionRecord for new partition __consumer_offsets-9 with topic ID C0GqzP2lSK2t9WTM09pjog and PartitionRegistration(replicas=[0], directories=[mZvSUrT8DCBz1fSdFGWohw], isr=[0], removingReplicas=[], addingReplicas=[], elr=[], lastKnownElr=[], leader=0, leaderRecoveryState=RECOVERED, leaderEpoch=0, partitionEpoch=0).
2026-09-04T01:39:31.493+05:30  INFO 4014047 --- [backend] [0-event-handler] o.a.k.c.ReplicationControlManager        : [QuorumController id=0] Replayed PartitionRecord for new partition __consumer_offsets-10 with topic ID C0GqzP2lSK2t9WTM09pjog and PartitionRegistration(replicas=[0], directories=[mZvSUrT8DCBz1fSdFGWohw], isr=[0], removingReplicas=[], addingReplicas=[], elr=[], lastKnownElr=[], leader=0, leaderRecoveryState=RECOVERED, leaderEpoch=0, partitionEpoch=0).
2026-09-04T01:39:31.493+05:30  INFO 4014047 --- [backend] [0-event-handler] o.a.k.c.ReplicationControlManager        : [QuorumController id=0] Replayed PartitionRecord for new partition __consumer_offsets-11 with topic ID C0GqzP2lSK2t9WTM09pjog and PartitionRegistration(replicas=[0], directories=[mZvSUrT8DCBz1fSdFGWohw], isr=[0], removingReplicas=[], addingReplicas=[], elr=[], lastKnownElr=[], leader=0, leaderRecoveryState=RECOVERED, leaderEpoch=0, partitionEpoch=0).
2026-09-04T01:39:31.494+05:30  INFO 4014047 --- [backend] [0-event-handler] o.a.k.c.ReplicationControlManager        : [QuorumController id=0] Replayed PartitionRecord for new partition __consumer_offsets-12 with topic ID C0GqzP2lSK2t9WTM09pjog and PartitionRegistration(replicas=[0], directories=[mZvSUrT8DCBz1fSdFGWohw], isr=[0], removingReplicas=[], addingReplicas=[], elr=[], lastKnownElr=[], leader=0, leaderRecoveryState=RECOVERED, leaderEpoch=0, partitionEpoch=0).
2026-09-04T01:39:31.494+05:30  INFO 4014047 --- [backend] [0-event-handler] o.a.k.c.ReplicationControlManager        : [QuorumController id=0] Replayed PartitionRecord for new partition __consumer_offsets-13 with topic ID C0GqzP2lSK2t9WTM09pjog and PartitionRegistration(replicas=[0], directories=[mZvSUrT8DCBz1fSdFGWohw], isr=[0], removingReplicas=[], addingReplicas=[], elr=[], lastKnownElr=[], leader=0, leaderRecoveryState=RECOVERED, leaderEpoch=0, partitionEpoch=0).
2026-09-04T01:39:31.494+05:30  INFO 4014047 --- [backend] [0-event-handler] o.a.k.c.ReplicationControlManager        : [QuorumController id=0] Replayed PartitionRecord for new partition __consumer_offsets-14 with topic ID C0GqzP2lSK2t9WTM09pjog and PartitionRegistration(replicas=[0], directories=[mZvSUrT8DCBz1fSdFGWohw], isr=[0], removingReplicas=[], addingReplicas=[], elr=[], lastKnownElr=[], leader=0, leaderRecoveryState=RECOVERED, leaderEpoch=0, partitionEpoch=0).
2026-09-04T01:39:31.494+05:30  INFO 4014047 --- [backend] [0-event-handler] o.a.k.c.ReplicationControlManager        : [QuorumController id=0] Replayed PartitionRecord for new partition __consumer_offsets-15 with topic ID C0GqzP2lSK2t9WTM09pjog and PartitionRegistration(replicas=[0], directories=[mZvSUrT8DCBz1fSdFGWohw], isr=[0], removingReplicas=[], addingReplicas=[], elr=[], lastKnownElr=[], leader=0, leaderRecoveryState=RECOVERED, leaderEpoch=0, partitionEpoch=0).
2026-09-04T01:39:31.495+05:30  INFO 4014047 --- [backend] [0-event-handler] o.a.k.c.ReplicationControlManager        : [QuorumController id=0] Replayed PartitionRecord for new partition __consumer_offsets-16 with topic ID C0GqzP2lSK2t9WTM09pjog and PartitionRegistration(replicas=[0], directories=[mZvSUrT8DCBz1fSdFGWohw], isr=[0], removingReplicas=[], addingReplicas=[], elr=[], lastKnownElr=[], leader=0, leaderRecoveryState=RECOVERED, leaderEpoch=0, partitionEpoch=0).
2026-09-04T01:39:31.495+05:30  INFO 4014047 --- [backend] [0-event-handler] o.a.k.c.ReplicationControlManager        : [QuorumController id=0] Replayed PartitionRecord for new partition __consumer_offsets-17 with topic ID C0GqzP2lSK2t9WTM09pjog and PartitionRegistration(replicas=[0], directories=[mZvSUrT8DCBz1fSdFGWohw], isr=[0], removingReplicas=[], addingReplicas=[], elr=[], lastKnownElr=[], leader=0, leaderRecoveryState=RECOVERED, leaderEpoch=0, partitionEpoch=0).
2026-09-04T01:39:31.495+05:30  INFO 4014047 --- [backend] [0-event-handler] o.a.k.c.ReplicationControlManager        : [QuorumController id=0] Replayed PartitionRecord for new partition __consumer_offsets-18 with topic ID C0GqzP2lSK2t9WTM09pjog and PartitionRegistration(replicas=[0], directories=[mZvSUrT8DCBz1fSdFGWohw], isr=[0], removingReplicas=[], addingReplicas=[], elr=[], lastKnownElr=[], leader=0, leaderRecoveryState=RECOVERED, leaderEpoch=0, partitionEpoch=0).
2026-09-04T01:39:31.495+05:30  INFO 4014047 --- [backend] [0-event-handler] o.a.k.c.ReplicationControlManager        : [QuorumController id=0] Replayed PartitionRecord for new partition __consumer_offsets-19 with topic ID C0GqzP2lSK2t9WTM09pjog and PartitionRegistration(replicas=[0], directories=[mZvSUrT8DCBz1fSdFGWohw], isr=[0], removingReplicas=[], addingReplicas=[], elr=[], lastKnownElr=[], leader=0, leaderRecoveryState=RECOVERED, leaderEpoch=0, partitionEpoch=0).
2026-09-04T01:39:31.496+05:30  INFO 4014047 --- [backend] [0-event-handler] o.a.k.c.ReplicationControlManager        : [QuorumController id=0] Replayed PartitionRecord for new partition __consumer_offsets-20 with topic ID C0GqzP2lSK2t9WTM09pjog and PartitionRegistration(replicas=[0], directories=[mZvSUrT8DCBz1fSdFGWohw], isr=[0], removingReplicas=[], addingReplicas=[], elr=[], lastKnownElr=[], leader=0, leaderRecoveryState=RECOVERED, leaderEpoch=0, partitionEpoch=0).
2026-09-04T01:39:31.496+05:30  INFO 4014047 --- [backend] [0-event-handler] o.a.k.c.ReplicationControlManager        : [QuorumController id=0] Replayed PartitionRecord for new partition __consumer_offsets-21 with topic ID C0GqzP2lSK2t9WTM09pjog and PartitionRegistration(replicas=[0], directories=[mZvSUrT8DCBz1fSdFGWohw], isr=[0], removingReplicas=[], addingReplicas=[], elr=[], lastKnownElr=[], leader=0, leaderRecoveryState=RECOVERED, leaderEpoch=0, partitionEpoch=0).
2026-09-04T01:39:31.496+05:30  INFO 4014047 --- [backend] [0-event-handler] o.a.k.c.ReplicationControlManager        : [QuorumController id=0] Replayed PartitionRecord for new partition __consumer_offsets-22 with topic ID C0GqzP2lSK2t9WTM09pjog and PartitionRegistration(replicas=[0], directories=[mZvSUrT8DCBz1fSdFGWohw], isr=[0], removingReplicas=[], addingReplicas=[], elr=[], lastKnownElr=[], leader=0, leaderRecoveryState=RECOVERED, leaderEpoch=0, partitionEpoch=0).
2026-09-04T01:39:31.496+05:30  INFO 4014047 --- [backend] [0-event-handler] o.a.k.c.ReplicationControlManager        : [QuorumController id=0] Replayed PartitionRecord for new partition __consumer_offsets-23 with topic ID C0GqzP2lSK2t9WTM09pjog and PartitionRegistration(replicas=[0], directories=[mZvSUrT8DCBz1fSdFGWohw], isr=[0], removingReplicas=[], addingReplicas=[], elr=[], lastKnownElr=[], leader=0, leaderRecoveryState=RECOVERED, leaderEpoch=0, partitionEpoch=0).
2026-09-04T01:39:31.497+05:30  INFO 4014047 --- [backend] [0-event-handler] o.a.k.c.ReplicationControlManager        : [QuorumController id=0] Replayed PartitionRecord for new partition __consumer_offsets-24 with topic ID C0GqzP2lSK2t9WTM09pjog and PartitionRegistration(replicas=[0], directories=[mZvSUrT8DCBz1fSdFGWohw], isr=[0], removingReplicas=[], addingReplicas=[], elr=[], lastKnownElr=[], leader=0, leaderRecoveryState=RECOVERED, leaderEpoch=0, partitionEpoch=0).
2026-09-04T01:39:31.497+05:30  INFO 4014047 --- [backend] [0-event-handler] o.a.k.c.ReplicationControlManager        : [QuorumController id=0] Replayed PartitionRecord for new partition __consumer_offsets-25 with topic ID C0GqzP2lSK2t9WTM09pjog and PartitionRegistration(replicas=[0], directories=[mZvSUrT8DCBz1fSdFGWohw], isr=[0], removingReplicas=[], addingReplicas=[], elr=[], lastKnownElr=[], leader=0, leaderRecoveryState=RECOVERED, leaderEpoch=0, partitionEpoch=0).
2026-09-04T01:39:31.497+05:30  INFO 4014047 --- [backend] [0-event-handler] o.a.k.c.ReplicationControlManager        : [QuorumController id=0] Replayed PartitionRecord for new partition __consumer_offsets-26 with topic ID C0GqzP2lSK2t9WTM09pjog and PartitionRegistration(replicas=[0], directories=[mZvSUrT8DCBz1fSdFGWohw], isr=[0], removingReplicas=[], addingReplicas=[], elr=[], lastKnownElr=[], leader=0, leaderRecoveryState=RECOVERED, leaderEpoch=0, partitionEpoch=0).
2026-09-04T01:39:31.497+05:30  INFO 4014047 --- [backend] [0-event-handler] o.a.k.c.ReplicationControlManager        : [QuorumController id=0] Replayed PartitionRecord for new partition __consumer_offsets-27 with topic ID C0GqzP2lSK2t9WTM09pjog and PartitionRegistration(replicas=[0], directories=[mZvSUrT8DCBz1fSdFGWohw], isr=[0], removingReplicas=[], addingReplicas=[], elr=[], lastKnownElr=[], leader=0, leaderRecoveryState=RECOVERED, leaderEpoch=0, partitionEpoch=0).
2026-09-04T01:39:31.498+05:30  INFO 4014047 --- [backend] [0-event-handler] o.a.k.c.ReplicationControlManager        : [QuorumController id=0] Replayed PartitionRecord for new partition __consumer_offsets-28 with topic ID C0GqzP2lSK2t9WTM09pjog and PartitionRegistration(replicas=[0], directories=[mZvSUrT8DCBz1fSdFGWohw], isr=[0], removingReplicas=[], addingReplicas=[], elr=[], lastKnownElr=[], leader=0, leaderRecoveryState=RECOVERED, leaderEpoch=0, partitionEpoch=0).
2026-09-04T01:39:31.498+05:30  INFO 4014047 --- [backend] [0-event-handler] o.a.k.c.ReplicationControlManager        : [QuorumController id=0] Replayed PartitionRecord for new partition __consumer_offsets-29 with topic ID C0GqzP2lSK2t9WTM09pjog and PartitionRegistration(replicas=[0], directories=[mZvSUrT8DCBz1fSdFGWohw], isr=[0], removingReplicas=[], addingReplicas=[], elr=[], lastKnownElr=[], leader=0, leaderRecoveryState=RECOVERED, leaderEpoch=0, partitionEpoch=0).
2026-09-04T01:39:31.498+05:30  INFO 4014047 --- [backend] [0-event-handler] o.a.k.c.ReplicationControlManager        : [QuorumController id=0] Replayed PartitionRecord for new partition __consumer_offsets-30 with topic ID C0GqzP2lSK2t9WTM09pjog and PartitionRegistration(replicas=[0], directories=[mZvSUrT8DCBz1fSdFGWohw], isr=[0], removingReplicas=[], addingReplicas=[], elr=[], lastKnownElr=[], leader=0, leaderRecoveryState=RECOVERED, leaderEpoch=0, partitionEpoch=0).
2026-09-04T01:39:31.498+05:30  INFO 4014047 --- [backend] [0-event-handler] o.a.k.c.ReplicationControlManager        : [QuorumController id=0] Replayed PartitionRecord for new partition __consumer_offsets-31 with topic ID C0GqzP2lSK2t9WTM09pjog and PartitionRegistration(replicas=[0], directories=[mZvSUrT8DCBz1fSdFGWohw], isr=[0], removingReplicas=[], addingReplicas=[], elr=[], lastKnownElr=[], leader=0, leaderRecoveryState=RECOVERED, leaderEpoch=0, partitionEpoch=0).
2026-09-04T01:39:31.499+05:30  INFO 4014047 --- [backend] [0-event-handler] o.a.k.c.ReplicationControlManager        : [QuorumController id=0] Replayed PartitionRecord for new partition __consumer_offsets-32 with topic ID C0GqzP2lSK2t9WTM09pjog and PartitionRegistration(replicas=[0], directories=[mZvSUrT8DCBz1fSdFGWohw], isr=[0], removingReplicas=[], addingReplicas=[], elr=[], lastKnownElr=[], leader=0, leaderRecoveryState=RECOVERED, leaderEpoch=0, partitionEpoch=0).
2026-09-04T01:39:31.499+05:30  INFO 4014047 --- [backend] [0-event-handler] o.a.k.c.ReplicationControlManager        : [QuorumController id=0] Replayed PartitionRecord for new partition __consumer_offsets-33 with topic ID C0GqzP2lSK2t9WTM09pjog and PartitionRegistration(replicas=[0], directories=[mZvSUrT8DCBz1fSdFGWohw], isr=[0], removingReplicas=[], addingReplicas=[], elr=[], lastKnownElr=[], leader=0, leaderRecoveryState=RECOVERED, leaderEpoch=0, partitionEpoch=0).
2026-09-04T01:39:31.499+05:30  INFO 4014047 --- [backend] [0-event-handler] o.a.k.c.ReplicationControlManager        : [QuorumController id=0] Replayed PartitionRecord for new partition __consumer_offsets-34 with topic ID C0GqzP2lSK2t9WTM09pjog and PartitionRegistration(replicas=[0], directories=[mZvSUrT8DCBz1fSdFGWohw], isr=[0], removingReplicas=[], addingReplicas=[], elr=[], lastKnownElr=[], leader=0, leaderRecoveryState=RECOVERED, leaderEpoch=0, partitionEpoch=0).
2026-09-04T01:39:31.499+05:30  INFO 4014047 --- [backend] [0-event-handler] o.a.k.c.ReplicationControlManager        : [QuorumController id=0] Replayed PartitionRecord for new partition __consumer_offsets-35 with topic ID C0GqzP2lSK2t9WTM09pjog and PartitionRegistration(replicas=[0], directories=[mZvSUrT8DCBz1fSdFGWohw], isr=[0], removingReplicas=[], addingReplicas=[], elr=[], lastKnownElr=[], leader=0, leaderRecoveryState=RECOVERED, leaderEpoch=0, partitionEpoch=0).
2026-09-04T01:39:31.500+05:30  INFO 4014047 --- [backend] [0-event-handler] o.a.k.c.ReplicationControlManager        : [QuorumController id=0] Replayed PartitionRecord for new partition __consumer_offsets-36 with topic ID C0GqzP2lSK2t9WTM09pjog and PartitionRegistration(replicas=[0], directories=[mZvSUrT8DCBz1fSdFGWohw], isr=[0], removingReplicas=[], addingReplicas=[], elr=[], lastKnownElr=[], leader=0, leaderRecoveryState=RECOVERED, leaderEpoch=0, partitionEpoch=0).
2026-09-04T01:39:31.500+05:30  INFO 4014047 --- [backend] [0-event-handler] o.a.k.c.ReplicationControlManager        : [QuorumController id=0] Replayed PartitionRecord for new partition __consumer_offsets-37 with topic ID C0GqzP2lSK2t9WTM09pjog and PartitionRegistration(replicas=[0], directories=[mZvSUrT8DCBz1fSdFGWohw], isr=[0], removingReplicas=[], addingReplicas=[], elr=[], lastKnownElr=[], leader=0, leaderRecoveryState=RECOVERED, leaderEpoch=0, partitionEpoch=0).
2026-09-04T01:39:31.500+05:30  INFO 4014047 --- [backend] [0-event-handler] o.a.k.c.ReplicationControlManager        : [QuorumController id=0] Replayed PartitionRecord for new partition __consumer_offsets-38 with topic ID C0GqzP2lSK2t9WTM09pjog and PartitionRegistration(replicas=[0], directories=[mZvSUrT8DCBz1fSdFGWohw], isr=[0], removingReplicas=[], addingReplicas=[], elr=[], lastKnownElr=[], leader=0, leaderRecoveryState=RECOVERED, leaderEpoch=0, partitionEpoch=0).
2026-09-04T01:39:31.501+05:30  INFO 4014047 --- [backend] [0-event-handler] o.a.k.c.ReplicationControlManager        : [QuorumController id=0] Replayed PartitionRecord for new partition __consumer_offsets-39 with topic ID C0GqzP2lSK2t9WTM09pjog and PartitionRegistration(replicas=[0], directories=[mZvSUrT8DCBz1fSdFGWohw], isr=[0], removingReplicas=[], addingReplicas=[], elr=[], lastKnownElr=[], leader=0, leaderRecoveryState=RECOVERED, leaderEpoch=0, partitionEpoch=0).
2026-09-04T01:39:31.501+05:30  INFO 4014047 --- [backend] [0-event-handler] o.a.k.c.ReplicationControlManager        : [QuorumController id=0] Replayed PartitionRecord for new partition __consumer_offsets-40 with topic ID C0GqzP2lSK2t9WTM09pjog and PartitionRegistration(replicas=[0], directories=[mZvSUrT8DCBz1fSdFGWohw], isr=[0], removingReplicas=[], addingReplicas=[], elr=[], lastKnownElr=[], leader=0, leaderRecoveryState=RECOVERED, leaderEpoch=0, partitionEpoch=0).
2026-09-04T01:39:31.501+05:30  INFO 4014047 --- [backend] [0-event-handler] o.a.k.c.ReplicationControlManager        : [QuorumController id=0] Replayed PartitionRecord for new partition __consumer_offsets-41 with topic ID C0GqzP2lSK2t9WTM09pjog and PartitionRegistration(replicas=[0], directories=[mZvSUrT8DCBz1fSdFGWohw], isr=[0], removingReplicas=[], addingReplicas=[], elr=[], lastKnownElr=[], leader=0, leaderRecoveryState=RECOVERED, leaderEpoch=0, partitionEpoch=0).
2026-09-04T01:39:31.502+05:30  INFO 4014047 --- [backend] [0-event-handler] o.a.k.c.ReplicationControlManager        : [QuorumController id=0] Replayed PartitionRecord for new partition __consumer_offsets-42 with topic ID C0GqzP2lSK2t9WTM09pjog and PartitionRegistration(replicas=[0], directories=[mZvSUrT8DCBz1fSdFGWohw], isr=[0], removingReplicas=[], addingReplicas=[], elr=[], lastKnownElr=[], leader=0, leaderRecoveryState=RECOVERED, leaderEpoch=0, partitionEpoch=0).
2026-09-04T01:39:31.502+05:30  INFO 4014047 --- [backend] [0-event-handler] o.a.k.c.ReplicationControlManager        : [QuorumController id=0] Replayed PartitionRecord for new partition __consumer_offsets-43 with topic ID C0GqzP2lSK2t9WTM09pjog and PartitionRegistration(replicas=[0], directories=[mZvSUrT8DCBz1fSdFGWohw], isr=[0], removingReplicas=[], addingReplicas=[], elr=[], lastKnownElr=[], leader=0, leaderRecoveryState=RECOVERED, leaderEpoch=0, partitionEpoch=0).
2026-09-04T01:39:31.502+05:30  INFO 4014047 --- [backend] [0-event-handler] o.a.k.c.ReplicationControlManager        : [QuorumController id=0] Replayed PartitionRecord for new partition __consumer_offsets-44 with topic ID C0GqzP2lSK2t9WTM09pjog and PartitionRegistration(replicas=[0], directories=[mZvSUrT8DCBz1fSdFGWohw], isr=[0], removingReplicas=[], addingReplicas=[], elr=[], lastKnownElr=[], leader=0, leaderRecoveryState=RECOVERED, leaderEpoch=0, partitionEpoch=0).
2026-09-04T01:39:31.502+05:30  INFO 4014047 --- [backend] [0-event-handler] o.a.k.c.ReplicationControlManager        : [QuorumController id=0] Replayed PartitionRecord for new partition __consumer_offsets-45 with topic ID C0GqzP2lSK2t9WTM09pjog and PartitionRegistration(replicas=[0], directories=[mZvSUrT8DCBz1fSdFGWohw], isr=[0], removingReplicas=[], addingReplicas=[], elr=[], lastKnownElr=[], leader=0, leaderRecoveryState=RECOVERED, leaderEpoch=0, partitionEpoch=0).
2026-09-04T01:39:31.503+05:30  INFO 4014047 --- [backend] [0-event-handler] o.a.k.c.ReplicationControlManager        : [QuorumController id=0] Replayed PartitionRecord for new partition __consumer_offsets-46 with topic ID C0GqzP2lSK2t9WTM09pjog and PartitionRegistration(replicas=[0], directories=[mZvSUrT8DCBz1fSdFGWohw], isr=[0], removingReplicas=[], addingReplicas=[], elr=[], lastKnownElr=[], leader=0, leaderRecoveryState=RECOVERED, leaderEpoch=0, partitionEpoch=0).
2026-09-04T01:39:31.503+05:30  INFO 4014047 --- [backend] [0-event-handler] o.a.k.c.ReplicationControlManager        : [QuorumController id=0] Replayed PartitionRecord for new partition __consumer_offsets-47 with topic ID C0GqzP2lSK2t9WTM09pjog and PartitionRegistration(replicas=[0], directories=[mZvSUrT8DCBz1fSdFGWohw], isr=[0], removingReplicas=[], addingReplicas=[], elr=[], lastKnownElr=[], leader=0, leaderRecoveryState=RECOVERED, leaderEpoch=0, partitionEpoch=0).
2026-09-04T01:39:31.503+05:30  INFO 4014047 --- [backend] [0-event-handler] o.a.k.c.ReplicationControlManager        : [QuorumController id=0] Replayed PartitionRecord for new partition __consumer_offsets-48 with topic ID C0GqzP2lSK2t9WTM09pjog and PartitionRegistration(replicas=[0], directories=[mZvSUrT8DCBz1fSdFGWohw], isr=[0], removingReplicas=[], addingReplicas=[], elr=[], lastKnownElr=[], leader=0, leaderRecoveryState=RECOVERED, leaderEpoch=0, partitionEpoch=0).
2026-09-04T01:39:31.503+05:30  INFO 4014047 --- [backend] [0-event-handler] o.a.k.c.ReplicationControlManager        : [QuorumController id=0] Replayed PartitionRecord for new partition __consumer_offsets-49 with topic ID C0GqzP2lSK2t9WTM09pjog and PartitionRegistration(replicas=[0], directories=[mZvSUrT8DCBz1fSdFGWohw], isr=[0], removingReplicas=[], addingReplicas=[], elr=[], lastKnownElr=[], leader=0, leaderRecoveryState=RECOVERED, leaderEpoch=0, partitionEpoch=0).
2026-09-04T01:39:31.517+05:30  INFO 4014047 --- [backend] [r-event-handler] state.change.logger                      : [Broker id=0] Transitioning 50 partition(s) to local leaders.
2026-09-04T01:39:31.518+05:30  INFO 4014047 --- [backend] [r-event-handler] kafka.server.ReplicaFetcherManager       : [ReplicaFetcherManager on broker 0] Removed fetcher for partitions Set(__consumer_offsets-13, __consumer_offsets-46, __consumer_offsets-9, __consumer_offsets-42, __consumer_offsets-21, __consumer_offsets-17, __consumer_offsets-30, __consumer_offsets-26, __consumer_offsets-5, __consumer_offsets-38, __consumer_offsets-1, __consumer_offsets-34, __consumer_offsets-16, __consumer_offsets-45, __consumer_offsets-12, __consumer_offsets-41, __consumer_offsets-24, __consumer_offsets-20, __consumer_offsets-49, __consumer_offsets-0, __consumer_offsets-29, __consumer_offsets-25, __consumer_offsets-8, __consumer_offsets-37, __consumer_offsets-4, __consumer_offsets-33, __consumer_offsets-15, __consumer_offsets-48, __consumer_offsets-11, __consumer_offsets-44, __consumer_offsets-23, __consumer_offsets-19, __consumer_offsets-32, __consumer_offsets-28, __consumer_offsets-7, __consumer_offsets-40, __consumer_offsets-3, __consumer_offsets-36, __consumer_offsets-47, __consumer_offsets-14, __consumer_offsets-43, __consumer_offsets-10, __consumer_offsets-22, __consumer_offsets-18, __consumer_offsets-31, __consumer_offsets-27, __consumer_offsets-39, __consumer_offsets-6, __consumer_offsets-35, __consumer_offsets-2)
2026-09-04T01:39:31.518+05:30  INFO 4014047 --- [backend] [r-event-handler] state.change.logger                      : [Broker id=0] Creating new partition __consumer_offsets-13 with topic id C0GqzP2lSK2t9WTM09pjog.
2026-09-04T01:39:31.522+05:30  INFO 4014047 --- [backend] [r-event-handler] o.a.k.storage.internals.log.UnifiedLog   : [LogLoader partition=__consumer_offsets-13, dir=/tmp/kafka-11414891430925667701/combined_0_0] Loading producer state till offset 0
2026-09-04T01:39:31.523+05:30  INFO 4014047 --- [backend] [r-event-handler] kafka.log.LogManager                     : Created log for partition __consumer_offsets-13 in /tmp/kafka-11414891430925667701/combined_0_0/__consumer_offsets-13 with properties {cleanup.policy=compact, compression.type="producer", segment.bytes=104857600}
2026-09-04T01:39:31.524+05:30  INFO 4014047 --- [backend] [r-event-handler] kafka.cluster.Partition                  : [Partition __consumer_offsets-13 broker=0] No checkpointed highwatermark is found for partition __consumer_offsets-13
2026-09-04T01:39:31.524+05:30  INFO 4014047 --- [backend] [r-event-handler] kafka.cluster.Partition                  : [Partition __consumer_offsets-13 broker=0] Log loaded for partition __consumer_offsets-13 with initial high watermark 0
2026-09-04T01:39:31.524+05:30  INFO 4014047 --- [backend] [r-event-handler] state.change.logger                      : [Broker id=0] Leader __consumer_offsets-13 with topic id Some(C0GqzP2lSK2t9WTM09pjog) starts at leader epoch 0 from offset 0 with partition epoch 0, high watermark 0, ISR [0], adding replicas [] and removing replicas [] . Previous leader None and previous leader epoch was -1.
2026-09-04T01:39:31.525+05:30  INFO 4014047 --- [backend] [r-event-handler] state.change.logger                      : [Broker id=0] Creating new partition __consumer_offsets-46 with topic id C0GqzP2lSK2t9WTM09pjog.
2026-09-04T01:39:31.530+05:30  INFO 4014047 --- [backend] [r-event-handler] o.a.k.storage.internals.log.UnifiedLog   : [LogLoader partition=__consumer_offsets-46, dir=/tmp/kafka-11414891430925667701/combined_0_0] Loading producer state till offset 0
2026-09-04T01:39:31.531+05:30  INFO 4014047 --- [backend] [r-event-handler] kafka.log.LogManager                     : Created log for partition __consumer_offsets-46 in /tmp/kafka-11414891430925667701/combined_0_0/__consumer_offsets-46 with properties {cleanup.policy=compact, compression.type="producer", segment.bytes=104857600}
2026-09-04T01:39:31.531+05:30  INFO 4014047 --- [backend] [r-event-handler] kafka.cluster.Partition                  : [Partition __consumer_offsets-46 broker=0] No checkpointed highwatermark is found for partition __consumer_offsets-46
2026-09-04T01:39:31.532+05:30  INFO 4014047 --- [backend] [r-event-handler] kafka.cluster.Partition                  : [Partition __consumer_offsets-46 broker=0] Log loaded for partition __consumer_offsets-46 with initial high watermark 0
2026-09-04T01:39:31.532+05:30  INFO 4014047 --- [backend] [r-event-handler] state.change.logger                      : [Broker id=0] Leader __consumer_offsets-46 with topic id Some(C0GqzP2lSK2t9WTM09pjog) starts at leader epoch 0 from offset 0 with partition epoch 0, high watermark 0, ISR [0], adding replicas [] and removing replicas [] . Previous leader None and previous leader epoch was -1.
2026-09-04T01:39:31.533+05:30  INFO 4014047 --- [backend] [r-event-handler] state.change.logger                      : [Broker id=0] Creating new partition __consumer_offsets-9 with topic id C0GqzP2lSK2t9WTM09pjog.
2026-09-04T01:39:31.536+05:30  INFO 4014047 --- [backend] [r-event-handler] o.a.k.storage.internals.log.UnifiedLog   : [LogLoader partition=__consumer_offsets-9, dir=/tmp/kafka-11414891430925667701/combined_0_0] Loading producer state till offset 0
2026-09-04T01:39:31.537+05:30  INFO 4014047 --- [backend] [r-event-handler] kafka.log.LogManager                     : Created log for partition __consumer_offsets-9 in /tmp/kafka-11414891430925667701/combined_0_0/__consumer_offsets-9 with properties {cleanup.policy=compact, compression.type="producer", segment.bytes=104857600}
2026-09-04T01:39:31.538+05:30  INFO 4014047 --- [backend] [r-event-handler] kafka.cluster.Partition                  : [Partition __consumer_offsets-9 broker=0] No checkpointed highwatermark is found for partition __consumer_offsets-9
2026-09-04T01:39:31.538+05:30  INFO 4014047 --- [backend] [r-event-handler] kafka.cluster.Partition                  : [Partition __consumer_offsets-9 broker=0] Log loaded for partition __consumer_offsets-9 with initial high watermark 0
2026-09-04T01:39:31.538+05:30  INFO 4014047 --- [backend] [r-event-handler] state.change.logger                      : [Broker id=0] Leader __consumer_offsets-9 with topic id Some(C0GqzP2lSK2t9WTM09pjog) starts at leader epoch 0 from offset 0 with partition epoch 0, high watermark 0, ISR [0], adding replicas [] and removing replicas [] . Previous leader None and previous leader epoch was -1.
2026-09-04T01:39:31.539+05:30  INFO 4014047 --- [backend] [r-event-handler] state.change.logger                      : [Broker id=0] Creating new partition __consumer_offsets-42 with topic id C0GqzP2lSK2t9WTM09pjog.
2026-09-04T01:39:31.543+05:30  INFO 4014047 --- [backend] [r-event-handler] o.a.k.storage.internals.log.UnifiedLog   : [LogLoader partition=__consumer_offsets-42, dir=/tmp/kafka-11414891430925667701/combined_0_0] Loading producer state till offset 0
2026-09-04T01:39:31.544+05:30  INFO 4014047 --- [backend] [r-event-handler] kafka.log.LogManager                     : Created log for partition __consumer_offsets-42 in /tmp/kafka-11414891430925667701/combined_0_0/__consumer_offsets-42 with properties {cleanup.policy=compact, compression.type="producer", segment.bytes=104857600}
2026-09-04T01:39:31.545+05:30  INFO 4014047 --- [backend] [r-event-handler] kafka.cluster.Partition                  : [Partition __consumer_offsets-42 broker=0] No checkpointed highwatermark is found for partition __consumer_offsets-42
2026-09-04T01:39:31.545+05:30  INFO 4014047 --- [backend] [r-event-handler] kafka.cluster.Partition                  : [Partition __consumer_offsets-42 broker=0] Log loaded for partition __consumer_offsets-42 with initial high watermark 0
2026-09-04T01:39:31.545+05:30  INFO 4014047 --- [backend] [r-event-handler] state.change.logger                      : [Broker id=0] Leader __consumer_offsets-42 with topic id Some(C0GqzP2lSK2t9WTM09pjog) starts at leader epoch 0 from offset 0 with partition epoch 0, high watermark 0, ISR [0], adding replicas [] and removing replicas [] . Previous leader None and previous leader epoch was -1.
2026-09-04T01:39:31.546+05:30  INFO 4014047 --- [backend] [r-event-handler] state.change.logger                      : [Broker id=0] Creating new partition __consumer_offsets-21 with topic id C0GqzP2lSK2t9WTM09pjog.
2026-09-04T01:39:31.550+05:30  INFO 4014047 --- [backend] [r-event-handler] o.a.k.storage.internals.log.UnifiedLog   : [LogLoader partition=__consumer_offsets-21, dir=/tmp/kafka-11414891430925667701/combined_0_0] Loading producer state till offset 0
2026-09-04T01:39:31.551+05:30  INFO 4014047 --- [backend] [r-event-handler] kafka.log.LogManager                     : Created log for partition __consumer_offsets-21 in /tmp/kafka-11414891430925667701/combined_0_0/__consumer_offsets-21 with properties {cleanup.policy=compact, compression.type="producer", segment.bytes=104857600}
2026-09-04T01:39:31.551+05:30  INFO 4014047 --- [backend] [r-event-handler] kafka.cluster.Partition                  : [Partition __consumer_offsets-21 broker=0] No checkpointed highwatermark is found for partition __consumer_offsets-21
2026-09-04T01:39:31.551+05:30  INFO 4014047 --- [backend] [r-event-handler] kafka.cluster.Partition                  : [Partition __consumer_offsets-21 broker=0] Log loaded for partition __consumer_offsets-21 with initial high watermark 0
2026-09-04T01:39:31.551+05:30  INFO 4014047 --- [backend] [r-event-handler] state.change.logger                      : [Broker id=0] Leader __consumer_offsets-21 with topic id Some(C0GqzP2lSK2t9WTM09pjog) starts at leader epoch 0 from offset 0 with partition epoch 0, high watermark 0, ISR [0], adding replicas [] and removing replicas [] . Previous leader None and previous leader epoch was -1.
2026-09-04T01:39:31.552+05:30  INFO 4014047 --- [backend] [r-event-handler] state.change.logger                      : [Broker id=0] Creating new partition __consumer_offsets-17 with topic id C0GqzP2lSK2t9WTM09pjog.
2026-09-04T01:39:31.555+05:30  INFO 4014047 --- [backend] [r-event-handler] o.a.k.storage.internals.log.UnifiedLog   : [LogLoader partition=__consumer_offsets-17, dir=/tmp/kafka-11414891430925667701/combined_0_0] Loading producer state till offset 0
2026-09-04T01:39:31.555+05:30  INFO 4014047 --- [backend] [r-event-handler] kafka.log.LogManager                     : Created log for partition __consumer_offsets-17 in /tmp/kafka-11414891430925667701/combined_0_0/__consumer_offsets-17 with properties {cleanup.policy=compact, compression.type="producer", segment.bytes=104857600}
2026-09-04T01:39:31.556+05:30  INFO 4014047 --- [backend] [r-event-handler] kafka.cluster.Partition                  : [Partition __consumer_offsets-17 broker=0] No checkpointed highwatermark is found for partition __consumer_offsets-17
2026-09-04T01:39:31.556+05:30  INFO 4014047 --- [backend] [r-event-handler] kafka.cluster.Partition                  : [Partition __consumer_offsets-17 broker=0] Log loaded for partition __consumer_offsets-17 with initial high watermark 0
2026-09-04T01:39:31.556+05:30  INFO 4014047 --- [backend] [r-event-handler] state.change.logger                      : [Broker id=0] Leader __consumer_offsets-17 with topic id Some(C0GqzP2lSK2t9WTM09pjog) starts at leader epoch 0 from offset 0 with partition epoch 0, high watermark 0, ISR [0], adding replicas [] and removing replicas [] . Previous leader None and previous leader epoch was -1.
2026-09-04T01:39:31.556+05:30  INFO 4014047 --- [backend] [r-event-handler] state.change.logger                      : [Broker id=0] Creating new partition __consumer_offsets-30 with topic id C0GqzP2lSK2t9WTM09pjog.
2026-09-04T01:39:31.561+05:30  INFO 4014047 --- [backend] [r-event-handler] o.a.k.storage.internals.log.UnifiedLog   : [LogLoader partition=__consumer_offsets-30, dir=/tmp/kafka-11414891430925667701/combined_0_0] Loading producer state till offset 0
2026-09-04T01:39:31.563+05:30  INFO 4014047 --- [backend] [r-event-handler] kafka.log.LogManager                     : Created log for partition __consumer_offsets-30 in /tmp/kafka-11414891430925667701/combined_0_0/__consumer_offsets-30 with properties {cleanup.policy=compact, compression.type="producer", segment.bytes=104857600}
2026-09-04T01:39:31.563+05:30  INFO 4014047 --- [backend] [r-event-handler] kafka.cluster.Partition                  : [Partition __consumer_offsets-30 broker=0] No checkpointed highwatermark is found for partition __consumer_offsets-30
2026-09-04T01:39:31.563+05:30  INFO 4014047 --- [backend] [r-event-handler] kafka.cluster.Partition                  : [Partition __consumer_offsets-30 broker=0] Log loaded for partition __consumer_offsets-30 with initial high watermark 0
2026-09-04T01:39:31.563+05:30  INFO 4014047 --- [backend] [r-event-handler] state.change.logger                      : [Broker id=0] Leader __consumer_offsets-30 with topic id Some(C0GqzP2lSK2t9WTM09pjog) starts at leader epoch 0 from offset 0 with partition epoch 0, high watermark 0, ISR [0], adding replicas [] and removing replicas [] . Previous leader None and previous leader epoch was -1.
2026-09-04T01:39:31.564+05:30  INFO 4014047 --- [backend] [r-event-handler] state.change.logger                      : [Broker id=0] Creating new partition __consumer_offsets-26 with topic id C0GqzP2lSK2t9WTM09pjog.
2026-09-04T01:39:31.569+05:30  INFO 4014047 --- [backend] [r-event-handler] o.a.k.storage.internals.log.UnifiedLog   : [LogLoader partition=__consumer_offsets-26, dir=/tmp/kafka-11414891430925667701/combined_0_0] Loading producer state till offset 0
2026-09-04T01:39:31.570+05:30  INFO 4014047 --- [backend] [r-event-handler] kafka.log.LogManager                     : Created log for partition __consumer_offsets-26 in /tmp/kafka-11414891430925667701/combined_0_0/__consumer_offsets-26 with properties {cleanup.policy=compact, compression.type="producer", segment.bytes=104857600}
2026-09-04T01:39:31.570+05:30  INFO 4014047 --- [backend] [r-event-handler] kafka.cluster.Partition                  : [Partition __consumer_offsets-26 broker=0] No checkpointed highwatermark is found for partition __consumer_offsets-26
2026-09-04T01:39:31.570+05:30  INFO 4014047 --- [backend] [r-event-handler] kafka.cluster.Partition                  : [Partition __consumer_offsets-26 broker=0] Log loaded for partition __consumer_offsets-26 with initial high watermark 0
2026-09-04T01:39:31.570+05:30  INFO 4014047 --- [backend] [r-event-handler] state.change.logger                      : [Broker id=0] Leader __consumer_offsets-26 with topic id Some(C0GqzP2lSK2t9WTM09pjog) starts at leader epoch 0 from offset 0 with partition epoch 0, high watermark 0, ISR [0], adding replicas [] and removing replicas [] . Previous leader None and previous leader epoch was -1.
2026-09-04T01:39:31.571+05:30  INFO 4014047 --- [backend] [r-event-handler] state.change.logger                      : [Broker id=0] Creating new partition __consumer_offsets-5 with topic id C0GqzP2lSK2t9WTM09pjog.
2026-09-04T01:39:31.576+05:30  INFO 4014047 --- [backend] [r-event-handler] o.a.k.storage.internals.log.UnifiedLog   : [LogLoader partition=__consumer_offsets-5, dir=/tmp/kafka-11414891430925667701/combined_0_0] Loading producer state till offset 0
2026-09-04T01:39:31.577+05:30  INFO 4014047 --- [backend] [r-event-handler] kafka.log.LogManager                     : Created log for partition __consumer_offsets-5 in /tmp/kafka-11414891430925667701/combined_0_0/__consumer_offsets-5 with properties {cleanup.policy=compact, compression.type="producer", segment.bytes=104857600}
2026-09-04T01:39:31.577+05:30  INFO 4014047 --- [backend] [r-event-handler] kafka.cluster.Partition                  : [Partition __consumer_offsets-5 broker=0] No checkpointed highwatermark is found for partition __consumer_offsets-5
2026-09-04T01:39:31.577+05:30  INFO 4014047 --- [backend] [r-event-handler] kafka.cluster.Partition                  : [Partition __consumer_offsets-5 broker=0] Log loaded for partition __consumer_offsets-5 with initial high watermark 0
2026-09-04T01:39:31.578+05:30  INFO 4014047 --- [backend] [r-event-handler] state.change.logger                      : [Broker id=0] Leader __consumer_offsets-5 with topic id Some(C0GqzP2lSK2t9WTM09pjog) starts at leader epoch 0 from offset 0 with partition epoch 0, high watermark 0, ISR [0], adding replicas [] and removing replicas [] . Previous leader None and previous leader epoch was -1.
2026-09-04T01:39:31.578+05:30  INFO 4014047 --- [backend] [r-event-handler] state.change.logger                      : [Broker id=0] Creating new partition __consumer_offsets-38 with topic id C0GqzP2lSK2t9WTM09pjog.
2026-09-04T01:39:31.583+05:30  INFO 4014047 --- [backend] [r-event-handler] o.a.k.storage.internals.log.UnifiedLog   : [LogLoader partition=__consumer_offsets-38, dir=/tmp/kafka-11414891430925667701/combined_0_0] Loading producer state till offset 0
2026-09-04T01:39:31.584+05:30  INFO 4014047 --- [backend] [r-event-handler] kafka.log.LogManager                     : Created log for partition __consumer_offsets-38 in /tmp/kafka-11414891430925667701/combined_0_0/__consumer_offsets-38 with properties {cleanup.policy=compact, compression.type="producer", segment.bytes=104857600}
2026-09-04T01:39:31.584+05:30  INFO 4014047 --- [backend] [r-event-handler] kafka.cluster.Partition                  : [Partition __consumer_offsets-38 broker=0] No checkpointed highwatermark is found for partition __consumer_offsets-38
2026-09-04T01:39:31.584+05:30  INFO 4014047 --- [backend] [r-event-handler] kafka.cluster.Partition                  : [Partition __consumer_offsets-38 broker=0] Log loaded for partition __consumer_offsets-38 with initial high watermark 0
2026-09-04T01:39:31.584+05:30  INFO 4014047 --- [backend] [r-event-handler] state.change.logger                      : [Broker id=0] Leader __consumer_offsets-38 with topic id Some(C0GqzP2lSK2t9WTM09pjog) starts at leader epoch 0 from offset 0 with partition epoch 0, high watermark 0, ISR [0], adding replicas [] and removing replicas [] . Previous leader None and previous leader epoch was -1.
2026-09-04T01:39:31.585+05:30  INFO 4014047 --- [backend] [r-event-handler] state.change.logger                      : [Broker id=0] Creating new partition __consumer_offsets-1 with topic id C0GqzP2lSK2t9WTM09pjog.
2026-09-04T01:39:31.589+05:30  INFO 4014047 --- [backend] [r-event-handler] o.a.k.storage.internals.log.UnifiedLog   : [LogLoader partition=__consumer_offsets-1, dir=/tmp/kafka-11414891430925667701/combined_0_0] Loading producer state till offset 0
2026-09-04T01:39:31.590+05:30  INFO 4014047 --- [backend] [r-event-handler] kafka.log.LogManager                     : Created log for partition __consumer_offsets-1 in /tmp/kafka-11414891430925667701/combined_0_0/__consumer_offsets-1 with properties {cleanup.policy=compact, compression.type="producer", segment.bytes=104857600}
2026-09-04T01:39:31.591+05:30  INFO 4014047 --- [backend] [r-event-handler] kafka.cluster.Partition                  : [Partition __consumer_offsets-1 broker=0] No checkpointed highwatermark is found for partition __consumer_offsets-1
2026-09-04T01:39:31.591+05:30  INFO 4014047 --- [backend] [r-event-handler] kafka.cluster.Partition                  : [Partition __consumer_offsets-1 broker=0] Log loaded for partition __consumer_offsets-1 with initial high watermark 0
2026-09-04T01:39:31.591+05:30  INFO 4014047 --- [backend] [r-event-handler] state.change.logger                      : [Broker id=0] Leader __consumer_offsets-1 with topic id Some(C0GqzP2lSK2t9WTM09pjog) starts at leader epoch 0 from offset 0 with partition epoch 0, high watermark 0, ISR [0], adding replicas [] and removing replicas [] . Previous leader None and previous leader epoch was -1.
2026-09-04T01:39:31.592+05:30  INFO 4014047 --- [backend] [r-event-handler] state.change.logger                      : [Broker id=0] Creating new partition __consumer_offsets-34 with topic id C0GqzP2lSK2t9WTM09pjog.
2026-09-04T01:39:31.593+05:30  INFO 4014047 --- [backend] [ntainer#0-0-C-1] o.a.k.c.c.internals.ConsumerCoordinator  : [Consumer clientId=consumer-ai-processing-group-1, groupId=ai-processing-group] Discovered group coordinator localhost:35353 (id: 2147483647 rack: null isFenced: false)
2026-09-04T01:39:31.596+05:30  INFO 4014047 --- [backend] [ntainer#0-0-C-1] o.a.k.c.c.internals.ConsumerCoordinator  : [Consumer clientId=consumer-ai-processing-group-1, groupId=ai-processing-group] (Re-)joining group
2026-09-04T01:39:31.597+05:30  INFO 4014047 --- [backend] [r-event-handler] o.a.k.storage.internals.log.UnifiedLog   : [LogLoader partition=__consumer_offsets-34, dir=/tmp/kafka-11414891430925667701/combined_0_0] Loading producer state till offset 0
2026-09-04T01:39:31.598+05:30  INFO 4014047 --- [backend] [r-event-handler] kafka.log.LogManager                     : Created log for partition __consumer_offsets-34 in /tmp/kafka-11414891430925667701/combined_0_0/__consumer_offsets-34 with properties {cleanup.policy=compact, compression.type="producer", segment.bytes=104857600}
2026-09-04T01:39:31.598+05:30  INFO 4014047 --- [backend] [r-event-handler] kafka.cluster.Partition                  : [Partition __consumer_offsets-34 broker=0] No checkpointed highwatermark is found for partition __consumer_offsets-34
2026-09-04T01:39:31.598+05:30  INFO 4014047 --- [backend] [r-event-handler] kafka.cluster.Partition                  : [Partition __consumer_offsets-34 broker=0] Log loaded for partition __consumer_offsets-34 with initial high watermark 0
2026-09-04T01:39:31.599+05:30  INFO 4014047 --- [backend] [r-event-handler] state.change.logger                      : [Broker id=0] Leader __consumer_offsets-34 with topic id Some(C0GqzP2lSK2t9WTM09pjog) starts at leader epoch 0 from offset 0 with partition epoch 0, high watermark 0, ISR [0], adding replicas [] and removing replicas [] . Previous leader None and previous leader epoch was -1.
2026-09-04T01:39:31.599+05:30  INFO 4014047 --- [backend] [r-event-handler] state.change.logger                      : [Broker id=0] Creating new partition __consumer_offsets-16 with topic id C0GqzP2lSK2t9WTM09pjog.
2026-09-04T01:39:31.603+05:30  INFO 4014047 --- [backend] [ntainer#1-0-C-1] o.a.k.c.c.internals.ConsumerCoordinator  : [Consumer clientId=consumer-ai-processing-group-dlq-2, groupId=ai-processing-group-dlq] Discovered group coordinator localhost:35353 (id: 2147483647 rack: null isFenced: false)
2026-09-04T01:39:31.604+05:30  INFO 4014047 --- [backend] [ntainer#1-0-C-1] o.a.k.c.c.internals.ConsumerCoordinator  : [Consumer clientId=consumer-ai-processing-group-dlq-2, groupId=ai-processing-group-dlq] (Re-)joining group
2026-09-04T01:39:31.604+05:30  INFO 4014047 --- [backend] [r-event-handler] o.a.k.storage.internals.log.UnifiedLog   : [LogLoader partition=__consumer_offsets-16, dir=/tmp/kafka-11414891430925667701/combined_0_0] Loading producer state till offset 0
2026-09-04T01:39:31.605+05:30  INFO 4014047 --- [backend] [r-event-handler] kafka.log.LogManager                     : Created log for partition __consumer_offsets-16 in /tmp/kafka-11414891430925667701/combined_0_0/__consumer_offsets-16 with properties {cleanup.policy=compact, compression.type="producer", segment.bytes=104857600}
2026-09-04T01:39:31.606+05:30  INFO 4014047 --- [backend] [r-event-handler] kafka.cluster.Partition                  : [Partition __consumer_offsets-16 broker=0] No checkpointed highwatermark is found for partition __consumer_offsets-16
2026-09-04T01:39:31.607+05:30  INFO 4014047 --- [backend] [r-event-handler] kafka.cluster.Partition                  : [Partition __consumer_offsets-16 broker=0] Log loaded for partition __consumer_offsets-16 with initial high watermark 0
2026-09-04T01:39:31.608+05:30  INFO 4014047 --- [backend] [r-event-handler] state.change.logger                      : [Broker id=0] Leader __consumer_offsets-16 with topic id Some(C0GqzP2lSK2t9WTM09pjog) starts at leader epoch 0 from offset 0 with partition epoch 0, high watermark 0, ISR [0], adding replicas [] and removing replicas [] . Previous leader None and previous leader epoch was -1.
2026-09-04T01:39:31.609+05:30  INFO 4014047 --- [backend] [r-event-handler] state.change.logger                      : [Broker id=0] Creating new partition __consumer_offsets-45 with topic id C0GqzP2lSK2t9WTM09pjog.
2026-09-04T01:39:31.618+05:30  INFO 4014047 --- [backend] [r-event-handler] o.a.k.storage.internals.log.UnifiedLog   : [LogLoader partition=__consumer_offsets-45, dir=/tmp/kafka-11414891430925667701/combined_0_0] Loading producer state till offset 0
2026-09-04T01:39:31.619+05:30  INFO 4014047 --- [backend] [r-event-handler] kafka.log.LogManager                     : Created log for partition __consumer_offsets-45 in /tmp/kafka-11414891430925667701/combined_0_0/__consumer_offsets-45 with properties {cleanup.policy=compact, compression.type="producer", segment.bytes=104857600}
2026-09-04T01:39:31.619+05:30  INFO 4014047 --- [backend] [r-event-handler] kafka.cluster.Partition                  : [Partition __consumer_offsets-45 broker=0] No checkpointed highwatermark is found for partition __consumer_offsets-45
2026-09-04T01:39:31.619+05:30  INFO 4014047 --- [backend] [r-event-handler] kafka.cluster.Partition                  : [Partition __consumer_offsets-45 broker=0] Log loaded for partition __consumer_offsets-45 with initial high watermark 0
2026-09-04T01:39:31.619+05:30  INFO 4014047 --- [backend] [r-event-handler] state.change.logger                      : [Broker id=0] Leader __consumer_offsets-45 with topic id Some(C0GqzP2lSK2t9WTM09pjog) starts at leader epoch 0 from offset 0 with partition epoch 0, high watermark 0, ISR [0], adding replicas [] and removing replicas [] . Previous leader None and previous leader epoch was -1.
2026-09-04T01:39:31.620+05:30  INFO 4014047 --- [backend] [r-event-handler] state.change.logger                      : [Broker id=0] Creating new partition __consumer_offsets-12 with topic id C0GqzP2lSK2t9WTM09pjog.
2026-09-04T01:39:31.625+05:30  INFO 4014047 --- [backend] [r-event-handler] o.a.k.storage.internals.log.UnifiedLog   : [LogLoader partition=__consumer_offsets-12, dir=/tmp/kafka-11414891430925667701/combined_0_0] Loading producer state till offset 0
2026-09-04T01:39:31.626+05:30  INFO 4014047 --- [backend] [r-event-handler] kafka.log.LogManager                     : Created log for partition __consumer_offsets-12 in /tmp/kafka-11414891430925667701/combined_0_0/__consumer_offsets-12 with properties {cleanup.policy=compact, compression.type="producer", segment.bytes=104857600}
2026-09-04T01:39:31.626+05:30  INFO 4014047 --- [backend] [ntainer#1-0-C-1] o.a.k.c.c.internals.ConsumerCoordinator  : [Consumer clientId=consumer-ai-processing-group-dlq-2, groupId=ai-processing-group-dlq] Group coordinator localhost:35353 (id: 2147483647 rack: null isFenced: false) is unavailable or invalid due to cause: error response NOT_COORDINATOR. isDisconnected: false. Rediscovery will be attempted.
2026-09-04T01:39:31.626+05:30  INFO 4014047 --- [backend] [ntainer#1-0-C-1] o.a.k.c.c.internals.ConsumerCoordinator  : [Consumer clientId=consumer-ai-processing-group-dlq-2, groupId=ai-processing-group-dlq] Requesting disconnect from last known coordinator localhost:35353 (id: 2147483647 rack: null isFenced: false)
2026-09-04T01:39:31.626+05:30  INFO 4014047 --- [backend] [r-event-handler] kafka.cluster.Partition                  : [Partition __consumer_offsets-12 broker=0] No checkpointed highwatermark is found for partition __consumer_offsets-12
2026-09-04T01:39:31.626+05:30  INFO 4014047 --- [backend] [r-event-handler] kafka.cluster.Partition                  : [Partition __consumer_offsets-12 broker=0] Log loaded for partition __consumer_offsets-12 with initial high watermark 0
2026-09-04T01:39:31.626+05:30  INFO 4014047 --- [backend] [ntainer#0-0-C-1] o.a.k.c.c.internals.ConsumerCoordinator  : [Consumer clientId=consumer-ai-processing-group-1, groupId=ai-processing-group] Group coordinator localhost:35353 (id: 2147483647 rack: null isFenced: false) is unavailable or invalid due to cause: error response NOT_COORDINATOR. isDisconnected: false. Rediscovery will be attempted.
2026-09-04T01:39:31.626+05:30  INFO 4014047 --- [backend] [ntainer#0-0-C-1] o.a.k.c.c.internals.ConsumerCoordinator  : [Consumer clientId=consumer-ai-processing-group-1, groupId=ai-processing-group] Requesting disconnect from last known coordinator localhost:35353 (id: 2147483647 rack: null isFenced: false)
2026-09-04T01:39:31.626+05:30  INFO 4014047 --- [backend] [r-event-handler] state.change.logger                      : [Broker id=0] Leader __consumer_offsets-12 with topic id Some(C0GqzP2lSK2t9WTM09pjog) starts at leader epoch 0 from offset 0 with partition epoch 0, high watermark 0, ISR [0], adding replicas [] and removing replicas [] . Previous leader None and previous leader epoch was -1.
2026-09-04T01:39:31.626+05:30  INFO 4014047 --- [backend] [ntainer#1-0-C-1] o.a.k.c.c.internals.ConsumerCoordinator  : [Consumer clientId=consumer-ai-processing-group-dlq-2, groupId=ai-processing-group-dlq] JoinGroup failed: This is not the correct coordinator. Marking coordinator unknown. Sent generation was Generation{generationId=-1, memberId='', protocol='null'}
2026-09-04T01:39:31.627+05:30  INFO 4014047 --- [backend] [ntainer#1-0-C-1] org.apache.kafka.clients.NetworkClient   : [Consumer clientId=consumer-ai-processing-group-dlq-2, groupId=ai-processing-group-dlq] Client requested disconnect from node 2147483647
2026-09-04T01:39:31.627+05:30  INFO 4014047 --- [backend] [ntainer#0-0-C-1] o.a.k.c.c.internals.ConsumerCoordinator  : [Consumer clientId=consumer-ai-processing-group-1, groupId=ai-processing-group] JoinGroup failed: This is not the correct coordinator. Marking coordinator unknown. Sent generation was Generation{generationId=-1, memberId='', protocol='null'}
2026-09-04T01:39:31.627+05:30  INFO 4014047 --- [backend] [ntainer#0-0-C-1] org.apache.kafka.clients.NetworkClient   : [Consumer clientId=consumer-ai-processing-group-1, groupId=ai-processing-group] Client requested disconnect from node 2147483647
2026-09-04T01:39:31.627+05:30  INFO 4014047 --- [backend] [r-event-handler] state.change.logger                      : [Broker id=0] Creating new partition __consumer_offsets-41 with topic id C0GqzP2lSK2t9WTM09pjog.
2026-09-04T01:39:31.630+05:30  INFO 4014047 --- [backend] [ntainer#0-0-C-1] o.a.k.c.c.internals.ConsumerCoordinator  : [Consumer clientId=consumer-ai-processing-group-1, groupId=ai-processing-group] Discovered group coordinator localhost:35353 (id: 2147483647 rack: null isFenced: false)
2026-09-04T01:39:31.631+05:30  INFO 4014047 --- [backend] [ntainer#0-0-C-1] o.a.k.c.c.internals.ConsumerCoordinator  : [Consumer clientId=consumer-ai-processing-group-1, groupId=ai-processing-group] Group coordinator localhost:35353 (id: 2147483647 rack: null isFenced: false) is unavailable or invalid due to cause: coordinator unavailable. isDisconnected: false. Rediscovery will be attempted.
2026-09-04T01:39:31.631+05:30  INFO 4014047 --- [backend] [ntainer#0-0-C-1] o.a.k.c.c.internals.ConsumerCoordinator  : [Consumer clientId=consumer-ai-processing-group-1, groupId=ai-processing-group] Requesting disconnect from last known coordinator localhost:35353 (id: 2147483647 rack: null isFenced: false)
2026-09-04T01:39:31.631+05:30  INFO 4014047 --- [backend] [ntainer#1-0-C-1] o.a.k.c.c.internals.ConsumerCoordinator  : [Consumer clientId=consumer-ai-processing-group-dlq-2, groupId=ai-processing-group-dlq] Discovered group coordinator localhost:35353 (id: 2147483647 rack: null isFenced: false)
2026-09-04T01:39:31.631+05:30  INFO 4014047 --- [backend] [ntainer#1-0-C-1] o.a.k.c.c.internals.ConsumerCoordinator  : [Consumer clientId=consumer-ai-processing-group-dlq-2, groupId=ai-processing-group-dlq] Group coordinator localhost:35353 (id: 2147483647 rack: null isFenced: false) is unavailable or invalid due to cause: coordinator unavailable. isDisconnected: false. Rediscovery will be attempted.
2026-09-04T01:39:31.631+05:30  INFO 4014047 --- [backend] [ntainer#1-0-C-1] o.a.k.c.c.internals.ConsumerCoordinator  : [Consumer clientId=consumer-ai-processing-group-dlq-2, groupId=ai-processing-group-dlq] Requesting disconnect from last known coordinator localhost:35353 (id: 2147483647 rack: null isFenced: false)
2026-09-04T01:39:31.632+05:30  INFO 4014047 --- [backend] [r-event-handler] o.a.k.storage.internals.log.UnifiedLog   : [LogLoader partition=__consumer_offsets-41, dir=/tmp/kafka-11414891430925667701/combined_0_0] Loading producer state till offset 0
2026-09-04T01:39:31.632+05:30  INFO 4014047 --- [backend] [r-event-handler] kafka.log.LogManager                     : Created log for partition __consumer_offsets-41 in /tmp/kafka-11414891430925667701/combined_0_0/__consumer_offsets-41 with properties {cleanup.policy=compact, compression.type="producer", segment.bytes=104857600}
2026-09-04T01:39:31.633+05:30  INFO 4014047 --- [backend] [r-event-handler] kafka.cluster.Partition                  : [Partition __consumer_offsets-41 broker=0] No checkpointed highwatermark is found for partition __consumer_offsets-41
2026-09-04T01:39:31.633+05:30  INFO 4014047 --- [backend] [r-event-handler] kafka.cluster.Partition                  : [Partition __consumer_offsets-41 broker=0] Log loaded for partition __consumer_offsets-41 with initial high watermark 0
2026-09-04T01:39:31.633+05:30  INFO 4014047 --- [backend] [r-event-handler] state.change.logger                      : [Broker id=0] Leader __consumer_offsets-41 with topic id Some(C0GqzP2lSK2t9WTM09pjog) starts at leader epoch 0 from offset 0 with partition epoch 0, high watermark 0, ISR [0], adding replicas [] and removing replicas [] . Previous leader None and previous leader epoch was -1.
2026-09-04T01:39:31.634+05:30  INFO 4014047 --- [backend] [r-event-handler] state.change.logger                      : [Broker id=0] Creating new partition __consumer_offsets-24 with topic id C0GqzP2lSK2t9WTM09pjog.
2026-09-04T01:39:31.638+05:30  INFO 4014047 --- [backend] [r-event-handler] o.a.k.storage.internals.log.UnifiedLog   : [LogLoader partition=__consumer_offsets-24, dir=/tmp/kafka-11414891430925667701/combined_0_0] Loading producer state till offset 0
2026-09-04T01:39:31.640+05:30  INFO 4014047 --- [backend] [r-event-handler] kafka.log.LogManager                     : Created log for partition __consumer_offsets-24 in /tmp/kafka-11414891430925667701/combined_0_0/__consumer_offsets-24 with properties {cleanup.policy=compact, compression.type="producer", segment.bytes=104857600}
2026-09-04T01:39:31.640+05:30  INFO 4014047 --- [backend] [r-event-handler] kafka.cluster.Partition                  : [Partition __consumer_offsets-24 broker=0] No checkpointed highwatermark is found for partition __consumer_offsets-24
2026-09-04T01:39:31.640+05:30  INFO 4014047 --- [backend] [r-event-handler] kafka.cluster.Partition                  : [Partition __consumer_offsets-24 broker=0] Log loaded for partition __consumer_offsets-24 with initial high watermark 0
2026-09-04T01:39:31.641+05:30  INFO 4014047 --- [backend] [r-event-handler] state.change.logger                      : [Broker id=0] Leader __consumer_offsets-24 with topic id Some(C0GqzP2lSK2t9WTM09pjog) starts at leader epoch 0 from offset 0 with partition epoch 0, high watermark 0, ISR [0], adding replicas [] and removing replicas [] . Previous leader None and previous leader epoch was -1.
2026-09-04T01:39:31.642+05:30  INFO 4014047 --- [backend] [r-event-handler] state.change.logger                      : [Broker id=0] Creating new partition __consumer_offsets-20 with topic id C0GqzP2lSK2t9WTM09pjog.
2026-09-04T01:39:31.646+05:30  INFO 4014047 --- [backend] [r-event-handler] o.a.k.storage.internals.log.UnifiedLog   : [LogLoader partition=__consumer_offsets-20, dir=/tmp/kafka-11414891430925667701/combined_0_0] Loading producer state till offset 0
2026-09-04T01:39:31.647+05:30  INFO 4014047 --- [backend] [r-event-handler] kafka.log.LogManager                     : Created log for partition __consumer_offsets-20 in /tmp/kafka-11414891430925667701/combined_0_0/__consumer_offsets-20 with properties {cleanup.policy=compact, compression.type="producer", segment.bytes=104857600}
2026-09-04T01:39:31.647+05:30  INFO 4014047 --- [backend] [r-event-handler] kafka.cluster.Partition                  : [Partition __consumer_offsets-20 broker=0] No checkpointed highwatermark is found for partition __consumer_offsets-20
2026-09-04T01:39:31.647+05:30  INFO 4014047 --- [backend] [r-event-handler] kafka.cluster.Partition                  : [Partition __consumer_offsets-20 broker=0] Log loaded for partition __consumer_offsets-20 with initial high watermark 0
2026-09-04T01:39:31.648+05:30  INFO 4014047 --- [backend] [r-event-handler] state.change.logger                      : [Broker id=0] Leader __consumer_offsets-20 with topic id Some(C0GqzP2lSK2t9WTM09pjog) starts at leader epoch 0 from offset 0 with partition epoch 0, high watermark 0, ISR [0], adding replicas [] and removing replicas [] . Previous leader None and previous leader epoch was -1.
2026-09-04T01:39:31.648+05:30  INFO 4014047 --- [backend] [r-event-handler] state.change.logger                      : [Broker id=0] Creating new partition __consumer_offsets-49 with topic id C0GqzP2lSK2t9WTM09pjog.
2026-09-04T01:39:31.653+05:30  INFO 4014047 --- [backend] [r-event-handler] o.a.k.storage.internals.log.UnifiedLog   : [LogLoader partition=__consumer_offsets-49, dir=/tmp/kafka-11414891430925667701/combined_0_0] Loading producer state till offset 0
2026-09-04T01:39:31.654+05:30  INFO 4014047 --- [backend] [r-event-handler] kafka.log.LogManager                     : Created log for partition __consumer_offsets-49 in /tmp/kafka-11414891430925667701/combined_0_0/__consumer_offsets-49 with properties {cleanup.policy=compact, compression.type="producer", segment.bytes=104857600}
2026-09-04T01:39:31.654+05:30  INFO 4014047 --- [backend] [r-event-handler] kafka.cluster.Partition                  : [Partition __consumer_offsets-49 broker=0] No checkpointed highwatermark is found for partition __consumer_offsets-49
2026-09-04T01:39:31.654+05:30  INFO 4014047 --- [backend] [r-event-handler] kafka.cluster.Partition                  : [Partition __consumer_offsets-49 broker=0] Log loaded for partition __consumer_offsets-49 with initial high watermark 0
2026-09-04T01:39:31.654+05:30  INFO 4014047 --- [backend] [r-event-handler] state.change.logger                      : [Broker id=0] Leader __consumer_offsets-49 with topic id Some(C0GqzP2lSK2t9WTM09pjog) starts at leader epoch 0 from offset 0 with partition epoch 0, high watermark 0, ISR [0], adding replicas [] and removing replicas [] . Previous leader None and previous leader epoch was -1.
2026-09-04T01:39:31.655+05:30  INFO 4014047 --- [backend] [r-event-handler] state.change.logger                      : [Broker id=0] Creating new partition __consumer_offsets-0 with topic id C0GqzP2lSK2t9WTM09pjog.
2026-09-04T01:39:31.659+05:30  INFO 4014047 --- [backend] [r-event-handler] o.a.k.storage.internals.log.UnifiedLog   : [LogLoader partition=__consumer_offsets-0, dir=/tmp/kafka-11414891430925667701/combined_0_0] Loading producer state till offset 0
2026-09-04T01:39:31.660+05:30  INFO 4014047 --- [backend] [r-event-handler] kafka.log.LogManager                     : Created log for partition __consumer_offsets-0 in /tmp/kafka-11414891430925667701/combined_0_0/__consumer_offsets-0 with properties {cleanup.policy=compact, compression.type="producer", segment.bytes=104857600}
2026-09-04T01:39:31.661+05:30  INFO 4014047 --- [backend] [r-event-handler] kafka.cluster.Partition                  : [Partition __consumer_offsets-0 broker=0] No checkpointed highwatermark is found for partition __consumer_offsets-0
2026-09-04T01:39:31.661+05:30  INFO 4014047 --- [backend] [r-event-handler] kafka.cluster.Partition                  : [Partition __consumer_offsets-0 broker=0] Log loaded for partition __consumer_offsets-0 with initial high watermark 0
2026-09-04T01:39:31.661+05:30  INFO 4014047 --- [backend] [r-event-handler] state.change.logger                      : [Broker id=0] Leader __consumer_offsets-0 with topic id Some(C0GqzP2lSK2t9WTM09pjog) starts at leader epoch 0 from offset 0 with partition epoch 0, high watermark 0, ISR [0], adding replicas [] and removing replicas [] . Previous leader None and previous leader epoch was -1.
2026-09-04T01:39:31.662+05:30  INFO 4014047 --- [backend] [r-event-handler] state.change.logger                      : [Broker id=0] Creating new partition __consumer_offsets-29 with topic id C0GqzP2lSK2t9WTM09pjog.
2026-09-04T01:39:31.666+05:30  INFO 4014047 --- [backend] [r-event-handler] o.a.k.storage.internals.log.UnifiedLog   : [LogLoader partition=__consumer_offsets-29, dir=/tmp/kafka-11414891430925667701/combined_0_0] Loading producer state till offset 0
2026-09-04T01:39:31.667+05:30  INFO 4014047 --- [backend] [r-event-handler] kafka.log.LogManager                     : Created log for partition __consumer_offsets-29 in /tmp/kafka-11414891430925667701/combined_0_0/__consumer_offsets-29 with properties {cleanup.policy=compact, compression.type="producer", segment.bytes=104857600}
2026-09-04T01:39:31.668+05:30  INFO 4014047 --- [backend] [r-event-handler] kafka.cluster.Partition                  : [Partition __consumer_offsets-29 broker=0] No checkpointed highwatermark is found for partition __consumer_offsets-29
2026-09-04T01:39:31.668+05:30  INFO 4014047 --- [backend] [r-event-handler] kafka.cluster.Partition                  : [Partition __consumer_offsets-29 broker=0] Log loaded for partition __consumer_offsets-29 with initial high watermark 0
2026-09-04T01:39:31.668+05:30  INFO 4014047 --- [backend] [r-event-handler] state.change.logger                      : [Broker id=0] Leader __consumer_offsets-29 with topic id Some(C0GqzP2lSK2t9WTM09pjog) starts at leader epoch 0 from offset 0 with partition epoch 0, high watermark 0, ISR [0], adding replicas [] and removing replicas [] . Previous leader None and previous leader epoch was -1.
2026-09-04T01:39:31.669+05:30  INFO 4014047 --- [backend] [r-event-handler] state.change.logger                      : [Broker id=0] Creating new partition __consumer_offsets-25 with topic id C0GqzP2lSK2t9WTM09pjog.
2026-09-04T01:39:31.673+05:30  INFO 4014047 --- [backend] [r-event-handler] o.a.k.storage.internals.log.UnifiedLog   : [LogLoader partition=__consumer_offsets-25, dir=/tmp/kafka-11414891430925667701/combined_0_0] Loading producer state till offset 0
2026-09-04T01:39:31.674+05:30  INFO 4014047 --- [backend] [r-event-handler] kafka.log.LogManager                     : Created log for partition __consumer_offsets-25 in /tmp/kafka-11414891430925667701/combined_0_0/__consumer_offsets-25 with properties {cleanup.policy=compact, compression.type="producer", segment.bytes=104857600}
2026-09-04T01:39:31.674+05:30  INFO 4014047 --- [backend] [r-event-handler] kafka.cluster.Partition                  : [Partition __consumer_offsets-25 broker=0] No checkpointed highwatermark is found for partition __consumer_offsets-25
2026-09-04T01:39:31.674+05:30  INFO 4014047 --- [backend] [r-event-handler] kafka.cluster.Partition                  : [Partition __consumer_offsets-25 broker=0] Log loaded for partition __consumer_offsets-25 with initial high watermark 0
2026-09-04T01:39:31.674+05:30  INFO 4014047 --- [backend] [r-event-handler] state.change.logger                      : [Broker id=0] Leader __consumer_offsets-25 with topic id Some(C0GqzP2lSK2t9WTM09pjog) starts at leader epoch 0 from offset 0 with partition epoch 0, high watermark 0, ISR [0], adding replicas [] and removing replicas [] . Previous leader None and previous leader epoch was -1.
2026-09-04T01:39:31.675+05:30  INFO 4014047 --- [backend] [r-event-handler] state.change.logger                      : [Broker id=0] Creating new partition __consumer_offsets-8 with topic id C0GqzP2lSK2t9WTM09pjog.
2026-09-04T01:39:31.679+05:30  INFO 4014047 --- [backend] [r-event-handler] o.a.k.storage.internals.log.UnifiedLog   : [LogLoader partition=__consumer_offsets-8, dir=/tmp/kafka-11414891430925667701/combined_0_0] Loading producer state till offset 0
2026-09-04T01:39:31.680+05:30  INFO 4014047 --- [backend] [r-event-handler] kafka.log.LogManager                     : Created log for partition __consumer_offsets-8 in /tmp/kafka-11414891430925667701/combined_0_0/__consumer_offsets-8 with properties {cleanup.policy=compact, compression.type="producer", segment.bytes=104857600}
2026-09-04T01:39:31.680+05:30  INFO 4014047 --- [backend] [r-event-handler] kafka.cluster.Partition                  : [Partition __consumer_offsets-8 broker=0] No checkpointed highwatermark is found for partition __consumer_offsets-8
2026-09-04T01:39:31.680+05:30  INFO 4014047 --- [backend] [r-event-handler] kafka.cluster.Partition                  : [Partition __consumer_offsets-8 broker=0] Log loaded for partition __consumer_offsets-8 with initial high watermark 0
2026-09-04T01:39:31.681+05:30  INFO 4014047 --- [backend] [r-event-handler] state.change.logger                      : [Broker id=0] Leader __consumer_offsets-8 with topic id Some(C0GqzP2lSK2t9WTM09pjog) starts at leader epoch 0 from offset 0 with partition epoch 0, high watermark 0, ISR [0], adding replicas [] and removing replicas [] . Previous leader None and previous leader epoch was -1.
2026-09-04T01:39:31.681+05:30  INFO 4014047 --- [backend] [r-event-handler] state.change.logger                      : [Broker id=0] Creating new partition __consumer_offsets-37 with topic id C0GqzP2lSK2t9WTM09pjog.
2026-09-04T01:39:31.685+05:30  INFO 4014047 --- [backend] [r-event-handler] o.a.k.storage.internals.log.UnifiedLog   : [LogLoader partition=__consumer_offsets-37, dir=/tmp/kafka-11414891430925667701/combined_0_0] Loading producer state till offset 0
2026-09-04T01:39:31.686+05:30  INFO 4014047 --- [backend] [r-event-handler] kafka.log.LogManager                     : Created log for partition __consumer_offsets-37 in /tmp/kafka-11414891430925667701/combined_0_0/__consumer_offsets-37 with properties {cleanup.policy=compact, compression.type="producer", segment.bytes=104857600}
2026-09-04T01:39:31.687+05:30  INFO 4014047 --- [backend] [r-event-handler] kafka.cluster.Partition                  : [Partition __consumer_offsets-37 broker=0] No checkpointed highwatermark is found for partition __consumer_offsets-37
2026-09-04T01:39:31.687+05:30  INFO 4014047 --- [backend] [r-event-handler] kafka.cluster.Partition                  : [Partition __consumer_offsets-37 broker=0] Log loaded for partition __consumer_offsets-37 with initial high watermark 0
2026-09-04T01:39:31.687+05:30  INFO 4014047 --- [backend] [r-event-handler] state.change.logger                      : [Broker id=0] Leader __consumer_offsets-37 with topic id Some(C0GqzP2lSK2t9WTM09pjog) starts at leader epoch 0 from offset 0 with partition epoch 0, high watermark 0, ISR [0], adding replicas [] and removing replicas [] . Previous leader None and previous leader epoch was -1.
2026-09-04T01:39:31.687+05:30  INFO 4014047 --- [backend] [r-event-handler] state.change.logger                      : [Broker id=0] Creating new partition __consumer_offsets-4 with topic id C0GqzP2lSK2t9WTM09pjog.
2026-09-04T01:39:31.692+05:30  INFO 4014047 --- [backend] [r-event-handler] o.a.k.storage.internals.log.UnifiedLog   : [LogLoader partition=__consumer_offsets-4, dir=/tmp/kafka-11414891430925667701/combined_0_0] Loading producer state till offset 0
2026-09-04T01:39:31.692+05:30  INFO 4014047 --- [backend] [r-event-handler] kafka.log.LogManager                     : Created log for partition __consumer_offsets-4 in /tmp/kafka-11414891430925667701/combined_0_0/__consumer_offsets-4 with properties {cleanup.policy=compact, compression.type="producer", segment.bytes=104857600}
2026-09-04T01:39:31.693+05:30  INFO 4014047 --- [backend] [r-event-handler] kafka.cluster.Partition                  : [Partition __consumer_offsets-4 broker=0] No checkpointed highwatermark is found for partition __consumer_offsets-4
2026-09-04T01:39:31.693+05:30  INFO 4014047 --- [backend] [r-event-handler] kafka.cluster.Partition                  : [Partition __consumer_offsets-4 broker=0] Log loaded for partition __consumer_offsets-4 with initial high watermark 0
2026-09-04T01:39:31.693+05:30  INFO 4014047 --- [backend] [r-event-handler] state.change.logger                      : [Broker id=0] Leader __consumer_offsets-4 with topic id Some(C0GqzP2lSK2t9WTM09pjog) starts at leader epoch 0 from offset 0 with partition epoch 0, high watermark 0, ISR [0], adding replicas [] and removing replicas [] . Previous leader None and previous leader epoch was -1.
2026-09-04T01:39:31.694+05:30  INFO 4014047 --- [backend] [r-event-handler] state.change.logger                      : [Broker id=0] Creating new partition __consumer_offsets-33 with topic id C0GqzP2lSK2t9WTM09pjog.
2026-09-04T01:39:31.697+05:30  INFO 4014047 --- [backend] [r-event-handler] o.a.k.storage.internals.log.UnifiedLog   : [LogLoader partition=__consumer_offsets-33, dir=/tmp/kafka-11414891430925667701/combined_0_0] Loading producer state till offset 0
2026-09-04T01:39:31.698+05:30  INFO 4014047 --- [backend] [r-event-handler] kafka.log.LogManager                     : Created log for partition __consumer_offsets-33 in /tmp/kafka-11414891430925667701/combined_0_0/__consumer_offsets-33 with properties {cleanup.policy=compact, compression.type="producer", segment.bytes=104857600}
2026-09-04T01:39:31.699+05:30  INFO 4014047 --- [backend] [r-event-handler] kafka.cluster.Partition                  : [Partition __consumer_offsets-33 broker=0] No checkpointed highwatermark is found for partition __consumer_offsets-33
2026-09-04T01:39:31.699+05:30  INFO 4014047 --- [backend] [r-event-handler] kafka.cluster.Partition                  : [Partition __consumer_offsets-33 broker=0] Log loaded for partition __consumer_offsets-33 with initial high watermark 0
2026-09-04T01:39:31.700+05:30  INFO 4014047 --- [backend] [r-event-handler] state.change.logger                      : [Broker id=0] Leader __consumer_offsets-33 with topic id Some(C0GqzP2lSK2t9WTM09pjog) starts at leader epoch 0 from offset 0 with partition epoch 0, high watermark 0, ISR [0], adding replicas [] and removing replicas [] . Previous leader None and previous leader epoch was -1.
2026-09-04T01:39:31.700+05:30  INFO 4014047 --- [backend] [r-event-handler] state.change.logger                      : [Broker id=0] Creating new partition __consumer_offsets-15 with topic id C0GqzP2lSK2t9WTM09pjog.
2026-09-04T01:39:31.704+05:30  INFO 4014047 --- [backend] [r-event-handler] o.a.k.storage.internals.log.UnifiedLog   : [LogLoader partition=__consumer_offsets-15, dir=/tmp/kafka-11414891430925667701/combined_0_0] Loading producer state till offset 0
2026-09-04T01:39:31.706+05:30  INFO 4014047 --- [backend] [r-event-handler] kafka.log.LogManager                     : Created log for partition __consumer_offsets-15 in /tmp/kafka-11414891430925667701/combined_0_0/__consumer_offsets-15 with properties {cleanup.policy=compact, compression.type="producer", segment.bytes=104857600}
2026-09-04T01:39:31.706+05:30  INFO 4014047 --- [backend] [r-event-handler] kafka.cluster.Partition                  : [Partition __consumer_offsets-15 broker=0] No checkpointed highwatermark is found for partition __consumer_offsets-15
2026-09-04T01:39:31.706+05:30  INFO 4014047 --- [backend] [r-event-handler] kafka.cluster.Partition                  : [Partition __consumer_offsets-15 broker=0] Log loaded for partition __consumer_offsets-15 with initial high watermark 0
2026-09-04T01:39:31.706+05:30  INFO 4014047 --- [backend] [r-event-handler] state.change.logger                      : [Broker id=0] Leader __consumer_offsets-15 with topic id Some(C0GqzP2lSK2t9WTM09pjog) starts at leader epoch 0 from offset 0 with partition epoch 0, high watermark 0, ISR [0], adding replicas [] and removing replicas [] . Previous leader None and previous leader epoch was -1.
2026-09-04T01:39:31.707+05:30  INFO 4014047 --- [backend] [r-event-handler] state.change.logger                      : [Broker id=0] Creating new partition __consumer_offsets-48 with topic id C0GqzP2lSK2t9WTM09pjog.
2026-09-04T01:39:31.711+05:30  INFO 4014047 --- [backend] [r-event-handler] o.a.k.storage.internals.log.UnifiedLog   : [LogLoader partition=__consumer_offsets-48, dir=/tmp/kafka-11414891430925667701/combined_0_0] Loading producer state till offset 0
2026-09-04T01:39:31.712+05:30  INFO 4014047 --- [backend] [r-event-handler] kafka.log.LogManager                     : Created log for partition __consumer_offsets-48 in /tmp/kafka-11414891430925667701/combined_0_0/__consumer_offsets-48 with properties {cleanup.policy=compact, compression.type="producer", segment.bytes=104857600}
2026-09-04T01:39:31.712+05:30  INFO 4014047 --- [backend] [r-event-handler] kafka.cluster.Partition                  : [Partition __consumer_offsets-48 broker=0] No checkpointed highwatermark is found for partition __consumer_offsets-48
2026-09-04T01:39:31.712+05:30  INFO 4014047 --- [backend] [r-event-handler] kafka.cluster.Partition                  : [Partition __consumer_offsets-48 broker=0] Log loaded for partition __consumer_offsets-48 with initial high watermark 0
2026-09-04T01:39:31.712+05:30  INFO 4014047 --- [backend] [r-event-handler] state.change.logger                      : [Broker id=0] Leader __consumer_offsets-48 with topic id Some(C0GqzP2lSK2t9WTM09pjog) starts at leader epoch 0 from offset 0 with partition epoch 0, high watermark 0, ISR [0], adding replicas [] and removing replicas [] . Previous leader None and previous leader epoch was -1.
2026-09-04T01:39:31.713+05:30  INFO 4014047 --- [backend] [r-event-handler] state.change.logger                      : [Broker id=0] Creating new partition __consumer_offsets-11 with topic id C0GqzP2lSK2t9WTM09pjog.
2026-09-04T01:39:31.716+05:30  INFO 4014047 --- [backend] [r-event-handler] o.a.k.storage.internals.log.UnifiedLog   : [LogLoader partition=__consumer_offsets-11, dir=/tmp/kafka-11414891430925667701/combined_0_0] Loading producer state till offset 0
2026-09-04T01:39:31.717+05:30  INFO 4014047 --- [backend] [r-event-handler] kafka.log.LogManager                     : Created log for partition __consumer_offsets-11 in /tmp/kafka-11414891430925667701/combined_0_0/__consumer_offsets-11 with properties {cleanup.policy=compact, compression.type="producer", segment.bytes=104857600}
2026-09-04T01:39:31.717+05:30  INFO 4014047 --- [backend] [r-event-handler] kafka.cluster.Partition                  : [Partition __consumer_offsets-11 broker=0] No checkpointed highwatermark is found for partition __consumer_offsets-11
2026-09-04T01:39:31.717+05:30  INFO 4014047 --- [backend] [r-event-handler] kafka.cluster.Partition                  : [Partition __consumer_offsets-11 broker=0] Log loaded for partition __consumer_offsets-11 with initial high watermark 0
2026-09-04T01:39:31.718+05:30  INFO 4014047 --- [backend] [r-event-handler] state.change.logger                      : [Broker id=0] Leader __consumer_offsets-11 with topic id Some(C0GqzP2lSK2t9WTM09pjog) starts at leader epoch 0 from offset 0 with partition epoch 0, high watermark 0, ISR [0], adding replicas [] and removing replicas [] . Previous leader None and previous leader epoch was -1.
2026-09-04T01:39:31.718+05:30  INFO 4014047 --- [backend] [r-event-handler] state.change.logger                      : [Broker id=0] Creating new partition __consumer_offsets-44 with topic id C0GqzP2lSK2t9WTM09pjog.
2026-09-04T01:39:31.722+05:30  INFO 4014047 --- [backend] [r-event-handler] o.a.k.storage.internals.log.UnifiedLog   : [LogLoader partition=__consumer_offsets-44, dir=/tmp/kafka-11414891430925667701/combined_0_0] Loading producer state till offset 0
2026-09-04T01:39:31.723+05:30  INFO 4014047 --- [backend] [r-event-handler] kafka.log.LogManager                     : Created log for partition __consumer_offsets-44 in /tmp/kafka-11414891430925667701/combined_0_0/__consumer_offsets-44 with properties {cleanup.policy=compact, compression.type="producer", segment.bytes=104857600}
2026-09-04T01:39:31.724+05:30  INFO 4014047 --- [backend] [r-event-handler] kafka.cluster.Partition                  : [Partition __consumer_offsets-44 broker=0] No checkpointed highwatermark is found for partition __consumer_offsets-44
2026-09-04T01:39:31.725+05:30  INFO 4014047 --- [backend] [r-event-handler] kafka.cluster.Partition                  : [Partition __consumer_offsets-44 broker=0] Log loaded for partition __consumer_offsets-44 with initial high watermark 0
2026-09-04T01:39:31.725+05:30  INFO 4014047 --- [backend] [r-event-handler] state.change.logger                      : [Broker id=0] Leader __consumer_offsets-44 with topic id Some(C0GqzP2lSK2t9WTM09pjog) starts at leader epoch 0 from offset 0 with partition epoch 0, high watermark 0, ISR [0], adding replicas [] and removing replicas [] . Previous leader None and previous leader epoch was -1.
2026-09-04T01:39:31.726+05:30  INFO 4014047 --- [backend] [r-event-handler] state.change.logger                      : [Broker id=0] Creating new partition __consumer_offsets-23 with topic id C0GqzP2lSK2t9WTM09pjog.
2026-09-04T01:39:31.730+05:30  INFO 4014047 --- [backend] [r-event-handler] o.a.k.storage.internals.log.UnifiedLog   : [LogLoader partition=__consumer_offsets-23, dir=/tmp/kafka-11414891430925667701/combined_0_0] Loading producer state till offset 0
2026-09-04T01:39:31.731+05:30  INFO 4014047 --- [backend] [r-event-handler] kafka.log.LogManager                     : Created log for partition __consumer_offsets-23 in /tmp/kafka-11414891430925667701/combined_0_0/__consumer_offsets-23 with properties {cleanup.policy=compact, compression.type="producer", segment.bytes=104857600}
2026-09-04T01:39:31.731+05:30  INFO 4014047 --- [backend] [r-event-handler] kafka.cluster.Partition                  : [Partition __consumer_offsets-23 broker=0] No checkpointed highwatermark is found for partition __consumer_offsets-23
2026-09-04T01:39:31.731+05:30  INFO 4014047 --- [backend] [r-event-handler] kafka.cluster.Partition                  : [Partition __consumer_offsets-23 broker=0] Log loaded for partition __consumer_offsets-23 with initial high watermark 0
2026-09-04T01:39:31.731+05:30  INFO 4014047 --- [backend] [r-event-handler] state.change.logger                      : [Broker id=0] Leader __consumer_offsets-23 with topic id Some(C0GqzP2lSK2t9WTM09pjog) starts at leader epoch 0 from offset 0 with partition epoch 0, high watermark 0, ISR [0], adding replicas [] and removing replicas [] . Previous leader None and previous leader epoch was -1.
2026-09-04T01:39:31.732+05:30  INFO 4014047 --- [backend] [r-event-handler] state.change.logger                      : [Broker id=0] Creating new partition __consumer_offsets-19 with topic id C0GqzP2lSK2t9WTM09pjog.
2026-09-04T01:39:31.735+05:30  INFO 4014047 --- [backend] [ntainer#1-0-C-1] o.a.k.c.c.internals.ConsumerCoordinator  : [Consumer clientId=consumer-ai-processing-group-dlq-2, groupId=ai-processing-group-dlq] Discovered group coordinator localhost:35353 (id: 2147483647 rack: null isFenced: false)
2026-09-04T01:39:31.735+05:30  INFO 4014047 --- [backend] [r-event-handler] o.a.k.storage.internals.log.UnifiedLog   : [LogLoader partition=__consumer_offsets-19, dir=/tmp/kafka-11414891430925667701/combined_0_0] Loading producer state till offset 0
2026-09-04T01:39:31.736+05:30  INFO 4014047 --- [backend] [r-event-handler] kafka.log.LogManager                     : Created log for partition __consumer_offsets-19 in /tmp/kafka-11414891430925667701/combined_0_0/__consumer_offsets-19 with properties {cleanup.policy=compact, compression.type="producer", segment.bytes=104857600}
2026-09-04T01:39:31.737+05:30  INFO 4014047 --- [backend] [r-event-handler] kafka.cluster.Partition                  : [Partition __consumer_offsets-19 broker=0] No checkpointed highwatermark is found for partition __consumer_offsets-19
2026-09-04T01:39:31.737+05:30  INFO 4014047 --- [backend] [r-event-handler] kafka.cluster.Partition                  : [Partition __consumer_offsets-19 broker=0] Log loaded for partition __consumer_offsets-19 with initial high watermark 0
2026-09-04T01:39:31.737+05:30  INFO 4014047 --- [backend] [r-event-handler] state.change.logger                      : [Broker id=0] Leader __consumer_offsets-19 with topic id Some(C0GqzP2lSK2t9WTM09pjog) starts at leader epoch 0 from offset 0 with partition epoch 0, high watermark 0, ISR [0], adding replicas [] and removing replicas [] . Previous leader None and previous leader epoch was -1.
2026-09-04T01:39:31.737+05:30  INFO 4014047 --- [backend] [ntainer#1-0-C-1] o.a.k.c.c.internals.ConsumerCoordinator  : [Consumer clientId=consumer-ai-processing-group-dlq-2, groupId=ai-processing-group-dlq] Request joining group due to: rebalance failed due to 'This is not the correct coordinator.' (NotCoordinatorException)
2026-09-04T01:39:31.738+05:30  INFO 4014047 --- [backend] [r-event-handler] state.change.logger                      : [Broker id=0] Creating new partition __consumer_offsets-32 with topic id C0GqzP2lSK2t9WTM09pjog.
2026-09-04T01:39:31.738+05:30  INFO 4014047 --- [backend] [ntainer#1-0-C-1] o.a.k.c.c.internals.ConsumerCoordinator  : [Consumer clientId=consumer-ai-processing-group-dlq-2, groupId=ai-processing-group-dlq] (Re-)joining group
2026-09-04T01:39:31.742+05:30  INFO 4014047 --- [backend] [ntainer#1-0-C-1] o.a.k.c.c.internals.ConsumerCoordinator  : [Consumer clientId=consumer-ai-processing-group-dlq-2, groupId=ai-processing-group-dlq] Group coordinator localhost:35353 (id: 2147483647 rack: null isFenced: false) is unavailable or invalid due to cause: error response NOT_COORDINATOR. isDisconnected: false. Rediscovery will be attempted.
2026-09-04T01:39:31.742+05:30  INFO 4014047 --- [backend] [ntainer#1-0-C-1] o.a.k.c.c.internals.ConsumerCoordinator  : [Consumer clientId=consumer-ai-processing-group-dlq-2, groupId=ai-processing-group-dlq] Requesting disconnect from last known coordinator localhost:35353 (id: 2147483647 rack: null isFenced: false)
2026-09-04T01:39:31.742+05:30  INFO 4014047 --- [backend] [r-event-handler] o.a.k.storage.internals.log.UnifiedLog   : [LogLoader partition=__consumer_offsets-32, dir=/tmp/kafka-11414891430925667701/combined_0_0] Loading producer state till offset 0
2026-09-04T01:39:31.742+05:30  INFO 4014047 --- [backend] [ntainer#1-0-C-1] o.a.k.c.c.internals.ConsumerCoordinator  : [Consumer clientId=consumer-ai-processing-group-dlq-2, groupId=ai-processing-group-dlq] JoinGroup failed: This is not the correct coordinator. Marking coordinator unknown. Sent generation was Generation{generationId=-1, memberId='', protocol='null'}
2026-09-04T01:39:31.742+05:30  INFO 4014047 --- [backend] [ntainer#1-0-C-1] org.apache.kafka.clients.NetworkClient   : [Consumer clientId=consumer-ai-processing-group-dlq-2, groupId=ai-processing-group-dlq] Client requested disconnect from node 2147483647
2026-09-04T01:39:31.743+05:30  INFO 4014047 --- [backend] [r-event-handler] kafka.log.LogManager                     : Created log for partition __consumer_offsets-32 in /tmp/kafka-11414891430925667701/combined_0_0/__consumer_offsets-32 with properties {cleanup.policy=compact, compression.type="producer", segment.bytes=104857600}
2026-09-04T01:39:31.743+05:30  INFO 4014047 --- [backend] [r-event-handler] kafka.cluster.Partition                  : [Partition __consumer_offsets-32 broker=0] No checkpointed highwatermark is found for partition __consumer_offsets-32
2026-09-04T01:39:31.743+05:30  INFO 4014047 --- [backend] [r-event-handler] kafka.cluster.Partition                  : [Partition __consumer_offsets-32 broker=0] Log loaded for partition __consumer_offsets-32 with initial high watermark 0
2026-09-04T01:39:31.743+05:30  INFO 4014047 --- [backend] [r-event-handler] state.change.logger                      : [Broker id=0] Leader __consumer_offsets-32 with topic id Some(C0GqzP2lSK2t9WTM09pjog) starts at leader epoch 0 from offset 0 with partition epoch 0, high watermark 0, ISR [0], adding replicas [] and removing replicas [] . Previous leader None and previous leader epoch was -1.
2026-09-04T01:39:31.744+05:30  INFO 4014047 --- [backend] [r-event-handler] state.change.logger                      : [Broker id=0] Creating new partition __consumer_offsets-28 with topic id C0GqzP2lSK2t9WTM09pjog.
2026-09-04T01:39:31.746+05:30  INFO 4014047 --- [backend] [ntainer#1-0-C-1] o.a.k.c.c.internals.ConsumerCoordinator  : [Consumer clientId=consumer-ai-processing-group-dlq-2, groupId=ai-processing-group-dlq] Discovered group coordinator localhost:35353 (id: 2147483647 rack: null isFenced: false)
2026-09-04T01:39:31.746+05:30  INFO 4014047 --- [backend] [ntainer#0-0-C-1] o.a.k.c.c.internals.ConsumerCoordinator  : [Consumer clientId=consumer-ai-processing-group-1, groupId=ai-processing-group] Discovered group coordinator localhost:35353 (id: 2147483647 rack: null isFenced: false)
2026-09-04T01:39:31.746+05:30  INFO 4014047 --- [backend] [ntainer#1-0-C-1] o.a.k.c.c.internals.ConsumerCoordinator  : [Consumer clientId=consumer-ai-processing-group-dlq-2, groupId=ai-processing-group-dlq] Group coordinator localhost:35353 (id: 2147483647 rack: null isFenced: false) is unavailable or invalid due to cause: coordinator unavailable. isDisconnected: false. Rediscovery will be attempted.
2026-09-04T01:39:31.746+05:30  INFO 4014047 --- [backend] [ntainer#1-0-C-1] o.a.k.c.c.internals.ConsumerCoordinator  : [Consumer clientId=consumer-ai-processing-group-dlq-2, groupId=ai-processing-group-dlq] Requesting disconnect from last known coordinator localhost:35353 (id: 2147483647 rack: null isFenced: false)
2026-09-04T01:39:31.747+05:30  INFO 4014047 --- [backend] [ntainer#0-0-C-1] o.a.k.c.c.internals.ConsumerCoordinator  : [Consumer clientId=consumer-ai-processing-group-1, groupId=ai-processing-group] Request joining group due to: rebalance failed due to 'This is not the correct coordinator.' (NotCoordinatorException)
2026-09-04T01:39:31.748+05:30  INFO 4014047 --- [backend] [ntainer#0-0-C-1] o.a.k.c.c.internals.ConsumerCoordinator  : [Consumer clientId=consumer-ai-processing-group-1, groupId=ai-processing-group] (Re-)joining group
2026-09-04T01:39:31.748+05:30  INFO 4014047 --- [backend] [r-event-handler] o.a.k.storage.internals.log.UnifiedLog   : [LogLoader partition=__consumer_offsets-28, dir=/tmp/kafka-11414891430925667701/combined_0_0] Loading producer state till offset 0
2026-09-04T01:39:31.749+05:30  INFO 4014047 --- [backend] [r-event-handler] kafka.log.LogManager                     : Created log for partition __consumer_offsets-28 in /tmp/kafka-11414891430925667701/combined_0_0/__consumer_offsets-28 with properties {cleanup.policy=compact, compression.type="producer", segment.bytes=104857600}
2026-09-04T01:39:31.749+05:30  INFO 4014047 --- [backend] [r-event-handler] kafka.cluster.Partition                  : [Partition __consumer_offsets-28 broker=0] No checkpointed highwatermark is found for partition __consumer_offsets-28
2026-09-04T01:39:31.749+05:30  INFO 4014047 --- [backend] [r-event-handler] kafka.cluster.Partition                  : [Partition __consumer_offsets-28 broker=0] Log loaded for partition __consumer_offsets-28 with initial high watermark 0
2026-09-04T01:39:31.750+05:30  INFO 4014047 --- [backend] [r-event-handler] state.change.logger                      : [Broker id=0] Leader __consumer_offsets-28 with topic id Some(C0GqzP2lSK2t9WTM09pjog) starts at leader epoch 0 from offset 0 with partition epoch 0, high watermark 0, ISR [0], adding replicas [] and removing replicas [] . Previous leader None and previous leader epoch was -1.
2026-09-04T01:39:31.750+05:30  INFO 4014047 --- [backend] [r-event-handler] state.change.logger                      : [Broker id=0] Creating new partition __consumer_offsets-7 with topic id C0GqzP2lSK2t9WTM09pjog.
2026-09-04T01:39:31.752+05:30  INFO 4014047 --- [backend] [ntainer#0-0-C-1] o.a.k.c.c.internals.ConsumerCoordinator  : [Consumer clientId=consumer-ai-processing-group-1, groupId=ai-processing-group] Group coordinator localhost:35353 (id: 2147483647 rack: null isFenced: false) is unavailable or invalid due to cause: error response NOT_COORDINATOR. isDisconnected: false. Rediscovery will be attempted.
2026-09-04T01:39:31.752+05:30  INFO 4014047 --- [backend] [ntainer#0-0-C-1] o.a.k.c.c.internals.ConsumerCoordinator  : [Consumer clientId=consumer-ai-processing-group-1, groupId=ai-processing-group] Requesting disconnect from last known coordinator localhost:35353 (id: 2147483647 rack: null isFenced: false)
2026-09-04T01:39:31.752+05:30  INFO 4014047 --- [backend] [ntainer#0-0-C-1] o.a.k.c.c.internals.ConsumerCoordinator  : [Consumer clientId=consumer-ai-processing-group-1, groupId=ai-processing-group] JoinGroup failed: This is not the correct coordinator. Marking coordinator unknown. Sent generation was Generation{generationId=-1, memberId='', protocol='null'}
2026-09-04T01:39:31.752+05:30  INFO 4014047 --- [backend] [ntainer#0-0-C-1] org.apache.kafka.clients.NetworkClient   : [Consumer clientId=consumer-ai-processing-group-1, groupId=ai-processing-group] Client requested disconnect from node 2147483647
2026-09-04T01:39:31.755+05:30  INFO 4014047 --- [backend] [r-event-handler] o.a.k.storage.internals.log.UnifiedLog   : [LogLoader partition=__consumer_offsets-7, dir=/tmp/kafka-11414891430925667701/combined_0_0] Loading producer state till offset 0
2026-09-04T01:39:31.757+05:30  INFO 4014047 --- [backend] [ntainer#0-0-C-1] o.a.k.c.c.internals.ConsumerCoordinator  : [Consumer clientId=consumer-ai-processing-group-1, groupId=ai-processing-group] Discovered group coordinator localhost:35353 (id: 2147483647 rack: null isFenced: false)
2026-09-04T01:39:31.757+05:30  INFO 4014047 --- [backend] [r-event-handler] kafka.log.LogManager                     : Created log for partition __consumer_offsets-7 in /tmp/kafka-11414891430925667701/combined_0_0/__consumer_offsets-7 with properties {cleanup.policy=compact, compression.type="producer", segment.bytes=104857600}
2026-09-04T01:39:31.757+05:30  INFO 4014047 --- [backend] [ntainer#0-0-C-1] o.a.k.c.c.internals.ConsumerCoordinator  : [Consumer clientId=consumer-ai-processing-group-1, groupId=ai-processing-group] Group coordinator localhost:35353 (id: 2147483647 rack: null isFenced: false) is unavailable or invalid due to cause: coordinator unavailable. isDisconnected: false. Rediscovery will be attempted.
2026-09-04T01:39:31.757+05:30  INFO 4014047 --- [backend] [r-event-handler] kafka.cluster.Partition                  : [Partition __consumer_offsets-7 broker=0] No checkpointed highwatermark is found for partition __consumer_offsets-7
2026-09-04T01:39:31.757+05:30  INFO 4014047 --- [backend] [ntainer#0-0-C-1] o.a.k.c.c.internals.ConsumerCoordinator  : [Consumer clientId=consumer-ai-processing-group-1, groupId=ai-processing-group] Requesting disconnect from last known coordinator localhost:35353 (id: 2147483647 rack: null isFenced: false)
2026-09-04T01:39:31.757+05:30  INFO 4014047 --- [backend] [r-event-handler] kafka.cluster.Partition                  : [Partition __consumer_offsets-7 broker=0] Log loaded for partition __consumer_offsets-7 with initial high watermark 0
2026-09-04T01:39:31.758+05:30  INFO 4014047 --- [backend] [r-event-handler] state.change.logger                      : [Broker id=0] Leader __consumer_offsets-7 with topic id Some(C0GqzP2lSK2t9WTM09pjog) starts at leader epoch 0 from offset 0 with partition epoch 0, high watermark 0, ISR [0], adding replicas [] and removing replicas [] . Previous leader None and previous leader epoch was -1.
2026-09-04T01:39:31.758+05:30  INFO 4014047 --- [backend] [r-event-handler] state.change.logger                      : [Broker id=0] Creating new partition __consumer_offsets-40 with topic id C0GqzP2lSK2t9WTM09pjog.
2026-09-04T01:39:31.763+05:30  INFO 4014047 --- [backend] [r-event-handler] o.a.k.storage.internals.log.UnifiedLog   : [LogLoader partition=__consumer_offsets-40, dir=/tmp/kafka-11414891430925667701/combined_0_0] Loading producer state till offset 0
2026-09-04T01:39:31.764+05:30  INFO 4014047 --- [backend] [r-event-handler] kafka.log.LogManager                     : Created log for partition __consumer_offsets-40 in /tmp/kafka-11414891430925667701/combined_0_0/__consumer_offsets-40 with properties {cleanup.policy=compact, compression.type="producer", segment.bytes=104857600}
2026-09-04T01:39:31.764+05:30  INFO 4014047 --- [backend] [r-event-handler] kafka.cluster.Partition                  : [Partition __consumer_offsets-40 broker=0] No checkpointed highwatermark is found for partition __consumer_offsets-40
2026-09-04T01:39:31.764+05:30  INFO 4014047 --- [backend] [r-event-handler] kafka.cluster.Partition                  : [Partition __consumer_offsets-40 broker=0] Log loaded for partition __consumer_offsets-40 with initial high watermark 0
2026-09-04T01:39:31.764+05:30  INFO 4014047 --- [backend] [r-event-handler] state.change.logger                      : [Broker id=0] Leader __consumer_offsets-40 with topic id Some(C0GqzP2lSK2t9WTM09pjog) starts at leader epoch 0 from offset 0 with partition epoch 0, high watermark 0, ISR [0], adding replicas [] and removing replicas [] . Previous leader None and previous leader epoch was -1.
2026-09-04T01:39:31.765+05:30  INFO 4014047 --- [backend] [r-event-handler] state.change.logger                      : [Broker id=0] Creating new partition __consumer_offsets-3 with topic id C0GqzP2lSK2t9WTM09pjog.
2026-09-04T01:39:31.769+05:30  INFO 4014047 --- [backend] [r-event-handler] o.a.k.storage.internals.log.UnifiedLog   : [LogLoader partition=__consumer_offsets-3, dir=/tmp/kafka-11414891430925667701/combined_0_0] Loading producer state till offset 0
2026-09-04T01:39:31.770+05:30  INFO 4014047 --- [backend] [r-event-handler] kafka.log.LogManager                     : Created log for partition __consumer_offsets-3 in /tmp/kafka-11414891430925667701/combined_0_0/__consumer_offsets-3 with properties {cleanup.policy=compact, compression.type="producer", segment.bytes=104857600}
2026-09-04T01:39:31.770+05:30  INFO 4014047 --- [backend] [r-event-handler] kafka.cluster.Partition                  : [Partition __consumer_offsets-3 broker=0] No checkpointed highwatermark is found for partition __consumer_offsets-3
2026-09-04T01:39:31.770+05:30  INFO 4014047 --- [backend] [r-event-handler] kafka.cluster.Partition                  : [Partition __consumer_offsets-3 broker=0] Log loaded for partition __consumer_offsets-3 with initial high watermark 0
2026-09-04T01:39:31.770+05:30  INFO 4014047 --- [backend] [r-event-handler] state.change.logger                      : [Broker id=0] Leader __consumer_offsets-3 with topic id Some(C0GqzP2lSK2t9WTM09pjog) starts at leader epoch 0 from offset 0 with partition epoch 0, high watermark 0, ISR [0], adding replicas [] and removing replicas [] . Previous leader None and previous leader epoch was -1.
2026-09-04T01:39:31.771+05:30  INFO 4014047 --- [backend] [r-event-handler] state.change.logger                      : [Broker id=0] Creating new partition __consumer_offsets-36 with topic id C0GqzP2lSK2t9WTM09pjog.
2026-09-04T01:39:31.775+05:30  INFO 4014047 --- [backend] [r-event-handler] o.a.k.storage.internals.log.UnifiedLog   : [LogLoader partition=__consumer_offsets-36, dir=/tmp/kafka-11414891430925667701/combined_0_0] Loading producer state till offset 0
2026-09-04T01:39:31.776+05:30  INFO 4014047 --- [backend] [r-event-handler] kafka.log.LogManager                     : Created log for partition __consumer_offsets-36 in /tmp/kafka-11414891430925667701/combined_0_0/__consumer_offsets-36 with properties {cleanup.policy=compact, compression.type="producer", segment.bytes=104857600}
2026-09-04T01:39:31.776+05:30  INFO 4014047 --- [backend] [r-event-handler] kafka.cluster.Partition                  : [Partition __consumer_offsets-36 broker=0] No checkpointed highwatermark is found for partition __consumer_offsets-36
2026-09-04T01:39:31.776+05:30  INFO 4014047 --- [backend] [r-event-handler] kafka.cluster.Partition                  : [Partition __consumer_offsets-36 broker=0] Log loaded for partition __consumer_offsets-36 with initial high watermark 0
2026-09-04T01:39:31.776+05:30  INFO 4014047 --- [backend] [r-event-handler] state.change.logger                      : [Broker id=0] Leader __consumer_offsets-36 with topic id Some(C0GqzP2lSK2t9WTM09pjog) starts at leader epoch 0 from offset 0 with partition epoch 0, high watermark 0, ISR [0], adding replicas [] and removing replicas [] . Previous leader None and previous leader epoch was -1.
2026-09-04T01:39:31.777+05:30  INFO 4014047 --- [backend] [r-event-handler] state.change.logger                      : [Broker id=0] Creating new partition __consumer_offsets-47 with topic id C0GqzP2lSK2t9WTM09pjog.
2026-09-04T01:39:31.781+05:30  INFO 4014047 --- [backend] [r-event-handler] o.a.k.storage.internals.log.UnifiedLog   : [LogLoader partition=__consumer_offsets-47, dir=/tmp/kafka-11414891430925667701/combined_0_0] Loading producer state till offset 0
2026-09-04T01:39:31.782+05:30  INFO 4014047 --- [backend] [r-event-handler] kafka.log.LogManager                     : Created log for partition __consumer_offsets-47 in /tmp/kafka-11414891430925667701/combined_0_0/__consumer_offsets-47 with properties {cleanup.policy=compact, compression.type="producer", segment.bytes=104857600}
2026-09-04T01:39:31.782+05:30  INFO 4014047 --- [backend] [r-event-handler] kafka.cluster.Partition                  : [Partition __consumer_offsets-47 broker=0] No checkpointed highwatermark is found for partition __consumer_offsets-47
2026-09-04T01:39:31.782+05:30  INFO 4014047 --- [backend] [r-event-handler] kafka.cluster.Partition                  : [Partition __consumer_offsets-47 broker=0] Log loaded for partition __consumer_offsets-47 with initial high watermark 0
2026-09-04T01:39:31.783+05:30  INFO 4014047 --- [backend] [r-event-handler] state.change.logger                      : [Broker id=0] Leader __consumer_offsets-47 with topic id Some(C0GqzP2lSK2t9WTM09pjog) starts at leader epoch 0 from offset 0 with partition epoch 0, high watermark 0, ISR [0], adding replicas [] and removing replicas [] . Previous leader None and previous leader epoch was -1.
2026-09-04T01:39:31.783+05:30  INFO 4014047 --- [backend] [r-event-handler] state.change.logger                      : [Broker id=0] Creating new partition __consumer_offsets-14 with topic id C0GqzP2lSK2t9WTM09pjog.
2026-09-04T01:39:31.787+05:30  INFO 4014047 --- [backend] [r-event-handler] o.a.k.storage.internals.log.UnifiedLog   : [LogLoader partition=__consumer_offsets-14, dir=/tmp/kafka-11414891430925667701/combined_0_0] Loading producer state till offset 0
2026-09-04T01:39:31.788+05:30  INFO 4014047 --- [backend] [r-event-handler] kafka.log.LogManager                     : Created log for partition __consumer_offsets-14 in /tmp/kafka-11414891430925667701/combined_0_0/__consumer_offsets-14 with properties {cleanup.policy=compact, compression.type="producer", segment.bytes=104857600}
2026-09-04T01:39:31.789+05:30  INFO 4014047 --- [backend] [r-event-handler] kafka.cluster.Partition                  : [Partition __consumer_offsets-14 broker=0] No checkpointed highwatermark is found for partition __consumer_offsets-14
2026-09-04T01:39:31.789+05:30  INFO 4014047 --- [backend] [r-event-handler] kafka.cluster.Partition                  : [Partition __consumer_offsets-14 broker=0] Log loaded for partition __consumer_offsets-14 with initial high watermark 0
2026-09-04T01:39:31.789+05:30  INFO 4014047 --- [backend] [r-event-handler] state.change.logger                      : [Broker id=0] Leader __consumer_offsets-14 with topic id Some(C0GqzP2lSK2t9WTM09pjog) starts at leader epoch 0 from offset 0 with partition epoch 0, high watermark 0, ISR [0], adding replicas [] and removing replicas [] . Previous leader None and previous leader epoch was -1.
2026-09-04T01:39:31.790+05:30  INFO 4014047 --- [backend] [r-event-handler] state.change.logger                      : [Broker id=0] Creating new partition __consumer_offsets-43 with topic id C0GqzP2lSK2t9WTM09pjog.
2026-09-04T01:39:31.794+05:30  INFO 4014047 --- [backend] [r-event-handler] o.a.k.storage.internals.log.UnifiedLog   : [LogLoader partition=__consumer_offsets-43, dir=/tmp/kafka-11414891430925667701/combined_0_0] Loading producer state till offset 0
2026-09-04T01:39:31.795+05:30  INFO 4014047 --- [backend] [r-event-handler] kafka.log.LogManager                     : Created log for partition __consumer_offsets-43 in /tmp/kafka-11414891430925667701/combined_0_0/__consumer_offsets-43 with properties {cleanup.policy=compact, compression.type="producer", segment.bytes=104857600}
2026-09-04T01:39:31.795+05:30  INFO 4014047 --- [backend] [r-event-handler] kafka.cluster.Partition                  : [Partition __consumer_offsets-43 broker=0] No checkpointed highwatermark is found for partition __consumer_offsets-43
2026-09-04T01:39:31.795+05:30  INFO 4014047 --- [backend] [r-event-handler] kafka.cluster.Partition                  : [Partition __consumer_offsets-43 broker=0] Log loaded for partition __consumer_offsets-43 with initial high watermark 0
2026-09-04T01:39:31.795+05:30  INFO 4014047 --- [backend] [r-event-handler] state.change.logger                      : [Broker id=0] Leader __consumer_offsets-43 with topic id Some(C0GqzP2lSK2t9WTM09pjog) starts at leader epoch 0 from offset 0 with partition epoch 0, high watermark 0, ISR [0], adding replicas [] and removing replicas [] . Previous leader None and previous leader epoch was -1.
2026-09-04T01:39:31.796+05:30  INFO 4014047 --- [backend] [r-event-handler] state.change.logger                      : [Broker id=0] Creating new partition __consumer_offsets-10 with topic id C0GqzP2lSK2t9WTM09pjog.
2026-09-04T01:39:31.801+05:30  INFO 4014047 --- [backend] [r-event-handler] o.a.k.storage.internals.log.UnifiedLog   : [LogLoader partition=__consumer_offsets-10, dir=/tmp/kafka-11414891430925667701/combined_0_0] Loading producer state till offset 0
2026-09-04T01:39:31.802+05:30  INFO 4014047 --- [backend] [r-event-handler] kafka.log.LogManager                     : Created log for partition __consumer_offsets-10 in /tmp/kafka-11414891430925667701/combined_0_0/__consumer_offsets-10 with properties {cleanup.policy=compact, compression.type="producer", segment.bytes=104857600}
2026-09-04T01:39:31.802+05:30  INFO 4014047 --- [backend] [r-event-handler] kafka.cluster.Partition                  : [Partition __consumer_offsets-10 broker=0] No checkpointed highwatermark is found for partition __consumer_offsets-10
2026-09-04T01:39:31.802+05:30  INFO 4014047 --- [backend] [r-event-handler] kafka.cluster.Partition                  : [Partition __consumer_offsets-10 broker=0] Log loaded for partition __consumer_offsets-10 with initial high watermark 0
2026-09-04T01:39:31.802+05:30  INFO 4014047 --- [backend] [r-event-handler] state.change.logger                      : [Broker id=0] Leader __consumer_offsets-10 with topic id Some(C0GqzP2lSK2t9WTM09pjog) starts at leader epoch 0 from offset 0 with partition epoch 0, high watermark 0, ISR [0], adding replicas [] and removing replicas [] . Previous leader None and previous leader epoch was -1.
2026-09-04T01:39:31.803+05:30  INFO 4014047 --- [backend] [r-event-handler] state.change.logger                      : [Broker id=0] Creating new partition __consumer_offsets-22 with topic id C0GqzP2lSK2t9WTM09pjog.
2026-09-04T01:39:31.807+05:30  INFO 4014047 --- [backend] [r-event-handler] o.a.k.storage.internals.log.UnifiedLog   : [LogLoader partition=__consumer_offsets-22, dir=/tmp/kafka-11414891430925667701/combined_0_0] Loading producer state till offset 0
2026-09-04T01:39:31.808+05:30  INFO 4014047 --- [backend] [r-event-handler] kafka.log.LogManager                     : Created log for partition __consumer_offsets-22 in /tmp/kafka-11414891430925667701/combined_0_0/__consumer_offsets-22 with properties {cleanup.policy=compact, compression.type="producer", segment.bytes=104857600}
2026-09-04T01:39:31.808+05:30  INFO 4014047 --- [backend] [r-event-handler] kafka.cluster.Partition                  : [Partition __consumer_offsets-22 broker=0] No checkpointed highwatermark is found for partition __consumer_offsets-22
2026-09-04T01:39:31.808+05:30  INFO 4014047 --- [backend] [r-event-handler] kafka.cluster.Partition                  : [Partition __consumer_offsets-22 broker=0] Log loaded for partition __consumer_offsets-22 with initial high watermark 0
2026-09-04T01:39:31.809+05:30  INFO 4014047 --- [backend] [r-event-handler] state.change.logger                      : [Broker id=0] Leader __consumer_offsets-22 with topic id Some(C0GqzP2lSK2t9WTM09pjog) starts at leader epoch 0 from offset 0 with partition epoch 0, high watermark 0, ISR [0], adding replicas [] and removing replicas [] . Previous leader None and previous leader epoch was -1.
2026-09-04T01:39:31.809+05:30  INFO 4014047 --- [backend] [r-event-handler] state.change.logger                      : [Broker id=0] Creating new partition __consumer_offsets-18 with topic id C0GqzP2lSK2t9WTM09pjog.
2026-09-04T01:39:31.813+05:30  INFO 4014047 --- [backend] [r-event-handler] o.a.k.storage.internals.log.UnifiedLog   : [LogLoader partition=__consumer_offsets-18, dir=/tmp/kafka-11414891430925667701/combined_0_0] Loading producer state till offset 0
2026-09-04T01:39:31.814+05:30  INFO 4014047 --- [backend] [r-event-handler] kafka.log.LogManager                     : Created log for partition __consumer_offsets-18 in /tmp/kafka-11414891430925667701/combined_0_0/__consumer_offsets-18 with properties {cleanup.policy=compact, compression.type="producer", segment.bytes=104857600}
2026-09-04T01:39:31.814+05:30  INFO 4014047 --- [backend] [r-event-handler] kafka.cluster.Partition                  : [Partition __consumer_offsets-18 broker=0] No checkpointed highwatermark is found for partition __consumer_offsets-18
2026-09-04T01:39:31.815+05:30  INFO 4014047 --- [backend] [r-event-handler] kafka.cluster.Partition                  : [Partition __consumer_offsets-18 broker=0] Log loaded for partition __consumer_offsets-18 with initial high watermark 0
2026-09-04T01:39:31.815+05:30  INFO 4014047 --- [backend] [r-event-handler] state.change.logger                      : [Broker id=0] Leader __consumer_offsets-18 with topic id Some(C0GqzP2lSK2t9WTM09pjog) starts at leader epoch 0 from offset 0 with partition epoch 0, high watermark 0, ISR [0], adding replicas [] and removing replicas [] . Previous leader None and previous leader epoch was -1.
2026-09-04T01:39:31.815+05:30  INFO 4014047 --- [backend] [r-event-handler] state.change.logger                      : [Broker id=0] Creating new partition __consumer_offsets-31 with topic id C0GqzP2lSK2t9WTM09pjog.
2026-09-04T01:39:31.820+05:30  INFO 4014047 --- [backend] [r-event-handler] o.a.k.storage.internals.log.UnifiedLog   : [LogLoader partition=__consumer_offsets-31, dir=/tmp/kafka-11414891430925667701/combined_0_0] Loading producer state till offset 0
2026-09-04T01:39:31.821+05:30  INFO 4014047 --- [backend] [r-event-handler] kafka.log.LogManager                     : Created log for partition __consumer_offsets-31 in /tmp/kafka-11414891430925667701/combined_0_0/__consumer_offsets-31 with properties {cleanup.policy=compact, compression.type="producer", segment.bytes=104857600}
2026-09-04T01:39:31.821+05:30  INFO 4014047 --- [backend] [r-event-handler] kafka.cluster.Partition                  : [Partition __consumer_offsets-31 broker=0] No checkpointed highwatermark is found for partition __consumer_offsets-31
2026-09-04T01:39:31.821+05:30  INFO 4014047 --- [backend] [r-event-handler] kafka.cluster.Partition                  : [Partition __consumer_offsets-31 broker=0] Log loaded for partition __consumer_offsets-31 with initial high watermark 0
2026-09-04T01:39:31.821+05:30  INFO 4014047 --- [backend] [r-event-handler] state.change.logger                      : [Broker id=0] Leader __consumer_offsets-31 with topic id Some(C0GqzP2lSK2t9WTM09pjog) starts at leader epoch 0 from offset 0 with partition epoch 0, high watermark 0, ISR [0], adding replicas [] and removing replicas [] . Previous leader None and previous leader epoch was -1.
2026-09-04T01:39:31.822+05:30  INFO 4014047 --- [backend] [r-event-handler] state.change.logger                      : [Broker id=0] Creating new partition __consumer_offsets-27 with topic id C0GqzP2lSK2t9WTM09pjog.
2026-09-04T01:39:31.826+05:30  INFO 4014047 --- [backend] [r-event-handler] o.a.k.storage.internals.log.UnifiedLog   : [LogLoader partition=__consumer_offsets-27, dir=/tmp/kafka-11414891430925667701/combined_0_0] Loading producer state till offset 0
2026-09-04T01:39:31.827+05:30  INFO 4014047 --- [backend] [r-event-handler] kafka.log.LogManager                     : Created log for partition __consumer_offsets-27 in /tmp/kafka-11414891430925667701/combined_0_0/__consumer_offsets-27 with properties {cleanup.policy=compact, compression.type="producer", segment.bytes=104857600}
2026-09-04T01:39:31.827+05:30  INFO 4014047 --- [backend] [r-event-handler] kafka.cluster.Partition                  : [Partition __consumer_offsets-27 broker=0] No checkpointed highwatermark is found for partition __consumer_offsets-27
2026-09-04T01:39:31.827+05:30  INFO 4014047 --- [backend] [r-event-handler] kafka.cluster.Partition                  : [Partition __consumer_offsets-27 broker=0] Log loaded for partition __consumer_offsets-27 with initial high watermark 0
2026-09-04T01:39:31.828+05:30  INFO 4014047 --- [backend] [r-event-handler] state.change.logger                      : [Broker id=0] Leader __consumer_offsets-27 with topic id Some(C0GqzP2lSK2t9WTM09pjog) starts at leader epoch 0 from offset 0 with partition epoch 0, high watermark 0, ISR [0], adding replicas [] and removing replicas [] . Previous leader None and previous leader epoch was -1.
2026-09-04T01:39:31.828+05:30  INFO 4014047 --- [backend] [r-event-handler] state.change.logger                      : [Broker id=0] Creating new partition __consumer_offsets-39 with topic id C0GqzP2lSK2t9WTM09pjog.
2026-09-04T01:39:31.832+05:30  INFO 4014047 --- [backend] [r-event-handler] o.a.k.storage.internals.log.UnifiedLog   : [LogLoader partition=__consumer_offsets-39, dir=/tmp/kafka-11414891430925667701/combined_0_0] Loading producer state till offset 0
2026-09-04T01:39:31.833+05:30  INFO 4014047 --- [backend] [r-event-handler] kafka.log.LogManager                     : Created log for partition __consumer_offsets-39 in /tmp/kafka-11414891430925667701/combined_0_0/__consumer_offsets-39 with properties {cleanup.policy=compact, compression.type="producer", segment.bytes=104857600}
2026-09-04T01:39:31.833+05:30  INFO 4014047 --- [backend] [r-event-handler] kafka.cluster.Partition                  : [Partition __consumer_offsets-39 broker=0] No checkpointed highwatermark is found for partition __consumer_offsets-39
2026-09-04T01:39:31.833+05:30  INFO 4014047 --- [backend] [r-event-handler] kafka.cluster.Partition                  : [Partition __consumer_offsets-39 broker=0] Log loaded for partition __consumer_offsets-39 with initial high watermark 0
2026-09-04T01:39:31.833+05:30  INFO 4014047 --- [backend] [r-event-handler] state.change.logger                      : [Broker id=0] Leader __consumer_offsets-39 with topic id Some(C0GqzP2lSK2t9WTM09pjog) starts at leader epoch 0 from offset 0 with partition epoch 0, high watermark 0, ISR [0], adding replicas [] and removing replicas [] . Previous leader None and previous leader epoch was -1.
2026-09-04T01:39:31.834+05:30  INFO 4014047 --- [backend] [r-event-handler] state.change.logger                      : [Broker id=0] Creating new partition __consumer_offsets-6 with topic id C0GqzP2lSK2t9WTM09pjog.
2026-09-04T01:39:31.838+05:30  INFO 4014047 --- [backend] [r-event-handler] o.a.k.storage.internals.log.UnifiedLog   : [LogLoader partition=__consumer_offsets-6, dir=/tmp/kafka-11414891430925667701/combined_0_0] Loading producer state till offset 0
2026-09-04T01:39:31.839+05:30  INFO 4014047 --- [backend] [r-event-handler] kafka.log.LogManager                     : Created log for partition __consumer_offsets-6 in /tmp/kafka-11414891430925667701/combined_0_0/__consumer_offsets-6 with properties {cleanup.policy=compact, compression.type="producer", segment.bytes=104857600}
2026-09-04T01:39:31.839+05:30  INFO 4014047 --- [backend] [r-event-handler] kafka.cluster.Partition                  : [Partition __consumer_offsets-6 broker=0] No checkpointed highwatermark is found for partition __consumer_offsets-6
2026-09-04T01:39:31.839+05:30  INFO 4014047 --- [backend] [r-event-handler] kafka.cluster.Partition                  : [Partition __consumer_offsets-6 broker=0] Log loaded for partition __consumer_offsets-6 with initial high watermark 0
2026-09-04T01:39:31.839+05:30  INFO 4014047 --- [backend] [r-event-handler] state.change.logger                      : [Broker id=0] Leader __consumer_offsets-6 with topic id Some(C0GqzP2lSK2t9WTM09pjog) starts at leader epoch 0 from offset 0 with partition epoch 0, high watermark 0, ISR [0], adding replicas [] and removing replicas [] . Previous leader None and previous leader epoch was -1.
2026-09-04T01:39:31.840+05:30  INFO 4014047 --- [backend] [r-event-handler] state.change.logger                      : [Broker id=0] Creating new partition __consumer_offsets-35 with topic id C0GqzP2lSK2t9WTM09pjog.
2026-09-04T01:39:31.844+05:30  INFO 4014047 --- [backend] [r-event-handler] o.a.k.storage.internals.log.UnifiedLog   : [LogLoader partition=__consumer_offsets-35, dir=/tmp/kafka-11414891430925667701/combined_0_0] Loading producer state till offset 0
2026-09-04T01:39:31.845+05:30  INFO 4014047 --- [backend] [r-event-handler] kafka.log.LogManager                     : Created log for partition __consumer_offsets-35 in /tmp/kafka-11414891430925667701/combined_0_0/__consumer_offsets-35 with properties {cleanup.policy=compact, compression.type="producer", segment.bytes=104857600}
2026-09-04T01:39:31.846+05:30  INFO 4014047 --- [backend] [r-event-handler] kafka.cluster.Partition                  : [Partition __consumer_offsets-35 broker=0] No checkpointed highwatermark is found for partition __consumer_offsets-35
2026-09-04T01:39:31.846+05:30  INFO 4014047 --- [backend] [r-event-handler] kafka.cluster.Partition                  : [Partition __consumer_offsets-35 broker=0] Log loaded for partition __consumer_offsets-35 with initial high watermark 0
2026-09-04T01:39:31.846+05:30  INFO 4014047 --- [backend] [ntainer#0-0-C-1] o.a.k.c.c.internals.ConsumerCoordinator  : [Consumer clientId=consumer-ai-processing-group-1, groupId=ai-processing-group] Discovered group coordinator localhost:35353 (id: 2147483647 rack: null isFenced: false)
2026-09-04T01:39:31.846+05:30  INFO 4014047 --- [backend] [r-event-handler] state.change.logger                      : [Broker id=0] Leader __consumer_offsets-35 with topic id Some(C0GqzP2lSK2t9WTM09pjog) starts at leader epoch 0 from offset 0 with partition epoch 0, high watermark 0, ISR [0], adding replicas [] and removing replicas [] . Previous leader None and previous leader epoch was -1.
2026-09-04T01:39:31.846+05:30  INFO 4014047 --- [backend] [r-event-handler] state.change.logger                      : [Broker id=0] Creating new partition __consumer_offsets-2 with topic id C0GqzP2lSK2t9WTM09pjog.
2026-09-04T01:39:31.847+05:30  INFO 4014047 --- [backend] [ntainer#0-0-C-1] o.a.k.c.c.internals.ConsumerCoordinator  : [Consumer clientId=consumer-ai-processing-group-1, groupId=ai-processing-group] Request joining group due to: rebalance failed due to 'This is not the correct coordinator.' (NotCoordinatorException)
2026-09-04T01:39:31.848+05:30  INFO 4014047 --- [backend] [ntainer#0-0-C-1] o.a.k.c.c.internals.ConsumerCoordinator  : [Consumer clientId=consumer-ai-processing-group-1, groupId=ai-processing-group] (Re-)joining group
2026-09-04T01:39:31.851+05:30  INFO 4014047 --- [backend] [r-event-handler] o.a.k.storage.internals.log.UnifiedLog   : [LogLoader partition=__consumer_offsets-2, dir=/tmp/kafka-11414891430925667701/combined_0_0] Loading producer state till offset 0
2026-09-04T01:39:31.852+05:30  INFO 4014047 --- [backend] [ntainer#0-0-C-1] o.a.k.c.c.internals.ConsumerCoordinator  : [Consumer clientId=consumer-ai-processing-group-1, groupId=ai-processing-group] Group coordinator localhost:35353 (id: 2147483647 rack: null isFenced: false) is unavailable or invalid due to cause: error response NOT_COORDINATOR. isDisconnected: false. Rediscovery will be attempted.
2026-09-04T01:39:31.852+05:30  INFO 4014047 --- [backend] [r-event-handler] kafka.log.LogManager                     : Created log for partition __consumer_offsets-2 in /tmp/kafka-11414891430925667701/combined_0_0/__consumer_offsets-2 with properties {cleanup.policy=compact, compression.type="producer", segment.bytes=104857600}
2026-09-04T01:39:31.852+05:30  INFO 4014047 --- [backend] [ntainer#0-0-C-1] o.a.k.c.c.internals.ConsumerCoordinator  : [Consumer clientId=consumer-ai-processing-group-1, groupId=ai-processing-group] Requesting disconnect from last known coordinator localhost:35353 (id: 2147483647 rack: null isFenced: false)
2026-09-04T01:39:31.852+05:30  INFO 4014047 --- [backend] [r-event-handler] kafka.cluster.Partition                  : [Partition __consumer_offsets-2 broker=0] No checkpointed highwatermark is found for partition __consumer_offsets-2
2026-09-04T01:39:31.852+05:30  INFO 4014047 --- [backend] [ntainer#0-0-C-1] o.a.k.c.c.internals.ConsumerCoordinator  : [Consumer clientId=consumer-ai-processing-group-1, groupId=ai-processing-group] JoinGroup failed: This is not the correct coordinator. Marking coordinator unknown. Sent generation was Generation{generationId=-1, memberId='', protocol='null'}
2026-09-04T01:39:31.852+05:30  INFO 4014047 --- [backend] [r-event-handler] kafka.cluster.Partition                  : [Partition __consumer_offsets-2 broker=0] Log loaded for partition __consumer_offsets-2 with initial high watermark 0
2026-09-04T01:39:31.852+05:30  INFO 4014047 --- [backend] [ntainer#0-0-C-1] org.apache.kafka.clients.NetworkClient   : [Consumer clientId=consumer-ai-processing-group-1, groupId=ai-processing-group] Client requested disconnect from node 2147483647
2026-09-04T01:39:31.852+05:30  INFO 4014047 --- [backend] [r-event-handler] state.change.logger                      : [Broker id=0] Leader __consumer_offsets-2 with topic id Some(C0GqzP2lSK2t9WTM09pjog) starts at leader epoch 0 from offset 0 with partition epoch 0, high watermark 0, ISR [0], adding replicas [] and removing replicas [] . Previous leader None and previous leader epoch was -1.
2026-09-04T01:39:31.855+05:30  INFO 4014047 --- [backend] [r-event-handler] o.a.k.c.c.runtime.CoordinatorRuntime     : [GroupCoordinator id=0] Scheduling loading of metadata from __consumer_offsets-13 with epoch 0
2026-09-04T01:39:31.856+05:30  INFO 4014047 --- [backend] [ntainer#0-0-C-1] o.a.k.c.c.internals.ConsumerCoordinator  : [Consumer clientId=consumer-ai-processing-group-1, groupId=ai-processing-group] Discovered group coordinator localhost:35353 (id: 2147483647 rack: null isFenced: false)
2026-09-04T01:39:31.856+05:30  INFO 4014047 --- [backend] [ntainer#0-0-C-1] o.a.k.c.c.internals.ConsumerCoordinator  : [Consumer clientId=consumer-ai-processing-group-1, groupId=ai-processing-group] Group coordinator localhost:35353 (id: 2147483647 rack: null isFenced: false) is unavailable or invalid due to cause: coordinator unavailable. isDisconnected: false. Rediscovery will be attempted.
2026-09-04T01:39:31.856+05:30  INFO 4014047 --- [backend] [ntainer#0-0-C-1] o.a.k.c.c.internals.ConsumerCoordinator  : [Consumer clientId=consumer-ai-processing-group-1, groupId=ai-processing-group] Requesting disconnect from last known coordinator localhost:35353 (id: 2147483647 rack: null isFenced: false)
2026-09-04T01:39:31.857+05:30  INFO 4014047 --- [backend] [ntainer#1-0-C-1] o.a.k.c.c.internals.ConsumerCoordinator  : [Consumer clientId=consumer-ai-processing-group-dlq-2, groupId=ai-processing-group-dlq] Discovered group coordinator localhost:35353 (id: 2147483647 rack: null isFenced: false)
2026-09-04T01:39:31.859+05:30  INFO 4014047 --- [backend] [ntainer#1-0-C-1] o.a.k.c.c.internals.ConsumerCoordinator  : [Consumer clientId=consumer-ai-processing-group-dlq-2, groupId=ai-processing-group-dlq] Request joining group due to: rebalance failed due to 'This is not the correct coordinator.' (NotCoordinatorException)
2026-09-04T01:39:31.859+05:30  INFO 4014047 --- [backend] [ntainer#1-0-C-1] o.a.k.c.c.internals.ConsumerCoordinator  : [Consumer clientId=consumer-ai-processing-group-dlq-2, groupId=ai-processing-group-dlq] (Re-)joining group
2026-09-04T01:39:31.863+05:30  INFO 4014047 --- [backend] [ntainer#1-0-C-1] o.a.k.c.c.internals.ConsumerCoordinator  : [Consumer clientId=consumer-ai-processing-group-dlq-2, groupId=ai-processing-group-dlq] Group coordinator localhost:35353 (id: 2147483647 rack: null isFenced: false) is unavailable or invalid due to cause: error response NOT_COORDINATOR. isDisconnected: false. Rediscovery will be attempted.
2026-09-04T01:39:31.863+05:30  INFO 4014047 --- [backend] [ntainer#1-0-C-1] o.a.k.c.c.internals.ConsumerCoordinator  : [Consumer clientId=consumer-ai-processing-group-dlq-2, groupId=ai-processing-group-dlq] Requesting disconnect from last known coordinator localhost:35353 (id: 2147483647 rack: null isFenced: false)
2026-09-04T01:39:31.863+05:30  INFO 4014047 --- [backend] [ntainer#1-0-C-1] o.a.k.c.c.internals.ConsumerCoordinator  : [Consumer clientId=consumer-ai-processing-group-dlq-2, groupId=ai-processing-group-dlq] JoinGroup failed: This is not the correct coordinator. Marking coordinator unknown. Sent generation was Generation{generationId=-1, memberId='', protocol='null'}
2026-09-04T01:39:31.863+05:30  INFO 4014047 --- [backend] [ntainer#1-0-C-1] org.apache.kafka.clients.NetworkClient   : [Consumer clientId=consumer-ai-processing-group-dlq-2, groupId=ai-processing-group-dlq] Client requested disconnect from node 2147483647
2026-09-04T01:39:31.864+05:30  INFO 4014047 --- [backend] [r-event-handler] o.a.k.c.c.runtime.CoordinatorRuntime     : [GroupCoordinator id=0] Scheduling loading of metadata from __consumer_offsets-46 with epoch 0
2026-09-04T01:39:31.864+05:30  INFO 4014047 --- [backend] [r-event-handler] o.a.k.c.c.runtime.CoordinatorRuntime     : [GroupCoordinator id=0] Scheduling loading of metadata from __consumer_offsets-9 with epoch 0
2026-09-04T01:39:31.865+05:30  INFO 4014047 --- [backend] [r-event-handler] o.a.k.c.c.runtime.CoordinatorRuntime     : [GroupCoordinator id=0] Scheduling loading of metadata from __consumer_offsets-42 with epoch 0
2026-09-04T01:39:31.865+05:30  INFO 4014047 --- [backend] [r-event-handler] o.a.k.c.c.runtime.CoordinatorRuntime     : [GroupCoordinator id=0] Scheduling loading of metadata from __consumer_offsets-21 with epoch 0
2026-09-04T01:39:31.865+05:30  INFO 4014047 --- [backend] [r-event-handler] o.a.k.c.c.runtime.CoordinatorRuntime     : [GroupCoordinator id=0] Scheduling loading of metadata from __consumer_offsets-17 with epoch 0
2026-09-04T01:39:31.865+05:30  INFO 4014047 --- [backend] [r-event-handler] o.a.k.c.c.runtime.CoordinatorRuntime     : [GroupCoordinator id=0] Scheduling loading of metadata from __consumer_offsets-30 with epoch 0
2026-09-04T01:39:31.865+05:30  INFO 4014047 --- [backend] [r-event-handler] o.a.k.c.c.runtime.CoordinatorRuntime     : [GroupCoordinator id=0] Scheduling loading of metadata from __consumer_offsets-26 with epoch 0
2026-09-04T01:39:31.865+05:30  INFO 4014047 --- [backend] [r-event-handler] o.a.k.c.c.runtime.CoordinatorRuntime     : [GroupCoordinator id=0] Scheduling loading of metadata from __consumer_offsets-5 with epoch 0
2026-09-04T01:39:31.865+05:30  INFO 4014047 --- [backend] [r-event-handler] o.a.k.c.c.runtime.CoordinatorRuntime     : [GroupCoordinator id=0] Scheduling loading of metadata from __consumer_offsets-38 with epoch 0
2026-09-04T01:39:31.865+05:30  INFO 4014047 --- [backend] [r-event-handler] o.a.k.c.c.runtime.CoordinatorRuntime     : [GroupCoordinator id=0] Scheduling loading of metadata from __consumer_offsets-1 with epoch 0
2026-09-04T01:39:31.865+05:30  INFO 4014047 --- [backend] [r-event-handler] o.a.k.c.c.runtime.CoordinatorRuntime     : [GroupCoordinator id=0] Scheduling loading of metadata from __consumer_offsets-34 with epoch 0
2026-09-04T01:39:31.865+05:30  INFO 4014047 --- [backend] [r-event-handler] o.a.k.c.c.runtime.CoordinatorRuntime     : [GroupCoordinator id=0] Scheduling loading of metadata from __consumer_offsets-16 with epoch 0
2026-09-04T01:39:31.865+05:30  INFO 4014047 --- [backend] [r-event-handler] o.a.k.c.c.runtime.CoordinatorRuntime     : [GroupCoordinator id=0] Scheduling loading of metadata from __consumer_offsets-45 with epoch 0
2026-09-04T01:39:31.865+05:30  INFO 4014047 --- [backend] [r-event-handler] o.a.k.c.c.runtime.CoordinatorRuntime     : [GroupCoordinator id=0] Scheduling loading of metadata from __consumer_offsets-12 with epoch 0
2026-09-04T01:39:31.866+05:30  INFO 4014047 --- [backend] [r-event-handler] o.a.k.c.c.runtime.CoordinatorRuntime     : [GroupCoordinator id=0] Scheduling loading of metadata from __consumer_offsets-41 with epoch 0
2026-09-04T01:39:31.866+05:30  INFO 4014047 --- [backend] [r-event-handler] o.a.k.c.c.runtime.CoordinatorRuntime     : [GroupCoordinator id=0] Scheduling loading of metadata from __consumer_offsets-24 with epoch 0
2026-09-04T01:39:31.866+05:30  INFO 4014047 --- [backend] [r-event-handler] o.a.k.c.c.runtime.CoordinatorRuntime     : [GroupCoordinator id=0] Scheduling loading of metadata from __consumer_offsets-20 with epoch 0
2026-09-04T01:39:31.866+05:30  INFO 4014047 --- [backend] [r-event-handler] o.a.k.c.c.runtime.CoordinatorRuntime     : [GroupCoordinator id=0] Scheduling loading of metadata from __consumer_offsets-49 with epoch 0
2026-09-04T01:39:31.866+05:30  INFO 4014047 --- [backend] [r-event-handler] o.a.k.c.c.runtime.CoordinatorRuntime     : [GroupCoordinator id=0] Scheduling loading of metadata from __consumer_offsets-0 with epoch 0
2026-09-04T01:39:31.866+05:30  INFO 4014047 --- [backend] [r-event-handler] o.a.k.c.c.runtime.CoordinatorRuntime     : [GroupCoordinator id=0] Scheduling loading of metadata from __consumer_offsets-29 with epoch 0
2026-09-04T01:39:31.866+05:30  INFO 4014047 --- [backend] [ntainer#1-0-C-1] o.a.k.c.c.internals.ConsumerCoordinator  : [Consumer clientId=consumer-ai-processing-group-dlq-2, groupId=ai-processing-group-dlq] Discovered group coordinator localhost:35353 (id: 2147483647 rack: null isFenced: false)
2026-09-04T01:39:31.866+05:30  INFO 4014047 --- [backend] [r-event-handler] o.a.k.c.c.runtime.CoordinatorRuntime     : [GroupCoordinator id=0] Scheduling loading of metadata from __consumer_offsets-25 with epoch 0
2026-09-04T01:39:31.866+05:30  INFO 4014047 --- [backend] [r-event-handler] o.a.k.c.c.runtime.CoordinatorRuntime     : [GroupCoordinator id=0] Scheduling loading of metadata from __consumer_offsets-8 with epoch 0
2026-09-04T01:39:31.866+05:30  INFO 4014047 --- [backend] [ntainer#1-0-C-1] o.a.k.c.c.internals.ConsumerCoordinator  : [Consumer clientId=consumer-ai-processing-group-dlq-2, groupId=ai-processing-group-dlq] Group coordinator localhost:35353 (id: 2147483647 rack: null isFenced: false) is unavailable or invalid due to cause: coordinator unavailable. isDisconnected: false. Rediscovery will be attempted.
2026-09-04T01:39:31.866+05:30  INFO 4014047 --- [backend] [ntainer#1-0-C-1] o.a.k.c.c.internals.ConsumerCoordinator  : [Consumer clientId=consumer-ai-processing-group-dlq-2, groupId=ai-processing-group-dlq] Requesting disconnect from last known coordinator localhost:35353 (id: 2147483647 rack: null isFenced: false)
2026-09-04T01:39:31.867+05:30  INFO 4014047 --- [backend] [r-event-handler] o.a.k.c.c.runtime.CoordinatorRuntime     : [GroupCoordinator id=0] Scheduling loading of metadata from __consumer_offsets-37 with epoch 0
2026-09-04T01:39:31.867+05:30  INFO 4014047 --- [backend] [r-event-handler] o.a.k.c.c.runtime.CoordinatorRuntime     : [GroupCoordinator id=0] Scheduling loading of metadata from __consumer_offsets-4 with epoch 0
2026-09-04T01:39:31.867+05:30  INFO 4014047 --- [backend] [r-event-handler] o.a.k.c.c.runtime.CoordinatorRuntime     : [GroupCoordinator id=0] Scheduling loading of metadata from __consumer_offsets-33 with epoch 0
2026-09-04T01:39:31.867+05:30  INFO 4014047 --- [backend] [r-event-handler] o.a.k.c.c.runtime.CoordinatorRuntime     : [GroupCoordinator id=0] Scheduling loading of metadata from __consumer_offsets-15 with epoch 0
2026-09-04T01:39:31.867+05:30  INFO 4014047 --- [backend] [r-event-handler] o.a.k.c.c.runtime.CoordinatorRuntime     : [GroupCoordinator id=0] Scheduling loading of metadata from __consumer_offsets-48 with epoch 0
2026-09-04T01:39:31.867+05:30  INFO 4014047 --- [backend] [r-event-handler] o.a.k.c.c.runtime.CoordinatorRuntime     : [GroupCoordinator id=0] Scheduling loading of metadata from __consumer_offsets-11 with epoch 0
2026-09-04T01:39:31.867+05:30  INFO 4014047 --- [backend] [r-event-handler] o.a.k.c.c.runtime.CoordinatorRuntime     : [GroupCoordinator id=0] Scheduling loading of metadata from __consumer_offsets-44 with epoch 0
2026-09-04T01:39:31.867+05:30  INFO 4014047 --- [backend] [r-event-handler] o.a.k.c.c.runtime.CoordinatorRuntime     : [GroupCoordinator id=0] Scheduling loading of metadata from __consumer_offsets-23 with epoch 0
2026-09-04T01:39:31.867+05:30  INFO 4014047 --- [backend] [r-event-handler] o.a.k.c.c.runtime.CoordinatorRuntime     : [GroupCoordinator id=0] Scheduling loading of metadata from __consumer_offsets-19 with epoch 0
2026-09-04T01:39:31.867+05:30  INFO 4014047 --- [backend] [r-event-handler] o.a.k.c.c.runtime.CoordinatorRuntime     : [GroupCoordinator id=0] Scheduling loading of metadata from __consumer_offsets-32 with epoch 0
2026-09-04T01:39:31.867+05:30  INFO 4014047 --- [backend] [r-event-handler] o.a.k.c.c.runtime.CoordinatorRuntime     : [GroupCoordinator id=0] Scheduling loading of metadata from __consumer_offsets-28 with epoch 0
2026-09-04T01:39:31.868+05:30  INFO 4014047 --- [backend] [r-event-handler] o.a.k.c.c.runtime.CoordinatorRuntime     : [GroupCoordinator id=0] Scheduling loading of metadata from __consumer_offsets-7 with epoch 0
2026-09-04T01:39:31.868+05:30  INFO 4014047 --- [backend] [r-event-handler] o.a.k.c.c.runtime.CoordinatorRuntime     : [GroupCoordinator id=0] Scheduling loading of metadata from __consumer_offsets-40 with epoch 0
2026-09-04T01:39:31.868+05:30  INFO 4014047 --- [backend] [r-event-handler] o.a.k.c.c.runtime.CoordinatorRuntime     : [GroupCoordinator id=0] Scheduling loading of metadata from __consumer_offsets-3 with epoch 0
2026-09-04T01:39:31.868+05:30  INFO 4014047 --- [backend] [r-event-handler] o.a.k.c.c.runtime.CoordinatorRuntime     : [GroupCoordinator id=0] Scheduling loading of metadata from __consumer_offsets-36 with epoch 0
2026-09-04T01:39:31.868+05:30  INFO 4014047 --- [backend] [r-event-handler] o.a.k.c.c.runtime.CoordinatorRuntime     : [GroupCoordinator id=0] Scheduling loading of metadata from __consumer_offsets-47 with epoch 0
2026-09-04T01:39:31.868+05:30  INFO 4014047 --- [backend] [r-event-handler] o.a.k.c.c.runtime.CoordinatorRuntime     : [GroupCoordinator id=0] Scheduling loading of metadata from __consumer_offsets-14 with epoch 0
2026-09-04T01:39:31.868+05:30  INFO 4014047 --- [backend] [r-event-handler] o.a.k.c.c.runtime.CoordinatorRuntime     : [GroupCoordinator id=0] Scheduling loading of metadata from __consumer_offsets-43 with epoch 0
2026-09-04T01:39:31.868+05:30  INFO 4014047 --- [backend] [r-event-handler] o.a.k.c.c.runtime.CoordinatorRuntime     : [GroupCoordinator id=0] Scheduling loading of metadata from __consumer_offsets-10 with epoch 0
2026-09-04T01:39:31.868+05:30  INFO 4014047 --- [backend] [r-event-handler] o.a.k.c.c.runtime.CoordinatorRuntime     : [GroupCoordinator id=0] Scheduling loading of metadata from __consumer_offsets-22 with epoch 0
2026-09-04T01:39:31.868+05:30  INFO 4014047 --- [backend] [r-event-handler] o.a.k.c.c.runtime.CoordinatorRuntime     : [GroupCoordinator id=0] Scheduling loading of metadata from __consumer_offsets-18 with epoch 0
2026-09-04T01:39:31.868+05:30  INFO 4014047 --- [backend] [r-event-handler] o.a.k.c.c.runtime.CoordinatorRuntime     : [GroupCoordinator id=0] Scheduling loading of metadata from __consumer_offsets-31 with epoch 0
2026-09-04T01:39:31.869+05:30  INFO 4014047 --- [backend] [r-event-handler] o.a.k.c.c.runtime.CoordinatorRuntime     : [GroupCoordinator id=0] Scheduling loading of metadata from __consumer_offsets-27 with epoch 0
2026-09-04T01:39:31.869+05:30  INFO 4014047 --- [backend] [r-event-handler] o.a.k.c.c.runtime.CoordinatorRuntime     : [GroupCoordinator id=0] Scheduling loading of metadata from __consumer_offsets-39 with epoch 0
2026-09-04T01:39:31.869+05:30  INFO 4014047 --- [backend] [r-event-handler] o.a.k.c.c.runtime.CoordinatorRuntime     : [GroupCoordinator id=0] Scheduling loading of metadata from __consumer_offsets-6 with epoch 0
2026-09-04T01:39:31.869+05:30  INFO 4014047 --- [backend] [r-event-handler] o.a.k.c.c.runtime.CoordinatorRuntime     : [GroupCoordinator id=0] Scheduling loading of metadata from __consumer_offsets-35 with epoch 0
2026-09-04T01:39:31.869+05:30  INFO 4014047 --- [backend] [r-event-handler] o.a.k.c.c.runtime.CoordinatorRuntime     : [GroupCoordinator id=0] Scheduling loading of metadata from __consumer_offsets-2 with epoch 0
2026-09-04T01:39:31.871+05:30  INFO 4014047 --- [backend] [r-event-handler] k.s.metadata.DynamicConfigPublisher      : [DynamicConfigPublisher broker id=0] Updating topic __consumer_offsets with new configuration : compression.type -> producer,cleanup.policy -> compact,segment.bytes -> 104857600
2026-09-04T01:39:31.901+05:30  INFO 4014047 --- [backend] [ent-processor-3] o.a.k.c.c.runtime.CoordinatorRuntime     : [GroupCoordinator id=0] Finished loading of metadata from __consumer_offsets-13 with epoch 0 in 5ms where 5ms was spent in the scheduler. Loaded 0 records which total to 0 bytes.
2026-09-04T01:39:31.901+05:30  INFO 4014047 --- [backend] [ent-processor-1] o.a.k.c.c.runtime.CoordinatorRuntime     : [GroupCoordinator id=0] Finished loading of metadata from __consumer_offsets-26 with epoch 0 in 2ms where 2ms was spent in the scheduler. Loaded 0 records which total to 0 bytes.
2026-09-04T01:39:31.901+05:30  INFO 4014047 --- [backend] [ent-processor-0] o.a.k.c.c.runtime.CoordinatorRuntime     : [GroupCoordinator id=0] Finished loading of metadata from __consumer_offsets-9 with epoch 0 in 6ms where 6ms was spent in the scheduler. Loaded 0 records which total to 0 bytes.
2026-09-04T01:39:31.901+05:30  INFO 4014047 --- [backend] [ent-processor-2] o.a.k.c.c.runtime.CoordinatorRuntime     : [GroupCoordinator id=0] Finished loading of metadata from __consumer_offsets-42 with epoch 0 in 4ms where 3ms was spent in the scheduler. Loaded 0 records which total to 0 bytes.
2026-09-04T01:39:31.902+05:30  INFO 4014047 --- [backend] [ent-processor-3] o.a.k.c.c.runtime.CoordinatorRuntime     : [GroupCoordinator id=0] Finished loading of metadata from __consumer_offsets-29 with epoch 0 in 1ms where 1ms was spent in the scheduler. Loaded 0 records which total to 0 bytes.
2026-09-04T01:39:31.902+05:30  INFO 4014047 --- [backend] [ent-processor-2] o.a.k.c.c.runtime.CoordinatorRuntime     : [GroupCoordinator id=0] Finished loading of metadata from __consumer_offsets-5 with epoch 0 in 2ms where 2ms was spent in the scheduler. Loaded 0 records which total to 0 bytes.
2026-09-04T01:39:31.902+05:30  INFO 4014047 --- [backend] [ent-processor-1] o.a.k.c.c.runtime.CoordinatorRuntime     : [GroupCoordinator id=0] Finished loading of metadata from __consumer_offsets-7 with epoch 0 in 1ms where 1ms was spent in the scheduler. Loaded 0 records which total to 0 bytes.
2026-09-04T01:39:31.902+05:30  INFO 4014047 --- [backend] [ent-processor-0] o.a.k.c.c.runtime.CoordinatorRuntime     : [GroupCoordinator id=0] Finished loading of metadata from __consumer_offsets-27 with epoch 0 in 2ms where 2ms was spent in the scheduler. Loaded 0 records which total to 0 bytes.
2026-09-04T01:39:31.902+05:30  INFO 4014047 --- [backend] [ent-processor-2] o.a.k.c.c.runtime.CoordinatorRuntime     : [GroupCoordinator id=0] Finished loading of metadata from __consumer_offsets-35 with epoch 0 in 1ms where 1ms was spent in the scheduler. Loaded 0 records which total to 0 bytes.
2026-09-04T01:39:31.902+05:30  INFO 4014047 --- [backend] [ent-processor-1] o.a.k.c.c.runtime.CoordinatorRuntime     : [GroupCoordinator id=0] Finished loading of metadata from __consumer_offsets-16 with epoch 0 in 2ms where 1ms was spent in the scheduler. Loaded 0 records which total to 0 bytes.
2026-09-04T01:39:31.902+05:30  INFO 4014047 --- [backend] [ent-processor-2] o.a.k.c.c.runtime.CoordinatorRuntime     : [GroupCoordinator id=0] Finished loading of metadata from __consumer_offsets-30 with epoch 0 in 1ms where 1ms was spent in the scheduler. Loaded 0 records which total to 0 bytes.
2026-09-04T01:39:31.902+05:30  INFO 4014047 --- [backend] [ent-processor-0] o.a.k.c.c.runtime.CoordinatorRuntime     : [GroupCoordinator id=0] Finished loading of metadata from __consumer_offsets-20 with epoch 0 in 2ms where 2ms was spent in the scheduler. Loaded 0 records which total to 0 bytes.
2026-09-04T01:39:31.903+05:30  INFO 4014047 --- [backend] [ent-processor-2] o.a.k.c.c.runtime.CoordinatorRuntime     : [GroupCoordinator id=0] Finished loading of metadata from __consumer_offsets-18 with epoch 0 in 2ms where 2ms was spent in the scheduler. Loaded 0 records which total to 0 bytes.
2026-09-04T01:39:31.903+05:30  INFO 4014047 --- [backend] [ent-processor-3] o.a.k.c.c.runtime.CoordinatorRuntime     : [GroupCoordinator id=0] Finished loading of metadata from __consumer_offsets-46 with epoch 0 in 5ms where 5ms was spent in the scheduler. Loaded 0 records which total to 0 bytes.
2026-09-04T01:39:31.903+05:30  INFO 4014047 --- [backend] [ent-processor-0] o.a.k.c.c.runtime.CoordinatorRuntime     : [GroupCoordinator id=0] Finished loading of metadata from __consumer_offsets-33 with epoch 0 in 1ms where 1ms was spent in the scheduler. Loaded 0 records which total to 0 bytes.
2026-09-04T01:39:31.903+05:30  INFO 4014047 --- [backend] [ent-processor-1] o.a.k.c.c.runtime.CoordinatorRuntime     : [GroupCoordinator id=0] Finished loading of metadata from __consumer_offsets-4 with epoch 0 in 2ms where 2ms was spent in the scheduler. Loaded 0 records which total to 0 bytes.
2026-09-04T01:39:31.903+05:30  INFO 4014047 --- [backend] [ent-processor-3] o.a.k.c.c.runtime.CoordinatorRuntime     : [GroupCoordinator id=0] Finished loading of metadata from __consumer_offsets-31 with epoch 0 in 1ms where 1ms was spent in the scheduler. Loaded 0 records which total to 0 bytes.
2026-09-04T01:39:31.903+05:30  INFO 4014047 --- [backend] [ent-processor-1] o.a.k.c.c.runtime.CoordinatorRuntime     : [GroupCoordinator id=0] Finished loading of metadata from __consumer_offsets-22 with epoch 0 in 2ms where 2ms was spent in the scheduler. Loaded 0 records which total to 0 bytes.
2026-09-04T01:39:31.903+05:30  INFO 4014047 --- [backend] [ent-processor-0] o.a.k.c.c.runtime.CoordinatorRuntime     : [GroupCoordinator id=0] Finished loading of metadata from __consumer_offsets-49 with epoch 0 in 2ms where 2ms was spent in the scheduler. Loaded 0 records which total to 0 bytes.
2026-09-04T01:39:31.903+05:30  INFO 4014047 --- [backend] [ent-processor-2] o.a.k.c.c.runtime.CoordinatorRuntime     : [GroupCoordinator id=0] Finished loading of metadata from __consumer_offsets-34 with epoch 0 in 1ms where 1ms was spent in the scheduler. Loaded 0 records which total to 0 bytes.
2026-09-04T01:39:31.903+05:30  INFO 4014047 --- [backend] [ent-processor-3] o.a.k.c.c.runtime.CoordinatorRuntime     : [GroupCoordinator id=0] Finished loading of metadata from __consumer_offsets-1 with epoch 0 in 2ms where 2ms was spent in the scheduler. Loaded 0 records which total to 0 bytes.
2026-09-04T01:39:31.903+05:30  INFO 4014047 --- [backend] [ent-processor-3] o.a.k.c.c.runtime.CoordinatorRuntime     : [GroupCoordinator id=0] Finished loading of metadata from __consumer_offsets-44 with epoch 0 in 2ms where 2ms was spent in the scheduler. Loaded 0 records which total to 0 bytes.
2026-09-04T01:39:31.903+05:30  INFO 4014047 --- [backend] [ent-processor-0] o.a.k.c.c.runtime.CoordinatorRuntime     : [GroupCoordinator id=0] Finished loading of metadata from __consumer_offsets-43 with epoch 0 in 1ms where 1ms was spent in the scheduler. Loaded 0 records which total to 0 bytes.
2026-09-04T01:39:31.903+05:30  INFO 4014047 --- [backend] [ent-processor-2] o.a.k.c.c.runtime.CoordinatorRuntime     : [GroupCoordinator id=0] Finished loading of metadata from __consumer_offsets-19 with epoch 0 in 2ms where 2ms was spent in the scheduler. Loaded 0 records which total to 0 bytes.
2026-09-04T01:39:31.903+05:30  INFO 4014047 --- [backend] [ent-processor-3] o.a.k.c.c.runtime.CoordinatorRuntime     : [GroupCoordinator id=0] Finished loading of metadata from __consumer_offsets-28 with epoch 0 in 1ms where 1ms was spent in the scheduler. Loaded 0 records which total to 0 bytes.
2026-09-04T01:39:31.903+05:30  INFO 4014047 --- [backend] [ent-processor-3] o.a.k.c.c.runtime.CoordinatorRuntime     : [GroupCoordinator id=0] Finished loading of metadata from __consumer_offsets-24 with epoch 0 in 2ms where 2ms was spent in the scheduler. Loaded 0 records which total to 0 bytes.
2026-09-04T01:39:31.903+05:30  INFO 4014047 --- [backend] [ent-processor-0] o.a.k.c.c.runtime.CoordinatorRuntime     : [GroupCoordinator id=0] Finished loading of metadata from __consumer_offsets-21 with epoch 0 in 2ms where 2ms was spent in the scheduler. Loaded 0 records which total to 0 bytes.
2026-09-04T01:39:31.904+05:30  INFO 4014047 --- [backend] [ent-processor-3] o.a.k.c.c.runtime.CoordinatorRuntime     : [GroupCoordinator id=0] Finished loading of metadata from __consumer_offsets-0 with epoch 0 in 1ms where 1ms was spent in the scheduler. Loaded 0 records which total to 0 bytes.
2026-09-04T01:39:31.904+05:30  INFO 4014047 --- [backend] [ent-processor-1] o.a.k.c.c.runtime.CoordinatorRuntime     : [GroupCoordinator id=0] Finished loading of metadata from __consumer_offsets-12 with epoch 0 in 2ms where 2ms was spent in the scheduler. Loaded 0 records which total to 0 bytes.
2026-09-04T01:39:31.904+05:30  INFO 4014047 --- [backend] [ent-processor-3] o.a.k.c.c.runtime.CoordinatorRuntime     : [GroupCoordinator id=0] Finished loading of metadata from __consumer_offsets-38 with epoch 0 in 0ms where 0ms was spent in the scheduler. Loaded 0 records which total to 0 bytes.
2026-09-04T01:39:31.904+05:30  INFO 4014047 --- [backend] [ent-processor-0] o.a.k.c.c.runtime.CoordinatorRuntime     : [GroupCoordinator id=0] Finished loading of metadata from __consumer_offsets-2 with epoch 0 in 1ms where 1ms was spent in the scheduler. Loaded 0 records which total to 0 bytes.
2026-09-04T01:39:31.904+05:30  INFO 4014047 --- [backend] [ent-processor-3] o.a.k.c.c.runtime.CoordinatorRuntime     : [GroupCoordinator id=0] Finished loading of metadata from __consumer_offsets-32 with epoch 0 in 2ms where 2ms was spent in the scheduler. Loaded 0 records which total to 0 bytes.
2026-09-04T01:39:31.904+05:30  INFO 4014047 --- [backend] [ent-processor-1] o.a.k.c.c.runtime.CoordinatorRuntime     : [GroupCoordinator id=0] Finished loading of metadata from __consumer_offsets-45 with epoch 0 in 2ms where 2ms was spent in the scheduler. Loaded 0 records which total to 0 bytes.
2026-09-04T01:39:31.904+05:30  INFO 4014047 --- [backend] [ent-processor-3] o.a.k.c.c.runtime.CoordinatorRuntime     : [GroupCoordinator id=0] Finished loading of metadata from __consumer_offsets-39 with epoch 0 in 0ms where 0ms was spent in the scheduler. Loaded 0 records which total to 0 bytes.
2026-09-04T01:39:31.904+05:30  INFO 4014047 --- [backend] [ent-processor-0] o.a.k.c.c.runtime.CoordinatorRuntime     : [GroupCoordinator id=0] Finished loading of metadata from __consumer_offsets-40 with epoch 0 in 1ms where 1ms was spent in the scheduler. Loaded 0 records which total to 0 bytes.
2026-09-04T01:39:31.904+05:30  INFO 4014047 --- [backend] [ent-processor-2] o.a.k.c.c.runtime.CoordinatorRuntime     : [GroupCoordinator id=0] Finished loading of metadata from __consumer_offsets-37 with epoch 0 in 2ms where 2ms was spent in the scheduler. Loaded 0 records which total to 0 bytes.
2026-09-04T01:39:31.904+05:30  INFO 4014047 --- [backend] [ent-processor-1] o.a.k.c.c.runtime.CoordinatorRuntime     : [GroupCoordinator id=0] Finished loading of metadata from __consumer_offsets-8 with epoch 0 in 2ms where 2ms was spent in the scheduler. Loaded 0 records which total to 0 bytes.
2026-09-04T01:39:31.904+05:30  INFO 4014047 --- [backend] [ent-processor-3] o.a.k.c.c.runtime.CoordinatorRuntime     : [GroupCoordinator id=0] Finished loading of metadata from __consumer_offsets-48 with epoch 0 in 0ms where 0ms was spent in the scheduler. Loaded 0 records which total to 0 bytes.
2026-09-04T01:39:31.904+05:30  INFO 4014047 --- [backend] [ent-processor-2] o.a.k.c.c.runtime.CoordinatorRuntime     : [GroupCoordinator id=0] Finished loading of metadata from __consumer_offsets-3 with epoch 0 in 1ms where 1ms was spent in the scheduler. Loaded 0 records which total to 0 bytes.
2026-09-04T01:39:31.904+05:30  INFO 4014047 --- [backend] [ent-processor-0] o.a.k.c.c.runtime.CoordinatorRuntime     : [GroupCoordinator id=0] Finished loading of metadata from __consumer_offsets-36 with epoch 0 in 0ms where 0ms was spent in the scheduler. Loaded 0 records which total to 0 bytes.
2026-09-04T01:39:31.904+05:30  INFO 4014047 --- [backend] [ent-processor-3] o.a.k.c.c.runtime.CoordinatorRuntime     : [GroupCoordinator id=0] Finished loading of metadata from __consumer_offsets-10 with epoch 0 in 2ms where 2ms was spent in the scheduler. Loaded 0 records which total to 0 bytes.
2026-09-04T01:39:31.904+05:30  INFO 4014047 --- [backend] [ent-processor-1] o.a.k.c.c.runtime.CoordinatorRuntime     : [GroupCoordinator id=0] Finished loading of metadata from __consumer_offsets-15 with epoch 0 in 0ms where 0ms was spent in the scheduler. Loaded 0 records which total to 0 bytes.
2026-09-04T01:39:31.904+05:30  INFO 4014047 --- [backend] [ent-processor-0] o.a.k.c.c.runtime.CoordinatorRuntime     : [GroupCoordinator id=0] Finished loading of metadata from __consumer_offsets-23 with epoch 0 in 0ms where 0ms was spent in the scheduler. Loaded 0 records which total to 0 bytes.
2026-09-04T01:39:31.904+05:30  INFO 4014047 --- [backend] [ent-processor-2] o.a.k.c.c.runtime.CoordinatorRuntime     : [GroupCoordinator id=0] Finished loading of metadata from __consumer_offsets-11 with epoch 0 in 0ms where 0ms was spent in the scheduler. Loaded 0 records which total to 0 bytes.
2026-09-04T01:39:31.905+05:30  INFO 4014047 --- [backend] [ent-processor-0] o.a.k.c.c.runtime.CoordinatorRuntime     : [GroupCoordinator id=0] Finished loading of metadata from __consumer_offsets-6 with epoch 0 in 0ms where 0ms was spent in the scheduler. Loaded 0 records which total to 0 bytes.
2026-09-04T01:39:31.905+05:30  INFO 4014047 --- [backend] [ent-processor-2] o.a.k.c.c.runtime.CoordinatorRuntime     : [GroupCoordinator id=0] Finished loading of metadata from __consumer_offsets-25 with epoch 0 in 0ms where 0ms was spent in the scheduler. Loaded 0 records which total to 0 bytes.
2026-09-04T01:39:31.905+05:30  INFO 4014047 --- [backend] [ent-processor-2] o.a.k.c.c.runtime.CoordinatorRuntime     : [GroupCoordinator id=0] Finished loading of metadata from __consumer_offsets-14 with epoch 0 in 2ms where 2ms was spent in the scheduler. Loaded 0 records which total to 0 bytes.
2026-09-04T01:39:31.905+05:30  INFO 4014047 --- [backend] [ent-processor-0] o.a.k.c.c.runtime.CoordinatorRuntime     : [GroupCoordinator id=0] Finished loading of metadata from __consumer_offsets-41 with epoch 0 in 2ms where 2ms was spent in the scheduler. Loaded 0 records which total to 0 bytes.
2026-09-04T01:39:31.905+05:30  INFO 4014047 --- [backend] [ent-processor-2] o.a.k.c.c.runtime.CoordinatorRuntime     : [GroupCoordinator id=0] Finished loading of metadata from __consumer_offsets-47 with epoch 0 in 0ms where 0ms was spent in the scheduler. Loaded 0 records which total to 0 bytes.
2026-09-04T01:39:31.908+05:30  INFO 4014047 --- [backend] [ent-processor-3] o.a.k.c.c.runtime.CoordinatorRuntime     : [GroupCoordinator id=0] Finished loading of metadata from __consumer_offsets-17 with epoch 0 in 0ms where 0ms was spent in the scheduler. Loaded 0 records which total to 0 bytes.
2026-09-04T01:39:31.961+05:30  INFO 4014047 --- [backend] [ntainer#1-0-C-1] o.a.k.c.c.internals.ConsumerCoordinator  : [Consumer clientId=consumer-ai-processing-group-dlq-2, groupId=ai-processing-group-dlq] Discovered group coordinator localhost:35353 (id: 2147483647 rack: null isFenced: false)
2026-09-04T01:39:31.962+05:30  INFO 4014047 --- [backend] [ntainer#1-0-C-1] o.a.k.c.c.internals.ConsumerCoordinator  : [Consumer clientId=consumer-ai-processing-group-dlq-2, groupId=ai-processing-group-dlq] Request joining group due to: rebalance failed due to 'This is not the correct coordinator.' (NotCoordinatorException)
2026-09-04T01:39:31.963+05:30  INFO 4014047 --- [backend] [ntainer#1-0-C-1] o.a.k.c.c.internals.ConsumerCoordinator  : [Consumer clientId=consumer-ai-processing-group-dlq-2, groupId=ai-processing-group-dlq] (Re-)joining group
2026-09-04T01:39:31.970+05:30  INFO 4014047 --- [backend] [ent-processor-2] o.a.k.c.group.GroupMetadataManager       : [GroupCoordinator id=0 topic=__consumer_offsets partition=6] Dynamic member with unknown member id joins group ai-processing-group-dlq in Empty state. Created a new member id consumer-ai-processing-group-dlq-2-3c694509-64e1-45b1-9ea6-f666b96e5c8e and requesting the member to rejoin with this id.
2026-09-04T01:39:31.972+05:30  INFO 4014047 --- [backend] [ntainer#1-0-C-1] o.a.k.c.c.internals.ConsumerCoordinator  : [Consumer clientId=consumer-ai-processing-group-dlq-2, groupId=ai-processing-group-dlq] Request joining group due to: need to re-join with the given member-id: consumer-ai-processing-group-dlq-2-3c694509-64e1-45b1-9ea6-f666b96e5c8e
2026-09-04T01:39:31.972+05:30  INFO 4014047 --- [backend] [ntainer#1-0-C-1] o.a.k.c.c.internals.ConsumerCoordinator  : [Consumer clientId=consumer-ai-processing-group-dlq-2, groupId=ai-processing-group-dlq] (Re-)joining group
2026-09-04T01:39:31.973+05:30  INFO 4014047 --- [backend] [ntainer#0-0-C-1] o.a.k.c.c.internals.ConsumerCoordinator  : [Consumer clientId=consumer-ai-processing-group-1, groupId=ai-processing-group] Discovered group coordinator localhost:35353 (id: 2147483647 rack: null isFenced: false)
2026-09-04T01:39:31.975+05:30  INFO 4014047 --- [backend] [ntainer#0-0-C-1] o.a.k.c.c.internals.ConsumerCoordinator  : [Consumer clientId=consumer-ai-processing-group-1, groupId=ai-processing-group] Request joining group due to: rebalance failed due to 'This is not the correct coordinator.' (NotCoordinatorException)
2026-09-04T01:39:31.975+05:30  INFO 4014047 --- [backend] [ntainer#0-0-C-1] o.a.k.c.c.internals.ConsumerCoordinator  : [Consumer clientId=consumer-ai-processing-group-1, groupId=ai-processing-group] (Re-)joining group
2026-09-04T01:39:31.978+05:30  INFO 4014047 --- [backend] [ent-processor-1] o.a.k.c.group.GroupMetadataManager       : [GroupCoordinator id=0 topic=__consumer_offsets partition=22] Dynamic member with unknown member id joins group ai-processing-group in Empty state. Created a new member id consumer-ai-processing-group-1-fef9ea64-8d40-49e1-b7a5-02a016d24bdd and requesting the member to rejoin with this id.
2026-09-04T01:39:31.979+05:30  INFO 4014047 --- [backend] [ntainer#0-0-C-1] o.a.k.c.c.internals.ConsumerCoordinator  : [Consumer clientId=consumer-ai-processing-group-1, groupId=ai-processing-group] Request joining group due to: need to re-join with the given member-id: consumer-ai-processing-group-1-fef9ea64-8d40-49e1-b7a5-02a016d24bdd
2026-09-04T01:39:31.980+05:30  INFO 4014047 --- [backend] [ntainer#0-0-C-1] o.a.k.c.c.internals.ConsumerCoordinator  : [Consumer clientId=consumer-ai-processing-group-1, groupId=ai-processing-group] (Re-)joining group
2026-09-04T01:39:31.984+05:30  INFO 4014047 --- [backend] [ent-processor-2] o.a.k.c.group.GroupMetadataManager       : [GroupCoordinator id=0 topic=__consumer_offsets partition=6] Pending dynamic member with id consumer-ai-processing-group-dlq-2-3c694509-64e1-45b1-9ea6-f666b96e5c8e joins group ai-processing-group-dlq in Empty state. Adding to the group now.
2026-09-04T01:39:31.987+05:30  INFO 4014047 --- [backend] [ent-processor-2] o.a.k.c.group.GroupMetadataManager       : [GroupCoordinator id=0 topic=__consumer_offsets partition=6] Preparing to rebalance group ai-processing-group-dlq in state PreparingRebalance with old generation 0 (reason: Adding new member consumer-ai-processing-group-dlq-2-3c694509-64e1-45b1-9ea6-f666b96e5c8e with group instance id null; client reason: need to re-join with the given member-id: consumer-ai-processing-group-dlq-2-3c694509-64e1-45b1-9ea6-f666b96e5c8e).
2026-09-04T01:39:31.998+05:30  INFO 4014047 --- [backend] [ent-processor-1] o.a.k.c.group.GroupMetadataManager       : [GroupCoordinator id=0 topic=__consumer_offsets partition=22] Pending dynamic member with id consumer-ai-processing-group-1-fef9ea64-8d40-49e1-b7a5-02a016d24bdd joins group ai-processing-group in Empty state. Adding to the group now.
2026-09-04T01:39:31.998+05:30  INFO 4014047 --- [backend] [ent-processor-1] o.a.k.c.group.GroupMetadataManager       : [GroupCoordinator id=0 topic=__consumer_offsets partition=22] Preparing to rebalance group ai-processing-group in state PreparingRebalance with old generation 0 (reason: Adding new member consumer-ai-processing-group-1-fef9ea64-8d40-49e1-b7a5-02a016d24bdd with group instance id null; client reason: need to re-join with the given member-id: consumer-ai-processing-group-1-fef9ea64-8d40-49e1-b7a5-02a016d24bdd).
2026-09-04T01:39:32.000+05:30  INFO 4014047 --- [backend] [ent-processor-0] o.a.k.c.group.GroupMetadataManager       : [GroupCoordinator id=0 topic=__consumer_offsets partition=22] Stabilized group ai-processing-group generation 1 with 1 members.
2026-09-04T01:39:32.000+05:30  INFO 4014047 --- [backend] [ent-processor-3] o.a.k.c.group.GroupMetadataManager       : [GroupCoordinator id=0 topic=__consumer_offsets partition=6] Stabilized group ai-processing-group-dlq generation 1 with 1 members.
2026-09-04T01:39:32.002+05:30  INFO 4014047 --- [backend] [ntainer#0-0-C-1] o.a.k.c.c.internals.ConsumerCoordinator  : [Consumer clientId=consumer-ai-processing-group-1, groupId=ai-processing-group] Successfully joined group with generation Generation{generationId=1, memberId='consumer-ai-processing-group-1-fef9ea64-8d40-49e1-b7a5-02a016d24bdd', protocol='range'}
2026-09-04T01:39:32.002+05:30  INFO 4014047 --- [backend] [ntainer#1-0-C-1] o.a.k.c.c.internals.ConsumerCoordinator  : [Consumer clientId=consumer-ai-processing-group-dlq-2, groupId=ai-processing-group-dlq] Successfully joined group with generation Generation{generationId=1, memberId='consumer-ai-processing-group-dlq-2-3c694509-64e1-45b1-9ea6-f666b96e5c8e', protocol='range'}
2026-09-04T01:39:32.015+05:30  INFO 4014047 --- [backend] [ntainer#1-0-C-1] o.a.k.c.c.internals.ConsumerCoordinator  : [Consumer clientId=consumer-ai-processing-group-dlq-2, groupId=ai-processing-group-dlq] Finished assignment for group at generation 1: {consumer-ai-processing-group-dlq-2-3c694509-64e1-45b1-9ea6-f666b96e5c8e=Assignment(partitions=[ticket-events.DLT-0])}
2026-09-04T01:39:32.015+05:30  INFO 4014047 --- [backend] [ntainer#0-0-C-1] o.a.k.c.c.internals.ConsumerCoordinator  : [Consumer clientId=consumer-ai-processing-group-1, groupId=ai-processing-group] Finished assignment for group at generation 1: {consumer-ai-processing-group-1-fef9ea64-8d40-49e1-b7a5-02a016d24bdd=Assignment(partitions=[ticket-events-0])}
2026-09-04T01:39:32.021+05:30  INFO 4014047 --- [backend] [ent-processor-2] o.a.k.c.group.GroupMetadataManager       : [GroupCoordinator id=0 topic=__consumer_offsets partition=6] Assignment received from leader consumer-ai-processing-group-dlq-2-3c694509-64e1-45b1-9ea6-f666b96e5c8e for group ai-processing-group-dlq for generation 1. The group has 1 members, 0 of which are static.
2026-09-04T01:39:32.021+05:30  INFO 4014047 --- [backend] [ent-processor-1] o.a.k.c.group.GroupMetadataManager       : [GroupCoordinator id=0 topic=__consumer_offsets partition=22] Assignment received from leader consumer-ai-processing-group-1-fef9ea64-8d40-49e1-b7a5-02a016d24bdd for group ai-processing-group for generation 1. The group has 1 members, 0 of which are static.
2026-09-04T01:39:32.027+05:30  INFO 4014047 --- [backend] [ntainer#1-0-C-1] o.a.k.c.c.internals.ConsumerCoordinator  : [Consumer clientId=consumer-ai-processing-group-dlq-2, groupId=ai-processing-group-dlq] Successfully synced group in generation Generation{generationId=1, memberId='consumer-ai-processing-group-dlq-2-3c694509-64e1-45b1-9ea6-f666b96e5c8e', protocol='range'}
2026-09-04T01:39:32.027+05:30  INFO 4014047 --- [backend] [ntainer#0-0-C-1] o.a.k.c.c.internals.ConsumerCoordinator  : [Consumer clientId=consumer-ai-processing-group-1, groupId=ai-processing-group] Successfully synced group in generation Generation{generationId=1, memberId='consumer-ai-processing-group-1-fef9ea64-8d40-49e1-b7a5-02a016d24bdd', protocol='range'}
2026-09-04T01:39:32.028+05:30  INFO 4014047 --- [backend] [ntainer#0-0-C-1] o.a.k.c.c.internals.ConsumerCoordinator  : [Consumer clientId=consumer-ai-processing-group-1, groupId=ai-processing-group] Notifying assignor about the new Assignment(partitions=[ticket-events-0])
2026-09-04T01:39:32.028+05:30  INFO 4014047 --- [backend] [ntainer#1-0-C-1] o.a.k.c.c.internals.ConsumerCoordinator  : [Consumer clientId=consumer-ai-processing-group-dlq-2, groupId=ai-processing-group-dlq] Notifying assignor about the new Assignment(partitions=[ticket-events.DLT-0])
2026-09-04T01:39:32.031+05:30  INFO 4014047 --- [backend] [ntainer#1-0-C-1] k.c.c.i.ConsumerRebalanceListenerInvoker : [Consumer clientId=consumer-ai-processing-group-dlq-2, groupId=ai-processing-group-dlq] Adding newly assigned partitions: [ticket-events.DLT-0]
2026-09-04T01:39:32.031+05:30  INFO 4014047 --- [backend] [ntainer#0-0-C-1] k.c.c.i.ConsumerRebalanceListenerInvoker : [Consumer clientId=consumer-ai-processing-group-1, groupId=ai-processing-group] Adding newly assigned partitions: [ticket-events-0]
2026-09-04T01:39:32.052+05:30  INFO 4014047 --- [backend] [ntainer#1-0-C-1] o.a.k.c.c.internals.ConsumerCoordinator  : [Consumer clientId=consumer-ai-processing-group-dlq-2, groupId=ai-processing-group-dlq] Found no committed offset for partition ticket-events.DLT-0
2026-09-04T01:39:32.052+05:30  INFO 4014047 --- [backend] [ntainer#0-0-C-1] o.a.k.c.c.internals.ConsumerCoordinator  : [Consumer clientId=consumer-ai-processing-group-1, groupId=ai-processing-group] Found no committed offset for partition ticket-events-0
2026-09-04T01:39:32.059+05:30  INFO 4014047 --- [backend] [ntainer#1-0-C-1] o.a.k.c.c.internals.ConsumerCoordinator  : [Consumer clientId=consumer-ai-processing-group-dlq-2, groupId=ai-processing-group-dlq] Found no committed offset for partition ticket-events.DLT-0
2026-09-04T01:39:32.060+05:30  INFO 4014047 --- [backend] [ntainer#0-0-C-1] o.a.k.c.c.internals.ConsumerCoordinator  : [Consumer clientId=consumer-ai-processing-group-1, groupId=ai-processing-group] Found no committed offset for partition ticket-events-0
Hibernate: select u1_0.id,u1_0.password,u1_0.role,u1_0.username from users u1_0 where u1_0.username=?
2026-09-04T01:39:32.094+05:30  INFO 4014047 --- [backend] [ntainer#1-0-C-1] o.a.k.c.c.internals.SubscriptionState    : [Consumer clientId=consumer-ai-processing-group-dlq-2, groupId=ai-processing-group-dlq] Resetting offset for partition ticket-events.DLT-0 to position FetchPosition{offset=0, offsetEpoch=Optional.empty, currentLeader=LeaderAndEpoch{leader=Optional[localhost:35353 (id: 0 rack: null isFenced: false)], epoch=0}}.
2026-09-04T01:39:32.094+05:30  INFO 4014047 --- [backend] [ntainer#0-0-C-1] o.a.k.c.c.internals.SubscriptionState    : [Consumer clientId=consumer-ai-processing-group-1, groupId=ai-processing-group] Resetting offset for partition ticket-events-0 to position FetchPosition{offset=0, offsetEpoch=Optional.empty, currentLeader=LeaderAndEpoch{leader=Optional[localhost:35353 (id: 0 rack: null isFenced: false)], epoch=0}}.
2026-09-04T01:39:32.129+05:30  INFO 4014047 --- [backend] [ntainer#1-0-C-1] o.s.k.l.KafkaMessageListenerContainer    : ai-processing-group-dlq: partitions assigned: [ticket-events.DLT-0]
2026-09-04T01:39:32.129+05:30  INFO 4014047 --- [backend] [ntainer#0-0-C-1] o.s.k.l.KafkaMessageListenerContainer    : ai-processing-group: partitions assigned: [ticket-events-0]
Hibernate: insert into users (password,role,username,id) values (?,?,?,?)
Mockito is currently self-attaching to enable the inline-mock-maker. This will no longer work in future releases of the JDK. Please add Mockito as an agent to your build as described in Mockito's documentation: https://javadoc.io/doc/org.mockito/mockito-core/latest/org.mockito/org/mockito/Mockito.html#0.3
OpenJDK 64-Bit Server VM warning: Sharing is only supported for boot loader classes because bootstrap classpath has been appended
WARNING: A Java agent has been loaded dynamically (/home/sujit/.m2/repository/net/bytebuddy/byte-buddy-agent/1.18.10/byte-buddy-agent-1.18.10.jar)
WARNING: If a serviceability tool is in use, please run with -XX:+EnableDynamicAgentLoading to hide this warning
WARNING: If a serviceability tool is not in use, please run with -Djdk.instrument.traceUsage for more information
WARNING: Dynamic loading of agents will be disallowed by default in a future release
2026-09-04T01:39:33.006+05:30  INFO 4014047 --- [backend] [o-auto-1-exec-1] o.a.c.c.C.[Tomcat].[localhost].[/]       : Initializing Spring DispatcherServlet 'dispatcherServlet'
2026-09-04T01:39:33.007+05:30  INFO 4014047 --- [backend] [o-auto-1-exec-1] o.s.web.servlet.DispatcherServlet        : Initializing Servlet 'dispatcherServlet'
2026-09-04T01:39:33.009+05:30  INFO 4014047 --- [backend] [o-auto-1-exec-1] o.s.web.servlet.DispatcherServlet        : Completed initialization in 2 ms
Hibernate: insert into ticket (category,created_at,description,severity,status,title,username,id) values (?,?,?,?,?,?,?,?)
Hibernate: insert into ticket_message (created_at,message,sender_role,ticket_id,id) values (?,?,?,?,?)
>>> Publishing Ticket Event to Kafka Topic: ticket-events | ID: 5b055075-0899-41f7-ab3b-0c2b09b4a72b
2026-09-04T01:39:33.219+05:30  INFO 4014047 --- [backend] [o-auto-1-exec-1] o.a.kafka.common.config.AbstractConfig   : ProducerConfig values: 
	acks = -1
	batch.size = 16384
	bootstrap.servers = [localhost:35353]
	buffer.memory = 33554432
	client.dns.lookup = use_all_dns_ips
	client.id = backend-producer-1
	compression.gzip.level = -1
	compression.lz4.level = 9
	compression.type = none
	compression.zstd.level = 3
	config.providers = []
	connections.max.idle.ms = 540000
	delivery.timeout.ms = 120000
	enable.idempotence = true
	enable.metrics.push = true
	interceptor.classes = []
	key.serializer = class org.apache.kafka.common.serialization.StringSerializer
	linger.ms = 5
	max.block.ms = 60000
	max.in.flight.requests.per.connection = 5
	max.request.size = 1048576
	metadata.max.age.ms = 300000
	metadata.max.idle.ms = 300000
	metadata.recovery.rebootstrap.trigger.ms = 300000
	metadata.recovery.strategy = rebootstrap
	metric.reporters = [org.apache.kafka.common.metrics.JmxReporter]
	metrics.num.samples = 2
	metrics.recording.level = INFO
	metrics.sample.window.ms = 30000
	partitioner.adaptive.partitioning.enable = true
	partitioner.availability.timeout.ms = 0
	partitioner.class = null
	partitioner.ignore.keys = false
	receive.buffer.bytes = 32768
	reconnect.backoff.max.ms = 1000
	reconnect.backoff.ms = 50
	request.timeout.ms = 30000
	retries = 2147483647
	retry.backoff.max.ms = 1000
	retry.backoff.ms = 100
	sasl.client.callback.handler.class = null
	sasl.jaas.config = null
	sasl.kerberos.kinit.cmd = /usr/bin/kinit
	sasl.kerberos.min.time.before.relogin = 60000
	sasl.kerberos.service.name = null
	sasl.kerberos.ticket.renew.jitter = 0.05
	sasl.kerberos.ticket.renew.window.factor = 0.8
	sasl.login.callback.handler.class = null
	sasl.login.class = null
	sasl.login.connect.timeout.ms = null
	sasl.login.read.timeout.ms = null
	sasl.login.refresh.buffer.seconds = 300
	sasl.login.refresh.min.period.seconds = 60
	sasl.login.refresh.window.factor = 0.8
	sasl.login.refresh.window.jitter = 0.05
	sasl.login.retry.backoff.max.ms = 10000
	sasl.login.retry.backoff.ms = 100
	sasl.mechanism = GSSAPI
	sasl.oauthbearer.assertion.algorithm = RS256
	sasl.oauthbearer.assertion.claim.aud = null
	sasl.oauthbearer.assertion.claim.exp.seconds = 300
	sasl.oauthbearer.assertion.claim.iss = null
	sasl.oauthbearer.assertion.claim.jti.include = false
	sasl.oauthbearer.assertion.claim.nbf.seconds = 60
	sasl.oauthbearer.assertion.claim.sub = null
	sasl.oauthbearer.assertion.file = null
	sasl.oauthbearer.assertion.private.key.file = null
	sasl.oauthbearer.assertion.private.key.passphrase = null
	sasl.oauthbearer.assertion.template.file = null
	sasl.oauthbearer.client.credentials.client.id = null
	sasl.oauthbearer.client.credentials.client.secret = null
	sasl.oauthbearer.clock.skew.seconds = 30
	sasl.oauthbearer.expected.audience = []
	sasl.oauthbearer.expected.issuer = null
	sasl.oauthbearer.header.urlencode = false
	sasl.oauthbearer.jwks.endpoint.refresh.ms = 3600000
	sasl.oauthbearer.jwks.endpoint.retry.backoff.max.ms = 10000
	sasl.oauthbearer.jwks.endpoint.retry.backoff.ms = 100
	sasl.oauthbearer.jwks.endpoint.url = null
	sasl.oauthbearer.jwt.retriever.class = class org.apache.kafka.common.security.oauthbearer.DefaultJwtRetriever
	sasl.oauthbearer.jwt.validator.class = class org.apache.kafka.common.security.oauthbearer.DefaultJwtValidator
	sasl.oauthbearer.scope = null
	sasl.oauthbearer.scope.claim.name = scope
	sasl.oauthbearer.sub.claim.name = sub
	sasl.oauthbearer.token.endpoint.url = null
	security.protocol = PLAINTEXT
	security.providers = null
	send.buffer.bytes = 131072
	socket.connection.setup.timeout.max.ms = 30000
	socket.connection.setup.timeout.ms = 10000
	ssl.cipher.suites = []
	ssl.enabled.protocols = [TLSv1.2, TLSv1.3]
	ssl.endpoint.identification.algorithm = https
	ssl.engine.factory.class = null
	ssl.key.password = null
	ssl.keymanager.algorithm = SunX509
	ssl.keystore.certificate.chain = null
	ssl.keystore.key = null
	ssl.keystore.location = null
	ssl.keystore.password = null
	ssl.keystore.type = JKS
	ssl.protocol = TLSv1.3
	ssl.provider = null
	ssl.secure.random.implementation = null
	ssl.trustmanager.algorithm = PKIX
	ssl.truststore.certificates = null
	ssl.truststore.location = null
	ssl.truststore.password = null
	ssl.truststore.type = JKS
	transaction.timeout.ms = 60000
	transaction.two.phase.commit.enable = false
	transactional.id = null
	value.serializer = class org.springframework.kafka.support.serializer.JsonSerializer

2026-09-04T01:39:33.220+05:30  INFO 4014047 --- [backend] [o-auto-1-exec-1] o.a.k.c.t.i.KafkaMetricsCollector        : initializing Kafka metrics collector
2026-09-04T01:39:33.231+05:30  INFO 4014047 --- [backend] [o-auto-1-exec-1] o.a.k.clients.producer.KafkaProducer     : [Producer clientId=backend-producer-1] Instantiated an idempotent producer.
2026-09-04T01:39:33.253+05:30  INFO 4014047 --- [backend] [o-auto-1-exec-1] o.a.kafka.common.utils.AppInfoParser     : Kafka version: 4.2.1
2026-09-04T01:39:33.253+05:30  INFO 4014047 --- [backend] [o-auto-1-exec-1] o.a.kafka.common.utils.AppInfoParser     : Kafka commitId: 92f61c44867f39dc
2026-09-04T01:39:33.253+05:30  INFO 4014047 --- [backend] [o-auto-1-exec-1] o.a.kafka.common.utils.AppInfoParser     : Kafka startTimeMs: 1788466173253
2026-09-04T01:39:33.263+05:30  INFO 4014047 --- [backend] [kend-producer-1] org.apache.kafka.clients.Metadata        : [Producer clientId=backend-producer-1] Cluster ID: QeqzzTMuTVCj7aq_VFA6hw
2026-09-04T01:39:33.271+05:30  INFO 4014047 --- [backend] [0-event-handler] o.a.k.c.ProducerIdControlManager         : [QuorumController id=0] Replaying ProducerIdsRecord ProducerIdsRecord(brokerId=0, brokerEpoch=11, nextProducerId=1000)
2026-09-04T01:39:33.375+05:30  INFO 4014047 --- [backend] [kend-producer-1] o.a.k.c.p.internals.TransactionManager   : [Producer clientId=backend-producer-1] ProducerId set to 0 with epoch 0
<<< [KAFKA CONSUMER] Picked up ticket for background processing: 5b055075-0899-41f7-ab3b-0c2b09b4a72b
Hibernate: select t1_0.id,t1_0.category,t1_0.created_at,t1_0.description,t1_0.severity,t1_0.status,t1_0.title,t1_0.username,m1_0.ticket_id,m1_0.id,m1_0.created_at,m1_0.message,m1_0.sender_role from ticket t1_0 left join ticket_message m1_0 on t1_0.id=m1_0.ticket_id where t1_0.id=?
<<< [KAFKA CONSUMER] AI is analyzing the ticket (Simulating delay)...
Hibernate: select t1_0.id,t1_0.category,t1_0.created_at,t1_0.description,t1_0.severity,t1_0.status,t1_0.title,t1_0.username,m1_0.ticket_id,m1_0.id,m1_0.created_at,m1_0.message,m1_0.sender_role from ticket t1_0 left join ticket_message m1_0 on t1_0.id=m1_0.ticket_id where t1_0.id=?
Hibernate: select t1_0.id,t1_0.category,t1_0.created_at,t1_0.description,t1_0.severity,t1_0.status,t1_0.title,t1_0.username,m1_0.ticket_id,m1_0.id,m1_0.created_at,m1_0.message,m1_0.sender_role from ticket t1_0 left join ticket_message m1_0 on t1_0.id=m1_0.ticket_id where t1_0.id=?
Hibernate: select t1_0.id,t1_0.category,t1_0.created_at,t1_0.description,t1_0.severity,t1_0.status,t1_0.title,t1_0.username,m1_0.ticket_id,m1_0.id,m1_0.created_at,m1_0.message,m1_0.sender_role from ticket t1_0 left join ticket_message m1_0 on t1_0.id=m1_0.ticket_id where t1_0.id=?
Hibernate: select t1_0.id,t1_0.category,t1_0.created_at,t1_0.description,t1_0.severity,t1_0.status,t1_0.title,t1_0.username,m1_0.ticket_id,m1_0.id,m1_0.created_at,m1_0.message,m1_0.sender_role from ticket t1_0 left join ticket_message m1_0 on t1_0.id=m1_0.ticket_id where t1_0.id=?
>>> Sending ticket to AI Model for analysis...
Hibernate: select t1_0.id,t1_0.category,t1_0.created_at,t1_0.description,t1_0.severity,t1_0.status,t1_0.title,t1_0.username,m1_0.ticket_id,m1_0.id,m1_0.created_at,m1_0.message,m1_0.sender_role from ticket t1_0 left join ticket_message m1_0 on t1_0.id=m1_0.ticket_id where t1_0.id=?
2026-09-04T01:39:38.453+05:30  INFO 4014047 --- [backend] [ntainer#0-0-C-1] o.a.k.c.c.i.ClassicKafkaConsumer         : [Consumer clientId=consumer-ai-processing-group-1, groupId=ai-processing-group] Seeking to offset 0 for partition ticket-events-0
2026-09-04T01:39:38.454+05:30  INFO 4014047 --- [backend] [ntainer#0-0-C-1] o.s.k.l.KafkaMessageListenerContainer    : Record in retry and not yet recovered
<<< [KAFKA CONSUMER] Picked up ticket for background processing: 5b055075-0899-41f7-ab3b-0c2b09b4a72b
Hibernate: select t1_0.id,t1_0.category,t1_0.created_at,t1_0.description,t1_0.severity,t1_0.status,t1_0.title,t1_0.username,m1_0.ticket_id,m1_0.id,m1_0.created_at,m1_0.message,m1_0.sender_role from ticket t1_0 left join ticket_message m1_0 on t1_0.id=m1_0.ticket_id where t1_0.id=?
<<< [KAFKA CONSUMER] AI is analyzing the ticket (Simulating delay)...
Hibernate: select t1_0.id,t1_0.category,t1_0.created_at,t1_0.description,t1_0.severity,t1_0.status,t1_0.title,t1_0.username,m1_0.ticket_id,m1_0.id,m1_0.created_at,m1_0.message,m1_0.sender_role from ticket t1_0 left join ticket_message m1_0 on t1_0.id=m1_0.ticket_id where t1_0.id=?
Hibernate: select t1_0.id,t1_0.category,t1_0.created_at,t1_0.description,t1_0.severity,t1_0.status,t1_0.title,t1_0.username,m1_0.ticket_id,m1_0.id,m1_0.created_at,m1_0.message,m1_0.sender_role from ticket t1_0 left join ticket_message m1_0 on t1_0.id=m1_0.ticket_id where t1_0.id=?
Hibernate: select t1_0.id,t1_0.category,t1_0.created_at,t1_0.description,t1_0.severity,t1_0.status,t1_0.title,t1_0.username,m1_0.ticket_id,m1_0.id,m1_0.created_at,m1_0.message,m1_0.sender_role from ticket t1_0 left join ticket_message m1_0 on t1_0.id=m1_0.ticket_id where t1_0.id=?
Hibernate: select t1_0.id,t1_0.category,t1_0.created_at,t1_0.description,t1_0.severity,t1_0.status,t1_0.title,t1_0.username,m1_0.ticket_id,m1_0.id,m1_0.created_at,m1_0.message,m1_0.sender_role from ticket t1_0 left join ticket_message m1_0 on t1_0.id=m1_0.ticket_id where t1_0.id=?
>>> Sending ticket to AI Model for analysis...
Hibernate: select t1_0.id,t1_0.category,t1_0.created_at,t1_0.description,t1_0.severity,t1_0.status,t1_0.title,t1_0.username,m1_0.ticket_id,m1_0.id,m1_0.created_at,m1_0.message,m1_0.sender_role from ticket t1_0 left join ticket_message m1_0 on t1_0.id=m1_0.ticket_id where t1_0.id=?
2026-09-04T01:39:43.461+05:30  INFO 4014047 --- [backend] [ntainer#0-0-C-1] o.a.k.c.c.i.ClassicKafkaConsumer         : [Consumer clientId=consumer-ai-processing-group-1, groupId=ai-processing-group] Seeking to offset 0 for partition ticket-events-0
2026-09-04T01:39:43.461+05:30  INFO 4014047 --- [backend] [ntainer#0-0-C-1] o.s.k.l.KafkaMessageListenerContainer    : Record in retry and not yet recovered
<<< [KAFKA CONSUMER] Picked up ticket for background processing: 5b055075-0899-41f7-ab3b-0c2b09b4a72b
Hibernate: select t1_0.id,t1_0.category,t1_0.created_at,t1_0.description,t1_0.severity,t1_0.status,t1_0.title,t1_0.username,m1_0.ticket_id,m1_0.id,m1_0.created_at,m1_0.message,m1_0.sender_role from ticket t1_0 left join ticket_message m1_0 on t1_0.id=m1_0.ticket_id where t1_0.id=?
<<< [KAFKA CONSUMER] AI is analyzing the ticket (Simulating delay)...
Hibernate: select t1_0.id,t1_0.category,t1_0.created_at,t1_0.description,t1_0.severity,t1_0.status,t1_0.title,t1_0.username,m1_0.ticket_id,m1_0.id,m1_0.created_at,m1_0.message,m1_0.sender_role from ticket t1_0 left join ticket_message m1_0 on t1_0.id=m1_0.ticket_id where t1_0.id=?
Hibernate: select t1_0.id,t1_0.category,t1_0.created_at,t1_0.description,t1_0.severity,t1_0.status,t1_0.title,t1_0.username,m1_0.ticket_id,m1_0.id,m1_0.created_at,m1_0.message,m1_0.sender_role from ticket t1_0 left join ticket_message m1_0 on t1_0.id=m1_0.ticket_id where t1_0.id=?
Hibernate: select t1_0.id,t1_0.category,t1_0.created_at,t1_0.description,t1_0.severity,t1_0.status,t1_0.title,t1_0.username,m1_0.ticket_id,m1_0.id,m1_0.created_at,m1_0.message,m1_0.sender_role from ticket t1_0 left join ticket_message m1_0 on t1_0.id=m1_0.ticket_id where t1_0.id=?
Hibernate: select t1_0.id,t1_0.category,t1_0.created_at,t1_0.description,t1_0.severity,t1_0.status,t1_0.title,t1_0.username,m1_0.ticket_id,m1_0.id,m1_0.created_at,m1_0.message,m1_0.sender_role from ticket t1_0 left join ticket_message m1_0 on t1_0.id=m1_0.ticket_id where t1_0.id=?
>>> Sending ticket to AI Model for analysis...
Hibernate: select t1_0.id,t1_0.category,t1_0.created_at,t1_0.description,t1_0.severity,t1_0.status,t1_0.title,t1_0.username,m1_0.ticket_id,m1_0.id,m1_0.created_at,m1_0.message,m1_0.sender_role from ticket t1_0 left join ticket_message m1_0 on t1_0.id=m1_0.ticket_id where t1_0.id=?
2026-09-04T01:39:48.467+05:30  INFO 4014047 --- [backend] [ntainer#0-0-C-1] o.a.k.c.c.i.ClassicKafkaConsumer         : [Consumer clientId=consumer-ai-processing-group-1, groupId=ai-processing-group] Seeking to offset 0 for partition ticket-events-0
2026-09-04T01:39:48.468+05:30  INFO 4014047 --- [backend] [ntainer#0-0-C-1] o.s.k.l.KafkaMessageListenerContainer    : Record in retry and not yet recovered
<<< [KAFKA CONSUMER] Picked up ticket for background processing: 5b055075-0899-41f7-ab3b-0c2b09b4a72b
Hibernate: select t1_0.id,t1_0.category,t1_0.created_at,t1_0.description,t1_0.severity,t1_0.status,t1_0.title,t1_0.username,m1_0.ticket_id,m1_0.id,m1_0.created_at,m1_0.message,m1_0.sender_role from ticket t1_0 left join ticket_message m1_0 on t1_0.id=m1_0.ticket_id where t1_0.id=?
<<< [KAFKA CONSUMER] AI is analyzing the ticket (Simulating delay)...
Hibernate: select t1_0.id,t1_0.category,t1_0.created_at,t1_0.description,t1_0.severity,t1_0.status,t1_0.title,t1_0.username,m1_0.ticket_id,m1_0.id,m1_0.created_at,m1_0.message,m1_0.sender_role from ticket t1_0 left join ticket_message m1_0 on t1_0.id=m1_0.ticket_id where t1_0.id=?
Hibernate: select t1_0.id,t1_0.category,t1_0.created_at,t1_0.description,t1_0.severity,t1_0.status,t1_0.title,t1_0.username,m1_0.ticket_id,m1_0.id,m1_0.created_at,m1_0.message,m1_0.sender_role from ticket t1_0 left join ticket_message m1_0 on t1_0.id=m1_0.ticket_id where t1_0.id=?
Hibernate: select t1_0.id,t1_0.category,t1_0.created_at,t1_0.description,t1_0.severity,t1_0.status,t1_0.title,t1_0.username,m1_0.ticket_id,m1_0.id,m1_0.created_at,m1_0.message,m1_0.sender_role from ticket t1_0 left join ticket_message m1_0 on t1_0.id=m1_0.ticket_id where t1_0.id=?
Hibernate: select t1_0.id,t1_0.category,t1_0.created_at,t1_0.description,t1_0.severity,t1_0.status,t1_0.title,t1_0.username,m1_0.ticket_id,m1_0.id,m1_0.created_at,m1_0.message,m1_0.sender_role from ticket t1_0 left join ticket_message m1_0 on t1_0.id=m1_0.ticket_id where t1_0.id=?
>>> Sending ticket to AI Model for analysis...
>>> [DLQ] Captured FAILED ticket processing for ID: 5b055075-0899-41f7-ab3b-0c2b09b4a72b
Hibernate: select t1_0.id,t1_0.category,t1_0.created_at,t1_0.description,t1_0.severity,t1_0.status,t1_0.title,t1_0.username,m1_0.ticket_id,m1_0.id,m1_0.created_at,m1_0.message,m1_0.sender_role from ticket t1_0 left join ticket_message m1_0 on t1_0.id=m1_0.ticket_id where t1_0.id=?
Hibernate: select t1_0.id,t1_0.category,t1_0.created_at,t1_0.description,t1_0.severity,t1_0.status,t1_0.title,t1_0.username,m1_0.ticket_id,m1_0.id,m1_0.created_at,m1_0.message,m1_0.sender_role from ticket t1_0 left join ticket_message m1_0 on t1_0.id=m1_0.ticket_id where t1_0.id=?
Hibernate: insert into ticket_message (created_at,message,sender_role,ticket_id,id) values (?,?,?,?,?)
Hibernate: update ticket set category=?,created_at=?,description=?,severity=?,status=?,title=?,username=? where id=?
Hibernate: select t1_0.id,t1_0.category,t1_0.created_at,t1_0.description,t1_0.severity,t1_0.status,t1_0.title,t1_0.username,m1_0.ticket_id,m1_0.id,m1_0.created_at,m1_0.message,m1_0.sender_role from ticket t1_0 left join ticket_message m1_0 on t1_0.id=m1_0.ticket_id where t1_0.id=?
Hibernate: select t1_0.id,t1_0.category,t1_0.created_at,t1_0.description,t1_0.severity,t1_0.status,t1_0.title,t1_0.username,m1_0.ticket_id,m1_0.id,m1_0.created_at,m1_0.message,m1_0.sender_role from ticket t1_0 left join ticket_message m1_0 on t1_0.id=m1_0.ticket_id where t1_0.id=?
Hibernate: select t1_0.id,t1_0.category,t1_0.created_at,t1_0.description,t1_0.severity,t1_0.status,t1_0.title,t1_0.username,m1_0.ticket_id,m1_0.id,m1_0.created_at,m1_0.message,m1_0.sender_role from ticket t1_0 left join ticket_message m1_0 on t1_0.id=m1_0.ticket_id where t1_0.id=?
Hibernate: select t1_0.id,t1_0.category,t1_0.created_at,t1_0.description,t1_0.severity,t1_0.status,t1_0.title,t1_0.username,m1_0.ticket_id,m1_0.id,m1_0.created_at,m1_0.message,m1_0.sender_role from ticket t1_0 left join ticket_message m1_0 on t1_0.id=m1_0.ticket_id where t1_0.id=?
Hibernate: select t1_0.id,t1_0.category,t1_0.created_at,t1_0.description,t1_0.severity,t1_0.status,t1_0.title,t1_0.username,m1_0.ticket_id,m1_0.id,m1_0.created_at,m1_0.message,m1_0.sender_role from ticket t1_0 left join ticket_message m1_0 on t1_0.id=m1_0.ticket_id where t1_0.id=?
Hibernate: select t1_0.id,t1_0.category,t1_0.created_at,t1_0.description,t1_0.severity,t1_0.status,t1_0.title,t1_0.username,m1_0.ticket_id,m1_0.id,m1_0.created_at,m1_0.message,m1_0.sender_role from ticket t1_0 left join ticket_message m1_0 on t1_0.id=m1_0.ticket_id where t1_0.id=?
Hibernate: select t1_0.id,t1_0.category,t1_0.created_at,t1_0.description,t1_0.severity,t1_0.status,t1_0.title,t1_0.username,m1_0.ticket_id,m1_0.id,m1_0.created_at,m1_0.message,m1_0.sender_role from ticket t1_0 left join ticket_message m1_0 on t1_0.id=m1_0.ticket_id where t1_0.id=?
Hibernate: select t1_0.id,t1_0.category,t1_0.created_at,t1_0.description,t1_0.severity,t1_0.status,t1_0.title,t1_0.username,m1_0.ticket_id,m1_0.id,m1_0.created_at,m1_0.message,m1_0.sender_role from ticket t1_0 left join ticket_message m1_0 on t1_0.id=m1_0.ticket_id where t1_0.id=?
Hibernate: select t1_0.id,t1_0.category,t1_0.created_at,t1_0.description,t1_0.severity,t1_0.status,t1_0.title,t1_0.username,m1_0.ticket_id,m1_0.id,m1_0.created_at,m1_0.message,m1_0.sender_role from ticket t1_0 left join ticket_message m1_0 on t1_0.id=m1_0.ticket_id where t1_0.id=?
Hibernate: select t1_0.id,t1_0.category,t1_0.created_at,t1_0.description,t1_0.severity,t1_0.status,t1_0.title,t1_0.username,m1_0.ticket_id,m1_0.id,m1_0.created_at,m1_0.message,m1_0.sender_role from ticket t1_0 left join ticket_message m1_0 on t1_0.id=m1_0.ticket_id where t1_0.id=?
Hibernate: insert into ticket (category,created_at,description,severity,status,title,username,id) values (?,?,?,?,?,?,?,?)
Hibernate: insert into ticket_message (created_at,message,sender_role,ticket_id,id) values (?,?,?,?,?)
>>> Publishing Ticket Event to Kafka Topic: ticket-events | ID: c54b1df3-ce69-42a3-8a66-ea24b857653c
<<< [KAFKA CONSUMER] Picked up ticket for background processing: c54b1df3-ce69-42a3-8a66-ea24b857653c
Hibernate: select t1_0.id,t1_0.category,t1_0.created_at,t1_0.description,t1_0.severity,t1_0.status,t1_0.title,t1_0.username,m1_0.ticket_id,m1_0.id,m1_0.created_at,m1_0.message,m1_0.sender_role from ticket t1_0 left join ticket_message m1_0 on t1_0.id=m1_0.ticket_id where t1_0.id=?
<<< [KAFKA CONSUMER] AI is analyzing the ticket (Simulating delay)...
Hibernate: select t1_0.id,t1_0.category,t1_0.created_at,t1_0.description,t1_0.severity,t1_0.status,t1_0.title,t1_0.username,m1_0.ticket_id,m1_0.id,m1_0.created_at,m1_0.message,m1_0.sender_role from ticket t1_0 left join ticket_message m1_0 on t1_0.id=m1_0.ticket_id where t1_0.id=?
Hibernate: select t1_0.id,t1_0.category,t1_0.created_at,t1_0.description,t1_0.severity,t1_0.status,t1_0.title,t1_0.username,m1_0.ticket_id,m1_0.id,m1_0.created_at,m1_0.message,m1_0.sender_role from ticket t1_0 left join ticket_message m1_0 on t1_0.id=m1_0.ticket_id where t1_0.id=?
Hibernate: select t1_0.id,t1_0.category,t1_0.created_at,t1_0.description,t1_0.severity,t1_0.status,t1_0.title,t1_0.username,m1_0.ticket_id,m1_0.id,m1_0.created_at,m1_0.message,m1_0.sender_role from ticket t1_0 left join ticket_message m1_0 on t1_0.id=m1_0.ticket_id where t1_0.id=?
>>> Sending ticket to AI Model for analysis...
>>> [AI] Using Mock Logic (No API Key provided)
Hibernate: select t1_0.id,t1_0.category,t1_0.created_at,t1_0.description,t1_0.severity,t1_0.status,t1_0.title,t1_0.username,m1_0.ticket_id,m1_0.id,m1_0.created_at,m1_0.message,m1_0.sender_role from ticket t1_0 left join ticket_message m1_0 on t1_0.id=m1_0.ticket_id where t1_0.id=?
Hibernate: select t1_0.id,t1_0.category,t1_0.created_at,t1_0.description,t1_0.severity,t1_0.status,t1_0.title,t1_0.username,m1_0.ticket_id,m1_0.id,m1_0.created_at,m1_0.message,m1_0.sender_role from ticket t1_0 left join ticket_message m1_0 on t1_0.id=m1_0.ticket_id where t1_0.id=?
Hibernate: insert into ticket_message (created_at,message,sender_role,ticket_id,id) values (?,?,?,?,?)
Hibernate: update ticket set category=?,created_at=?,description=?,severity=?,status=?,title=?,username=? where id=?
<<< [KAFKA CONSUMER] Finished processing! Updated DB for ticket: c54b1df3-ce69-42a3-8a66-ea24b857653c
Hibernate: select t1_0.id,t1_0.category,t1_0.created_at,t1_0.description,t1_0.severity,t1_0.status,t1_0.title,t1_0.username,m1_0.ticket_id,m1_0.id,m1_0.created_at,m1_0.message,m1_0.sender_role from ticket t1_0 left join ticket_message m1_0 on t1_0.id=m1_0.ticket_id where t1_0.id=?
Hibernate: select t1_0.id,t1_0.category,t1_0.created_at,t1_0.description,t1_0.severity,t1_0.status,t1_0.title,t1_0.username,m1_0.ticket_id,m1_0.id,m1_0.created_at,m1_0.message,m1_0.sender_role from ticket t1_0 left join ticket_message m1_0 on t1_0.id=m1_0.ticket_id where t1_0.id=?
Hibernate: select t1_0.id,t1_0.category,t1_0.created_at,t1_0.description,t1_0.severity,t1_0.status,t1_0.title,t1_0.username,m1_0.ticket_id,m1_0.id,m1_0.created_at,m1_0.message,m1_0.sender_role from ticket t1_0 left join ticket_message m1_0 on t1_0.id=m1_0.ticket_id where t1_0.id=?
Hibernate: select t1_0.id,t1_0.category,t1_0.created_at,t1_0.description,t1_0.severity,t1_0.status,t1_0.title,t1_0.username,m1_0.ticket_id,m1_0.id,m1_0.created_at,m1_0.message,m1_0.sender_role from ticket t1_0 left join ticket_message m1_0 on t1_0.id=m1_0.ticket_id where t1_0.id=?
Hibernate: select t1_0.id,t1_0.category,t1_0.created_at,t1_0.description,t1_0.severity,t1_0.status,t1_0.title,t1_0.username,m1_0.ticket_id,m1_0.id,m1_0.created_at,m1_0.message,m1_0.sender_role from ticket t1_0 left join ticket_message m1_0 on t1_0.id=m1_0.ticket_id where t1_0.id=?
[ERROR] Tests run: 2, Failures: 0, Errors: 2, Skipped: 0, Time elapsed: 53.51 s <<< FAILURE! -- in com.intellisupport.backend.TicketIntegrationTest
[ERROR] com.intellisupport.backend.TicketIntegrationTest.testEndToEndDeadLetterQueueRecovery -- Time elapsed: 31.16 s <<< ERROR!
org.awaitility.core.ConditionTimeoutException: Assertion condition defined as a Lambda expression in com.intellisupport.backend.TicketIntegrationTest expected: <true> but was: <false> within 30 seconds.
	at org.awaitility.core.ConditionAwaiter.await(ConditionAwaiter.java:167)
	at org.awaitility.core.AssertionCondition.await(AssertionCondition.java:119)
	at org.awaitility.core.AssertionCondition.await(AssertionCondition.java:31)
	at org.awaitility.core.ConditionFactory.until(ConditionFactory.java:1160)
	at org.awaitility.core.ConditionFactory.untilAsserted(ConditionFactory.java:790)
	at com.intellisupport.backend.TicketIntegrationTest.testEndToEndDeadLetterQueueRecovery(TicketIntegrationTest.java:110)
Caused by: org.opentest4j.AssertionFailedError: expected: <true> but was: <false>
	at org.junit.jupiter.api.AssertionFailureBuilder.build(AssertionFailureBuilder.java:158)
	at org.junit.jupiter.api.AssertionFailureBuilder.buildAndThrow(AssertionFailureBuilder.java:139)
	at org.junit.jupiter.api.AssertTrue.failNotTrue(AssertTrue.java:69)
	at org.junit.jupiter.api.AssertTrue.assertTrue(AssertTrue.java:41)
	at org.junit.jupiter.api.AssertTrue.assertTrue(AssertTrue.java:35)
	at org.junit.jupiter.api.Assertions.assertTrue(Assertions.java:195)
	at com.intellisupport.backend.TicketIntegrationTest.lambda$testEndToEndDeadLetterQueueRecovery$1(TicketIntegrationTest.java:114)

[ERROR] com.intellisupport.backend.TicketIntegrationTest.testEndToEndTicketCreationAndResolution -- Time elapsed: 10.05 s <<< ERROR!
org.awaitility.core.ConditionTimeoutException: Assertion condition defined as a Lambda expression in com.intellisupport.backend.TicketIntegrationTest expected: <true> but was: <false> within 10 seconds.
	at org.awaitility.core.ConditionAwaiter.await(ConditionAwaiter.java:167)
	at org.awaitility.core.AssertionCondition.await(AssertionCondition.java:119)
	at org.awaitility.core.AssertionCondition.await(AssertionCondition.java:31)
	at org.awaitility.core.ConditionFactory.until(ConditionFactory.java:1160)
	at org.awaitility.core.ConditionFactory.untilAsserted(ConditionFactory.java:790)
	at com.intellisupport.backend.TicketIntegrationTest.testEndToEndTicketCreationAndResolution(TicketIntegrationTest.java:81)
Caused by: org.opentest4j.AssertionFailedError: expected: <true> but was: <false>
	at org.junit.jupiter.api.AssertionFailureBuilder.build(AssertionFailureBuilder.java:158)
	at org.junit.jupiter.api.AssertionFailureBuilder.buildAndThrow(AssertionFailureBuilder.java:139)
	at org.junit.jupiter.api.AssertTrue.failNotTrue(AssertTrue.java:69)
	at org.junit.jupiter.api.AssertTrue.assertTrue(AssertTrue.java:41)
	at org.junit.jupiter.api.AssertTrue.assertTrue(AssertTrue.java:35)
	at org.junit.jupiter.api.Assertions.assertTrue(Assertions.java:195)
	at com.intellisupport.backend.TicketIntegrationTest.lambda$testEndToEndTicketCreationAndResolution$0(TicketIntegrationTest.java:85)

2026-09-04T01:40:13.624+05:30  INFO 4014047 --- [backend] [ntainer#1-0-C-1] k.c.c.i.ConsumerRebalanceListenerInvoker : [Consumer clientId=consumer-ai-processing-group-dlq-2, groupId=ai-processing-group-dlq] Revoke previously assigned partitions [ticket-events.DLT-0]
2026-09-04T01:40:13.624+05:30  INFO 4014047 --- [backend] [ntainer#0-0-C-1] k.c.c.i.ConsumerRebalanceListenerInvoker : [Consumer clientId=consumer-ai-processing-group-1, groupId=ai-processing-group] Revoke previously assigned partitions [ticket-events-0]
2026-09-04T01:40:13.624+05:30  INFO 4014047 --- [backend] [ntainer#1-0-C-1] o.s.k.l.KafkaMessageListenerContainer    : ai-processing-group-dlq: partitions revoked: [ticket-events.DLT-0]
2026-09-04T01:40:13.624+05:30  INFO 4014047 --- [backend] [ntainer#0-0-C-1] o.s.k.l.KafkaMessageListenerContainer    : ai-processing-group: partitions revoked: [ticket-events-0]
2026-09-04T01:40:13.625+05:30  INFO 4014047 --- [backend] [ntainer#1-0-C-1] o.a.k.c.c.internals.ConsumerCoordinator  : [Consumer clientId=consumer-ai-processing-group-dlq-2, groupId=ai-processing-group-dlq] Member consumer-ai-processing-group-dlq-2-3c694509-64e1-45b1-9ea6-f666b96e5c8e sending LeaveGroup request to coordinator localhost:35353 (id: 2147483647 rack: null isFenced: false) due to the consumer unsubscribed from all topics
2026-09-04T01:40:13.625+05:30  INFO 4014047 --- [backend] [ntainer#0-0-C-1] o.a.k.c.c.internals.ConsumerCoordinator  : [Consumer clientId=consumer-ai-processing-group-1, groupId=ai-processing-group] Member consumer-ai-processing-group-1-fef9ea64-8d40-49e1-b7a5-02a016d24bdd sending LeaveGroup request to coordinator localhost:35353 (id: 2147483647 rack: null isFenced: false) due to the consumer unsubscribed from all topics
2026-09-04T01:40:13.626+05:30  INFO 4014047 --- [backend] [ntainer#0-0-C-1] o.a.k.c.c.internals.ConsumerCoordinator  : [Consumer clientId=consumer-ai-processing-group-1, groupId=ai-processing-group] Resetting generation and member id due to: consumer pro-actively leaving the group
2026-09-04T01:40:13.626+05:30  INFO 4014047 --- [backend] [ntainer#0-0-C-1] o.a.k.c.c.internals.ConsumerCoordinator  : [Consumer clientId=consumer-ai-processing-group-1, groupId=ai-processing-group] Request joining group due to: consumer pro-actively leaving the group
2026-09-04T01:40:13.626+05:30  INFO 4014047 --- [backend] [ntainer#0-0-C-1] o.a.k.c.c.i.ClassicKafkaConsumer         : [Consumer clientId=consumer-ai-processing-group-1, groupId=ai-processing-group] Unsubscribed all topics or patterns and assigned partitions
2026-09-04T01:40:13.626+05:30  INFO 4014047 --- [backend] [ntainer#1-0-C-1] o.a.k.c.c.internals.ConsumerCoordinator  : [Consumer clientId=consumer-ai-processing-group-dlq-2, groupId=ai-processing-group-dlq] Resetting generation and member id due to: consumer pro-actively leaving the group
2026-09-04T01:40:13.627+05:30  INFO 4014047 --- [backend] [ntainer#1-0-C-1] o.a.k.c.c.internals.ConsumerCoordinator  : [Consumer clientId=consumer-ai-processing-group-dlq-2, groupId=ai-processing-group-dlq] Request joining group due to: consumer pro-actively leaving the group
2026-09-04T01:40:13.627+05:30  INFO 4014047 --- [backend] [ntainer#1-0-C-1] o.a.k.c.c.i.ClassicKafkaConsumer         : [Consumer clientId=consumer-ai-processing-group-dlq-2, groupId=ai-processing-group-dlq] Unsubscribed all topics or patterns and assigned partitions
2026-09-04T01:40:13.627+05:30  INFO 4014047 --- [backend] [ent-processor-1] o.a.k.c.group.GroupMetadataManager       : [GroupCoordinator id=0 topic=__consumer_offsets partition=22] [Group ai-processing-group] Member consumer-ai-processing-group-1-fef9ea64-8d40-49e1-b7a5-02a016d24bdd has left group through explicit `LeaveGroup` request; client reason: the consumer unsubscribed from all topics
2026-09-04T01:40:13.628+05:30  INFO 4014047 --- [backend] [ent-processor-0] o.a.k.c.group.GroupMetadataManager       : [GroupCoordinator id=0 topic=__consumer_offsets partition=6] [Group ai-processing-group-dlq] Member consumer-ai-processing-group-dlq-2-3c694509-64e1-45b1-9ea6-f666b96e5c8e has left group through explicit `LeaveGroup` request; client reason: the consumer unsubscribed from all topics
2026-09-04T01:40:13.628+05:30  INFO 4014047 --- [backend] [ent-processor-0] o.a.k.c.group.GroupMetadataManager       : [GroupCoordinator id=0 topic=__consumer_offsets partition=6] Preparing to rebalance group ai-processing-group-dlq in state PreparingRebalance with old generation 1 (reason: explicit `LeaveGroup` request for (consumer-ai-processing-group-dlq-2-3c694509-64e1-45b1-9ea6-f666b96e5c8e) members.).
2026-09-04T01:40:13.629+05:30  INFO 4014047 --- [backend] [ent-processor-0] o.a.k.c.group.GroupMetadataManager       : [GroupCoordinator id=0 topic=__consumer_offsets partition=6] Group ai-processing-group-dlq with generation 2 is now empty.
2026-09-04T01:40:13.629+05:30  INFO 4014047 --- [backend] [ntainer#0-0-C-1] o.a.k.c.c.internals.ConsumerCoordinator  : [Consumer clientId=consumer-ai-processing-group-1, groupId=ai-processing-group] Resetting generation and member id due to: consumer pro-actively leaving the group
2026-09-04T01:40:13.629+05:30  INFO 4014047 --- [backend] [ntainer#0-0-C-1] o.a.k.c.c.internals.ConsumerCoordinator  : [Consumer clientId=consumer-ai-processing-group-1, groupId=ai-processing-group] Request joining group due to: consumer pro-actively leaving the group
2026-09-04T01:40:13.629+05:30  INFO 4014047 --- [backend] [ntainer#1-0-C-1] o.a.k.c.c.internals.ConsumerCoordinator  : [Consumer clientId=consumer-ai-processing-group-dlq-2, groupId=ai-processing-group-dlq] Resetting generation and member id due to: consumer pro-actively leaving the group
2026-09-04T01:40:13.630+05:30  INFO 4014047 --- [backend] [ntainer#1-0-C-1] o.a.k.c.c.internals.ConsumerCoordinator  : [Consumer clientId=consumer-ai-processing-group-dlq-2, groupId=ai-processing-group-dlq] Request joining group due to: consumer pro-actively leaving the group
2026-09-04T01:40:13.631+05:30  INFO 4014047 --- [backend] [ent-processor-1] o.a.k.c.group.GroupMetadataManager       : [GroupCoordinator id=0 topic=__consumer_offsets partition=22] Preparing to rebalance group ai-processing-group in state PreparingRebalance with old generation 1 (reason: explicit `LeaveGroup` request for (consumer-ai-processing-group-1-fef9ea64-8d40-49e1-b7a5-02a016d24bdd) members.).
2026-09-04T01:40:13.631+05:30  INFO 4014047 --- [backend] [ent-processor-1] o.a.k.c.group.GroupMetadataManager       : [GroupCoordinator id=0 topic=__consumer_offsets partition=22] Group ai-processing-group with generation 2 is now empty.
2026-09-04T01:40:14.078+05:30  INFO 4014047 --- [backend] [ntainer#0-0-C-1] o.apache.kafka.common.metrics.Metrics    : Metrics scheduler closed
2026-09-04T01:40:14.078+05:30  INFO 4014047 --- [backend] [ntainer#0-0-C-1] o.apache.kafka.common.metrics.Metrics    : Closing reporter org.apache.kafka.common.metrics.JmxReporter
2026-09-04T01:40:14.078+05:30  INFO 4014047 --- [backend] [ntainer#0-0-C-1] o.apache.kafka.common.metrics.Metrics    : Closing reporter org.apache.kafka.common.telemetry.internals.ClientTelemetryReporter
2026-09-04T01:40:14.078+05:30  INFO 4014047 --- [backend] [ntainer#0-0-C-1] o.apache.kafka.common.metrics.Metrics    : Metrics reporters closed
2026-09-04T01:40:14.083+05:30  INFO 4014047 --- [backend] [ntainer#0-0-C-1] o.a.kafka.common.utils.AppInfoParser     : App info kafka.consumer for consumer-ai-processing-group-1 unregistered
2026-09-04T01:40:14.083+05:30  INFO 4014047 --- [backend] [ntainer#1-0-C-1] o.apache.kafka.common.metrics.Metrics    : Metrics scheduler closed
2026-09-04T01:40:14.083+05:30  INFO 4014047 --- [backend] [ntainer#1-0-C-1] o.apache.kafka.common.metrics.Metrics    : Closing reporter org.apache.kafka.common.metrics.JmxReporter
2026-09-04T01:40:14.083+05:30  INFO 4014047 --- [backend] [ntainer#0-0-C-1] o.s.k.l.KafkaMessageListenerContainer    : ai-processing-group: Consumer stopped
2026-09-04T01:40:14.083+05:30  INFO 4014047 --- [backend] [ntainer#1-0-C-1] o.apache.kafka.common.metrics.Metrics    : Closing reporter org.apache.kafka.common.telemetry.internals.ClientTelemetryReporter
2026-09-04T01:40:14.083+05:30  INFO 4014047 --- [backend] [ntainer#1-0-C-1] o.apache.kafka.common.metrics.Metrics    : Metrics reporters closed
2026-09-04T01:40:14.087+05:30  INFO 4014047 --- [backend] [ntainer#1-0-C-1] o.a.kafka.common.utils.AppInfoParser     : App info kafka.consumer for consumer-ai-processing-group-dlq-2 unregistered
2026-09-04T01:40:14.087+05:30  INFO 4014047 --- [backend] [ntainer#1-0-C-1] o.s.k.l.KafkaMessageListenerContainer    : ai-processing-group-dlq: Consumer stopped
2026-09-04T01:40:14.088+05:30  INFO 4014047 --- [backend] [ionShutdownHook] o.s.boot.tomcat.GracefulShutdown         : Commencing graceful shutdown. Waiting for active requests to complete
2026-09-04T01:40:14.091+05:30  INFO 4014047 --- [backend] [tomcat-shutdown] o.s.boot.tomcat.GracefulShutdown         : Graceful shutdown complete
2026-09-04T01:40:14.092+05:30  INFO 4014047 --- [backend] [ionShutdownHook] o.s.m.s.b.SimpleBrokerMessageHandler     : Stopping...
2026-09-04T01:40:14.093+05:30  INFO 4014047 --- [backend] [ionShutdownHook] o.s.m.s.b.SimpleBrokerMessageHandler     : BrokerAvailabilityEvent[available=false, SimpleBrokerMessageHandler [org.springframework.messaging.simp.broker.DefaultSubscriptionRegistry@6629ce82]]
2026-09-04T01:40:14.093+05:30  INFO 4014047 --- [backend] [ionShutdownHook] o.s.m.s.b.SimpleBrokerMessageHandler     : Stopped.
2026-09-04T01:40:14.096+05:30  INFO 4014047 --- [backend] [ionShutdownHook] o.a.k.clients.producer.KafkaProducer     : [Producer clientId=backend-producer-1] Closing the Kafka producer with timeoutMillis = 30000 ms.
2026-09-04T01:40:14.100+05:30  INFO 4014047 --- [backend] [ionShutdownHook] o.apache.kafka.common.metrics.Metrics    : Metrics scheduler closed
2026-09-04T01:40:14.100+05:30  INFO 4014047 --- [backend] [ionShutdownHook] o.apache.kafka.common.metrics.Metrics    : Closing reporter org.apache.kafka.common.metrics.JmxReporter
2026-09-04T01:40:14.100+05:30  INFO 4014047 --- [backend] [ionShutdownHook] o.apache.kafka.common.metrics.Metrics    : Closing reporter org.apache.kafka.common.telemetry.internals.ClientTelemetryReporter
2026-09-04T01:40:14.100+05:30  INFO 4014047 --- [backend] [ionShutdownHook] o.apache.kafka.common.metrics.Metrics    : Metrics reporters closed
2026-09-04T01:40:14.100+05:30  INFO 4014047 --- [backend] [ionShutdownHook] o.a.kafka.common.utils.AppInfoParser     : App info kafka.producer for backend-producer-1 unregistered
2026-09-04T01:40:14.112+05:30  INFO 4014047 --- [backend] [ster-test-kit-2] kafka.server.BrokerServer                : [BrokerServer id=0] Transition from STARTED to SHUTTING_DOWN
2026-09-04T01:40:14.112+05:30  INFO 4014047 --- [backend] [ster-test-kit-2] kafka.server.BrokerServer                : [BrokerServer id=0] shutting down
2026-09-04T01:40:14.113+05:30  INFO 4014047 --- [backend] [r-event-handler] kafka.server.BrokerLifecycleManager      : [BrokerLifecycleManager id=0] Beginning controlled shutdown.
2026-09-04T01:40:14.114+05:30  INFO 4014047 --- [backend] [0-event-handler] o.a.k.controller.BrokerHeartbeatManager  : [QuorumController id=0] Unfenced broker 0 has requested and been granted a controlled shutdown.
2026-09-04T01:40:14.123+05:30  INFO 4014047 --- [backend] [0-event-handler] o.a.k.c.ReplicationControlManager        : [QuorumController id=0] enterControlledShutdown[0]: changing 52 partition(s)
2026-09-04T01:40:14.124+05:30  INFO 4014047 --- [backend] [0-event-handler] o.a.k.controller.ClusterControlManager   : [QuorumController id=0] Replayed BrokerRegistrationChangeRecord modifying the registration for broker 0: BrokerRegistrationChangeRecord(brokerId=0, brokerEpoch=11, fenced=0, inControlledShutdown=1, logDirs=[])
2026-09-04T01:40:14.151+05:30  INFO 4014047 --- [backend] [r-event-handler] kafka.server.BrokerLifecycleManager      : [BrokerLifecycleManager id=0] The broker is in PENDING_CONTROLLED_SHUTDOWN state, still waiting for the active controller.
2026-09-04T01:40:14.151+05:30  INFO 4014047 --- [backend] [r-event-handler] state.change.logger                      : [Broker id=0] Transitioning 52 partition(s) to local followers.
2026-09-04T01:40:14.157+05:30  INFO 4014047 --- [backend] [r-event-handler] state.change.logger                      : [Broker id=0] Follower __consumer_offsets-13 starts at leader epoch 1 from offset 0 with partition epoch 1 and high watermark 0. Current leader is -1. Previous leader Some(0) and previous leader epoch was 0.
2026-09-04T01:40:14.157+05:30  INFO 4014047 --- [backend] [r-event-handler] state.change.logger                      : [Broker id=0] Follower __consumer_offsets-46 starts at leader epoch 1 from offset 0 with partition epoch 1 and high watermark 0. Current leader is -1. Previous leader Some(0) and previous leader epoch was 0.
2026-09-04T01:40:14.157+05:30  INFO 4014047 --- [backend] [r-event-handler] state.change.logger                      : [Broker id=0] Follower __consumer_offsets-9 starts at leader epoch 1 from offset 0 with partition epoch 1 and high watermark 0. Current leader is -1. Previous leader Some(0) and previous leader epoch was 0.
2026-09-04T01:40:14.157+05:30  INFO 4014047 --- [backend] [r-event-handler] state.change.logger                      : [Broker id=0] Follower __consumer_offsets-42 starts at leader epoch 1 from offset 0 with partition epoch 1 and high watermark 0. Current leader is -1. Previous leader Some(0) and previous leader epoch was 0.
2026-09-04T01:40:14.157+05:30  INFO 4014047 --- [backend] [r-event-handler] state.change.logger                      : [Broker id=0] Follower __consumer_offsets-21 starts at leader epoch 1 from offset 0 with partition epoch 1 and high watermark 0. Current leader is -1. Previous leader Some(0) and previous leader epoch was 0.
2026-09-04T01:40:14.157+05:30  INFO 4014047 --- [backend] [r-event-handler] state.change.logger                      : [Broker id=0] Follower __consumer_offsets-17 starts at leader epoch 1 from offset 0 with partition epoch 1 and high watermark 0. Current leader is -1. Previous leader Some(0) and previous leader epoch was 0.
2026-09-04T01:40:14.158+05:30  INFO 4014047 --- [backend] [r-event-handler] state.change.logger                      : [Broker id=0] Follower __consumer_offsets-30 starts at leader epoch 1 from offset 0 with partition epoch 1 and high watermark 0. Current leader is -1. Previous leader Some(0) and previous leader epoch was 0.
2026-09-04T01:40:14.158+05:30  INFO 4014047 --- [backend] [r-event-handler] state.change.logger                      : [Broker id=0] Follower __consumer_offsets-26 starts at leader epoch 1 from offset 0 with partition epoch 1 and high watermark 0. Current leader is -1. Previous leader Some(0) and previous leader epoch was 0.
2026-09-04T01:40:14.158+05:30  INFO 4014047 --- [backend] [r-event-handler] state.change.logger                      : [Broker id=0] Follower __consumer_offsets-5 starts at leader epoch 1 from offset 0 with partition epoch 1 and high watermark 0. Current leader is -1. Previous leader Some(0) and previous leader epoch was 0.
2026-09-04T01:40:14.158+05:30  INFO 4014047 --- [backend] [r-event-handler] state.change.logger                      : [Broker id=0] Follower __consumer_offsets-38 starts at leader epoch 1 from offset 0 with partition epoch 1 and high watermark 0. Current leader is -1. Previous leader Some(0) and previous leader epoch was 0.
2026-09-04T01:40:14.158+05:30  INFO 4014047 --- [backend] [r-event-handler] state.change.logger                      : [Broker id=0] Follower __consumer_offsets-1 starts at leader epoch 1 from offset 0 with partition epoch 1 and high watermark 0. Current leader is -1. Previous leader Some(0) and previous leader epoch was 0.
2026-09-04T01:40:14.158+05:30  INFO 4014047 --- [backend] [r-event-handler] state.change.logger                      : [Broker id=0] Follower __consumer_offsets-34 starts at leader epoch 1 from offset 0 with partition epoch 1 and high watermark 0. Current leader is -1. Previous leader Some(0) and previous leader epoch was 0.
2026-09-04T01:40:14.159+05:30  INFO 4014047 --- [backend] [r-event-handler] state.change.logger                      : [Broker id=0] Follower __consumer_offsets-16 starts at leader epoch 1 from offset 0 with partition epoch 1 and high watermark 0. Current leader is -1. Previous leader Some(0) and previous leader epoch was 0.
2026-09-04T01:40:14.159+05:30  INFO 4014047 --- [backend] [r-event-handler] state.change.logger                      : [Broker id=0] Follower __consumer_offsets-45 starts at leader epoch 1 from offset 0 with partition epoch 1 and high watermark 0. Current leader is -1. Previous leader Some(0) and previous leader epoch was 0.
2026-09-04T01:40:14.159+05:30  INFO 4014047 --- [backend] [r-event-handler] state.change.logger                      : [Broker id=0] Follower __consumer_offsets-12 starts at leader epoch 1 from offset 0 with partition epoch 1 and high watermark 0. Current leader is -1. Previous leader Some(0) and previous leader epoch was 0.
2026-09-04T01:40:14.159+05:30  INFO 4014047 --- [backend] [r-event-handler] state.change.logger                      : [Broker id=0] Follower __consumer_offsets-41 starts at leader epoch 1 from offset 0 with partition epoch 1 and high watermark 0. Current leader is -1. Previous leader Some(0) and previous leader epoch was 0.
2026-09-04T01:40:14.159+05:30  INFO 4014047 --- [backend] [r-event-handler] state.change.logger                      : [Broker id=0] Follower __consumer_offsets-24 starts at leader epoch 1 from offset 0 with partition epoch 1 and high watermark 0. Current leader is -1. Previous leader Some(0) and previous leader epoch was 0.
2026-09-04T01:40:14.159+05:30  INFO 4014047 --- [backend] [r-event-handler] state.change.logger                      : [Broker id=0] Follower __consumer_offsets-20 starts at leader epoch 1 from offset 0 with partition epoch 1 and high watermark 0. Current leader is -1. Previous leader Some(0) and previous leader epoch was 0.
2026-09-04T01:40:14.159+05:30  INFO 4014047 --- [backend] [r-event-handler] state.change.logger                      : [Broker id=0] Follower __consumer_offsets-49 starts at leader epoch 1 from offset 0 with partition epoch 1 and high watermark 0. Current leader is -1. Previous leader Some(0) and previous leader epoch was 0.
2026-09-04T01:40:14.159+05:30  INFO 4014047 --- [backend] [r-event-handler] state.change.logger                      : [Broker id=0] Follower __consumer_offsets-0 starts at leader epoch 1 from offset 0 with partition epoch 1 and high watermark 0. Current leader is -1. Previous leader Some(0) and previous leader epoch was 0.
2026-09-04T01:40:14.160+05:30  INFO 4014047 --- [backend] [r-event-handler] state.change.logger                      : [Broker id=0] Follower __consumer_offsets-29 starts at leader epoch 1 from offset 0 with partition epoch 1 and high watermark 0. Current leader is -1. Previous leader Some(0) and previous leader epoch was 0.
2026-09-04T01:40:14.160+05:30  INFO 4014047 --- [backend] [r-event-handler] state.change.logger                      : [Broker id=0] Follower __consumer_offsets-25 starts at leader epoch 1 from offset 0 with partition epoch 1 and high watermark 0. Current leader is -1. Previous leader Some(0) and previous leader epoch was 0.
2026-09-04T01:40:14.160+05:30  INFO 4014047 --- [backend] [r-event-handler] state.change.logger                      : [Broker id=0] Follower __consumer_offsets-8 starts at leader epoch 1 from offset 0 with partition epoch 1 and high watermark 0. Current leader is -1. Previous leader Some(0) and previous leader epoch was 0.
2026-09-04T01:40:14.160+05:30  INFO 4014047 --- [backend] [r-event-handler] state.change.logger                      : [Broker id=0] Follower __consumer_offsets-37 starts at leader epoch 1 from offset 0 with partition epoch 1 and high watermark 0. Current leader is -1. Previous leader Some(0) and previous leader epoch was 0.
2026-09-04T01:40:14.160+05:30  INFO 4014047 --- [backend] [r-event-handler] state.change.logger                      : [Broker id=0] Follower __consumer_offsets-4 starts at leader epoch 1 from offset 0 with partition epoch 1 and high watermark 0. Current leader is -1. Previous leader Some(0) and previous leader epoch was 0.
2026-09-04T01:40:14.160+05:30  INFO 4014047 --- [backend] [r-event-handler] state.change.logger                      : [Broker id=0] Follower __consumer_offsets-33 starts at leader epoch 1 from offset 0 with partition epoch 1 and high watermark 0. Current leader is -1. Previous leader Some(0) and previous leader epoch was 0.
2026-09-04T01:40:14.160+05:30  INFO 4014047 --- [backend] [r-event-handler] state.change.logger                      : [Broker id=0] Follower __consumer_offsets-15 starts at leader epoch 1 from offset 0 with partition epoch 1 and high watermark 0. Current leader is -1. Previous leader Some(0) and previous leader epoch was 0.
2026-09-04T01:40:14.160+05:30  INFO 4014047 --- [backend] [r-event-handler] state.change.logger                      : [Broker id=0] Follower __consumer_offsets-48 starts at leader epoch 1 from offset 0 with partition epoch 1 and high watermark 0. Current leader is -1. Previous leader Some(0) and previous leader epoch was 0.
2026-09-04T01:40:14.160+05:30  INFO 4014047 --- [backend] [r-event-handler] state.change.logger                      : [Broker id=0] Follower __consumer_offsets-11 starts at leader epoch 1 from offset 0 with partition epoch 1 and high watermark 0. Current leader is -1. Previous leader Some(0) and previous leader epoch was 0.
2026-09-04T01:40:14.160+05:30  INFO 4014047 --- [backend] [r-event-handler] state.change.logger                      : [Broker id=0] Follower __consumer_offsets-44 starts at leader epoch 1 from offset 0 with partition epoch 1 and high watermark 0. Current leader is -1. Previous leader Some(0) and previous leader epoch was 0.
2026-09-04T01:40:14.161+05:30  INFO 4014047 --- [backend] [r-event-handler] state.change.logger                      : [Broker id=0] Follower __consumer_offsets-23 starts at leader epoch 1 from offset 0 with partition epoch 1 and high watermark 0. Current leader is -1. Previous leader Some(0) and previous leader epoch was 0.
2026-09-04T01:40:14.161+05:30  INFO 4014047 --- [backend] [r-event-handler] state.change.logger                      : [Broker id=0] Follower __consumer_offsets-19 starts at leader epoch 1 from offset 0 with partition epoch 1 and high watermark 0. Current leader is -1. Previous leader Some(0) and previous leader epoch was 0.
2026-09-04T01:40:14.161+05:30  INFO 4014047 --- [backend] [r-event-handler] state.change.logger                      : [Broker id=0] Follower __consumer_offsets-32 starts at leader epoch 1 from offset 0 with partition epoch 1 and high watermark 0. Current leader is -1. Previous leader Some(0) and previous leader epoch was 0.
2026-09-04T01:40:14.161+05:30  INFO 4014047 --- [backend] [r-event-handler] state.change.logger                      : [Broker id=0] Follower __consumer_offsets-28 starts at leader epoch 1 from offset 0 with partition epoch 1 and high watermark 0. Current leader is -1. Previous leader Some(0) and previous leader epoch was 0.
2026-09-04T01:40:14.161+05:30  INFO 4014047 --- [backend] [r-event-handler] state.change.logger                      : [Broker id=0] Follower __consumer_offsets-7 starts at leader epoch 1 from offset 0 with partition epoch 1 and high watermark 0. Current leader is -1. Previous leader Some(0) and previous leader epoch was 0.
2026-09-04T01:40:14.161+05:30  INFO 4014047 --- [backend] [r-event-handler] state.change.logger                      : [Broker id=0] Follower __consumer_offsets-40 starts at leader epoch 1 from offset 0 with partition epoch 1 and high watermark 0. Current leader is -1. Previous leader Some(0) and previous leader epoch was 0.
2026-09-04T01:40:14.161+05:30  INFO 4014047 --- [backend] [r-event-handler] state.change.logger                      : [Broker id=0] Follower ticket-events-0 starts at leader epoch 1 from offset 2 with partition epoch 1 and high watermark 2. Current leader is -1. Previous leader Some(0) and previous leader epoch was 0.
2026-09-04T01:40:14.161+05:30  INFO 4014047 --- [backend] [r-event-handler] state.change.logger                      : [Broker id=0] Follower __consumer_offsets-3 starts at leader epoch 1 from offset 0 with partition epoch 1 and high watermark 0. Current leader is -1. Previous leader Some(0) and previous leader epoch was 0.
2026-09-04T01:40:14.161+05:30  INFO 4014047 --- [backend] [r-event-handler] state.change.logger                      : [Broker id=0] Follower __consumer_offsets-36 starts at leader epoch 1 from offset 0 with partition epoch 1 and high watermark 0. Current leader is -1. Previous leader Some(0) and previous leader epoch was 0.
2026-09-04T01:40:14.161+05:30  INFO 4014047 --- [backend] [r-event-handler] state.change.logger                      : [Broker id=0] Follower __consumer_offsets-47 starts at leader epoch 1 from offset 0 with partition epoch 1 and high watermark 0. Current leader is -1. Previous leader Some(0) and previous leader epoch was 0.
2026-09-04T01:40:14.161+05:30  INFO 4014047 --- [backend] [r-event-handler] state.change.logger                      : [Broker id=0] Follower __consumer_offsets-14 starts at leader epoch 1 from offset 0 with partition epoch 1 and high watermark 0. Current leader is -1. Previous leader Some(0) and previous leader epoch was 0.
2026-09-04T01:40:14.162+05:30  INFO 4014047 --- [backend] [r-event-handler] state.change.logger                      : [Broker id=0] Follower __consumer_offsets-43 starts at leader epoch 1 from offset 0 with partition epoch 1 and high watermark 0. Current leader is -1. Previous leader Some(0) and previous leader epoch was 0.
2026-09-04T01:40:14.162+05:30  INFO 4014047 --- [backend] [r-event-handler] state.change.logger                      : [Broker id=0] Follower __consumer_offsets-10 starts at leader epoch 1 from offset 0 with partition epoch 1 and high watermark 0. Current leader is -1. Previous leader Some(0) and previous leader epoch was 0.
2026-09-04T01:40:14.162+05:30  INFO 4014047 --- [backend] [r-event-handler] state.change.logger                      : [Broker id=0] Follower __consumer_offsets-22 starts at leader epoch 1 from offset 6 with partition epoch 1 and high watermark 6. Current leader is -1. Previous leader Some(0) and previous leader epoch was 0.
2026-09-04T01:40:14.162+05:30  INFO 4014047 --- [backend] [r-event-handler] state.change.logger                      : [Broker id=0] Follower __consumer_offsets-18 starts at leader epoch 1 from offset 0 with partition epoch 1 and high watermark 0. Current leader is -1. Previous leader Some(0) and previous leader epoch was 0.
2026-09-04T01:40:14.162+05:30  INFO 4014047 --- [backend] [r-event-handler] state.change.logger                      : [Broker id=0] Follower __consumer_offsets-31 starts at leader epoch 1 from offset 0 with partition epoch 1 and high watermark 0. Current leader is -1. Previous leader Some(0) and previous leader epoch was 0.
2026-09-04T01:40:14.162+05:30  INFO 4014047 --- [backend] [r-event-handler] state.change.logger                      : [Broker id=0] Follower __consumer_offsets-27 starts at leader epoch 1 from offset 0 with partition epoch 1 and high watermark 0. Current leader is -1. Previous leader Some(0) and previous leader epoch was 0.
2026-09-04T01:40:14.162+05:30  INFO 4014047 --- [backend] [r-event-handler] state.change.logger                      : [Broker id=0] Follower __consumer_offsets-39 starts at leader epoch 1 from offset 0 with partition epoch 1 and high watermark 0. Current leader is -1. Previous leader Some(0) and previous leader epoch was 0.
2026-09-04T01:40:14.162+05:30  INFO 4014047 --- [backend] [r-event-handler] state.change.logger                      : [Broker id=0] Follower ticket-events.DLT-0 starts at leader epoch 1 from offset 1 with partition epoch 1 and high watermark 1. Current leader is -1. Previous leader Some(0) and previous leader epoch was 0.
2026-09-04T01:40:14.163+05:30  INFO 4014047 --- [backend] [r-event-handler] state.change.logger                      : [Broker id=0] Follower __consumer_offsets-6 starts at leader epoch 1 from offset 5 with partition epoch 1 and high watermark 5. Current leader is -1. Previous leader Some(0) and previous leader epoch was 0.
2026-09-04T01:40:14.163+05:30  INFO 4014047 --- [backend] [r-event-handler] state.change.logger                      : [Broker id=0] Follower __consumer_offsets-35 starts at leader epoch 1 from offset 0 with partition epoch 1 and high watermark 0. Current leader is -1. Previous leader Some(0) and previous leader epoch was 0.
2026-09-04T01:40:14.163+05:30  INFO 4014047 --- [backend] [r-event-handler] state.change.logger                      : [Broker id=0] Follower __consumer_offsets-2 starts at leader epoch 1 from offset 0 with partition epoch 1 and high watermark 0. Current leader is -1. Previous leader Some(0) and previous leader epoch was 0.
2026-09-04T01:40:14.165+05:30  INFO 4014047 --- [backend] [r-event-handler] kafka.server.ReplicaFetcherManager       : [ReplicaFetcherManager on broker 0] Removed fetcher for partitions HashSet(__consumer_offsets-22, __consumer_offsets-30, __consumer_offsets-25, __consumer_offsets-35, __consumer_offsets-37, __consumer_offsets-38, __consumer_offsets-13, __consumer_offsets-8, __consumer_offsets-21, __consumer_offsets-4, __consumer_offsets-27, __consumer_offsets-7, __consumer_offsets-9, __consumer_offsets-46, __consumer_offsets-41, __consumer_offsets-33, __consumer_offsets-23, __consumer_offsets-49, __consumer_offsets-47, __consumer_offsets-16, __consumer_offsets-28, __consumer_offsets-31, __consumer_offsets-36, ticket-events-0, __consumer_offsets-42, __consumer_offsets-3, __consumer_offsets-18, __consumer_offsets-15, __consumer_offsets-24, __consumer_offsets-17, __consumer_offsets-48, __consumer_offsets-19, __consumer_offsets-11, __consumer_offsets-2, __consumer_offsets-43, __consumer_offsets-6, __consumer_offsets-14, __consumer_offsets-20, __consumer_offsets-0, __consumer_offsets-44, __consumer_offsets-39, __consumer_offsets-12, __consumer_offsets-45, __consumer_offsets-1, __consumer_offsets-5, __consumer_offsets-26, __consumer_offsets-29, __consumer_offsets-34, __consumer_offsets-10, __consumer_offsets-32, ticket-events.DLT-0, __consumer_offsets-40)
2026-09-04T01:40:14.165+05:30  INFO 4014047 --- [backend] [r-event-handler] k.server.ReplicaAlterLogDirsManager      : [ReplicaAlterLogDirsManager on broker 0] Removed fetcher for partitions HashSet(__consumer_offsets-22, __consumer_offsets-30, __consumer_offsets-25, __consumer_offsets-35, __consumer_offsets-37, __consumer_offsets-38, __consumer_offsets-13, __consumer_offsets-8, __consumer_offsets-21, __consumer_offsets-4, __consumer_offsets-27, __consumer_offsets-7, __consumer_offsets-9, __consumer_offsets-46, __consumer_offsets-41, __consumer_offsets-33, __consumer_offsets-23, __consumer_offsets-49, __consumer_offsets-47, __consumer_offsets-16, __consumer_offsets-28, __consumer_offsets-31, __consumer_offsets-36, ticket-events-0, __consumer_offsets-42, __consumer_offsets-3, __consumer_offsets-18, __consumer_offsets-15, __consumer_offsets-24, __consumer_offsets-17, __consumer_offsets-48, __consumer_offsets-19, __consumer_offsets-11, __consumer_offsets-2, __consumer_offsets-43, __consumer_offsets-6, __consumer_offsets-14, __consumer_offsets-20, __consumer_offsets-0, __consumer_offsets-44, __consumer_offsets-39, __consumer_offsets-12, __consumer_offsets-45, __consumer_offsets-1, __consumer_offsets-5, __consumer_offsets-26, __consumer_offsets-29, __consumer_offsets-34, __consumer_offsets-10, __consumer_offsets-32, ticket-events.DLT-0, __consumer_offsets-40)
2026-09-04T01:40:14.167+05:30  INFO 4014047 --- [backend] [r-event-handler] state.change.logger                      : [Broker id=0] Stopped fetchers as part of controlled shutdown for 52 partitions
2026-09-04T01:40:14.168+05:30  INFO 4014047 --- [backend] [r-event-handler] o.a.k.c.c.runtime.CoordinatorRuntime     : [GroupCoordinator id=0] Scheduling unloading of metadata for __consumer_offsets-13 with epoch OptionalInt[1]
2026-09-04T01:40:14.168+05:30  INFO 4014047 --- [backend] [r-event-handler] o.a.k.c.c.runtime.CoordinatorRuntime     : [GroupCoordinator id=0] Scheduling unloading of metadata for __consumer_offsets-46 with epoch OptionalInt[1]
2026-09-04T01:40:14.168+05:30  INFO 4014047 --- [backend] [r-event-handler] o.a.k.c.c.runtime.CoordinatorRuntime     : [GroupCoordinator id=0] Scheduling unloading of metadata for __consumer_offsets-9 with epoch OptionalInt[1]
2026-09-04T01:40:14.168+05:30  INFO 4014047 --- [backend] [ent-processor-3] o.a.k.c.c.runtime.CoordinatorRuntime     : [GroupCoordinator id=0] Started unloading metadata for __consumer_offsets-13 with epoch OptionalInt[1].
2026-09-04T01:40:14.168+05:30  INFO 4014047 --- [backend] [r-event-handler] o.a.k.c.c.runtime.CoordinatorRuntime     : [GroupCoordinator id=0] Scheduling unloading of metadata for __consumer_offsets-42 with epoch OptionalInt[1]
2026-09-04T01:40:14.168+05:30  INFO 4014047 --- [backend] [ent-processor-2] o.a.k.c.c.runtime.CoordinatorRuntime     : [GroupCoordinator id=0] Started unloading metadata for __consumer_offsets-46 with epoch OptionalInt[1].
2026-09-04T01:40:14.168+05:30  INFO 4014047 --- [backend] [r-event-handler] o.a.k.c.c.runtime.CoordinatorRuntime     : [GroupCoordinator id=0] Scheduling unloading of metadata for __consumer_offsets-21 with epoch OptionalInt[1]
2026-09-04T01:40:14.168+05:30  INFO 4014047 --- [backend] [r-event-handler] o.a.k.c.c.runtime.CoordinatorRuntime     : [GroupCoordinator id=0] Scheduling unloading of metadata for __consumer_offsets-17 with epoch OptionalInt[1]
2026-09-04T01:40:14.168+05:30  INFO 4014047 --- [backend] [r-event-handler] o.a.k.c.c.runtime.CoordinatorRuntime     : [GroupCoordinator id=0] Scheduling unloading of metadata for __consumer_offsets-30 with epoch OptionalInt[1]
2026-09-04T01:40:14.168+05:30  INFO 4014047 --- [backend] [ent-processor-0] o.a.k.c.c.runtime.CoordinatorRuntime     : [GroupCoordinator id=0] Started unloading metadata for __consumer_offsets-42 with epoch OptionalInt[1].
2026-09-04T01:40:14.168+05:30  INFO 4014047 --- [backend] [r-event-handler] o.a.k.c.c.runtime.CoordinatorRuntime     : [GroupCoordinator id=0] Scheduling unloading of metadata for __consumer_offsets-26 with epoch OptionalInt[1]
2026-09-04T01:40:14.168+05:30  INFO 4014047 --- [backend] [ent-processor-1] o.a.k.c.c.runtime.CoordinatorRuntime     : [GroupCoordinator id=0] Started unloading metadata for __consumer_offsets-21 with epoch OptionalInt[1].
2026-09-04T01:40:14.168+05:30  INFO 4014047 --- [backend] [r-event-handler] o.a.k.c.c.runtime.CoordinatorRuntime     : [GroupCoordinator id=0] Scheduling unloading of metadata for __consumer_offsets-5 with epoch OptionalInt[1]
2026-09-04T01:40:14.168+05:30  INFO 4014047 --- [backend] [r-event-handler] o.a.k.c.c.runtime.CoordinatorRuntime     : [GroupCoordinator id=0] Scheduling unloading of metadata for __consumer_offsets-38 with epoch OptionalInt[1]
2026-09-04T01:40:14.168+05:30  INFO 4014047 --- [backend] [r-event-handler] o.a.k.c.c.runtime.CoordinatorRuntime     : [GroupCoordinator id=0] Scheduling unloading of metadata for __consumer_offsets-1 with epoch OptionalInt[1]
2026-09-04T01:40:14.168+05:30  INFO 4014047 --- [backend] [r-event-handler] o.a.k.c.c.runtime.CoordinatorRuntime     : [GroupCoordinator id=0] Scheduling unloading of metadata for __consumer_offsets-34 with epoch OptionalInt[1]
2026-09-04T01:40:14.168+05:30  INFO 4014047 --- [backend] [r-event-handler] o.a.k.c.c.runtime.CoordinatorRuntime     : [GroupCoordinator id=0] Scheduling unloading of metadata for __consumer_offsets-16 with epoch OptionalInt[1]
2026-09-04T01:40:14.168+05:30  INFO 4014047 --- [backend] [r-event-handler] o.a.k.c.c.runtime.CoordinatorRuntime     : [GroupCoordinator id=0] Scheduling unloading of metadata for __consumer_offsets-45 with epoch OptionalInt[1]
2026-09-04T01:40:14.168+05:30  INFO 4014047 --- [backend] [r-event-handler] o.a.k.c.c.runtime.CoordinatorRuntime     : [GroupCoordinator id=0] Scheduling unloading of metadata for __consumer_offsets-12 with epoch OptionalInt[1]
2026-09-04T01:40:14.168+05:30  INFO 4014047 --- [backend] [r-event-handler] o.a.k.c.c.runtime.CoordinatorRuntime     : [GroupCoordinator id=0] Scheduling unloading of metadata for __consumer_offsets-41 with epoch OptionalInt[1]
2026-09-04T01:40:14.169+05:30  INFO 4014047 --- [backend] [r-event-handler] o.a.k.c.c.runtime.CoordinatorRuntime     : [GroupCoordinator id=0] Scheduling unloading of metadata for __consumer_offsets-24 with epoch OptionalInt[1]
2026-09-04T01:40:14.169+05:30  INFO 4014047 --- [backend] [r-event-handler] o.a.k.c.c.runtime.CoordinatorRuntime     : [GroupCoordinator id=0] Scheduling unloading of metadata for __consumer_offsets-20 with epoch OptionalInt[1]
2026-09-04T01:40:14.169+05:30  INFO 4014047 --- [backend] [ent-processor-3] o.a.k.c.c.runtime.CoordinatorRuntime     : [GroupCoordinator id=0] Finished unloading metadata for __consumer_offsets-13 with epoch OptionalInt[1].
2026-09-04T01:40:14.169+05:30  INFO 4014047 --- [backend] [r-event-handler] o.a.k.c.c.runtime.CoordinatorRuntime     : [GroupCoordinator id=0] Scheduling unloading of metadata for __consumer_offsets-49 with epoch OptionalInt[1]
2026-09-04T01:40:14.169+05:30  INFO 4014047 --- [backend] [ent-processor-2] o.a.k.c.c.runtime.CoordinatorRuntime     : [GroupCoordinator id=0] Finished unloading metadata for __consumer_offsets-46 with epoch OptionalInt[1].
2026-09-04T01:40:14.169+05:30  INFO 4014047 --- [backend] [ent-processor-1] o.a.k.c.c.runtime.CoordinatorRuntime     : [GroupCoordinator id=0] Finished unloading metadata for __consumer_offsets-21 with epoch OptionalInt[1].
2026-09-04T01:40:14.169+05:30  INFO 4014047 --- [backend] [r-event-handler] o.a.k.c.c.runtime.CoordinatorRuntime     : [GroupCoordinator id=0] Scheduling unloading of metadata for __consumer_offsets-0 with epoch OptionalInt[1]
2026-09-04T01:40:14.169+05:30  INFO 4014047 --- [backend] [ent-processor-0] o.a.k.c.c.runtime.CoordinatorRuntime     : [GroupCoordinator id=0] Finished unloading metadata for __consumer_offsets-42 with epoch OptionalInt[1].
2026-09-04T01:40:14.169+05:30  INFO 4014047 --- [backend] [r-event-handler] o.a.k.c.c.runtime.CoordinatorRuntime     : [GroupCoordinator id=0] Scheduling unloading of metadata for __consumer_offsets-29 with epoch OptionalInt[1]
2026-09-04T01:40:14.169+05:30  INFO 4014047 --- [backend] [ent-processor-3] o.a.k.c.c.runtime.CoordinatorRuntime     : [GroupCoordinator id=0] Started unloading metadata for __consumer_offsets-12 with epoch OptionalInt[1].
2026-09-04T01:40:14.169+05:30  INFO 4014047 --- [backend] [r-event-handler] o.a.k.c.c.runtime.CoordinatorRuntime     : [GroupCoordinator id=0] Scheduling unloading of metadata for __consumer_offsets-25 with epoch OptionalInt[1]
2026-09-04T01:40:14.169+05:30  INFO 4014047 --- [backend] [ent-processor-0] o.a.k.c.c.runtime.CoordinatorRuntime     : [GroupCoordinator id=0] Started unloading metadata for __consumer_offsets-5 with epoch OptionalInt[1].
2026-09-04T01:40:14.169+05:30  INFO 4014047 --- [backend] [r-event-handler] o.a.k.c.c.runtime.CoordinatorRuntime     : [GroupCoordinator id=0] Scheduling unloading of metadata for __consumer_offsets-8 with epoch OptionalInt[1]
2026-09-04T01:40:14.169+05:30  INFO 4014047 --- [backend] [ent-processor-3] o.a.k.c.c.runtime.CoordinatorRuntime     : [GroupCoordinator id=0] Finished unloading metadata for __consumer_offsets-12 with epoch OptionalInt[1].
2026-09-04T01:40:14.169+05:30  INFO 4014047 --- [backend] [ent-processor-0] o.a.k.c.c.runtime.CoordinatorRuntime     : [GroupCoordinator id=0] Finished unloading metadata for __consumer_offsets-5 with epoch OptionalInt[1].
2026-09-04T01:40:14.169+05:30  INFO 4014047 --- [backend] [ent-processor-3] o.a.k.c.c.runtime.CoordinatorRuntime     : [GroupCoordinator id=0] Started unloading metadata for __consumer_offsets-0 with epoch OptionalInt[1].
2026-09-04T01:40:14.169+05:30  INFO 4014047 --- [backend] [ent-processor-2] o.a.k.c.c.runtime.CoordinatorRuntime     : [GroupCoordinator id=0] Started unloading metadata for __consumer_offsets-9 with epoch OptionalInt[1].
2026-09-04T01:40:14.169+05:30  INFO 4014047 --- [backend] [ent-processor-0] o.a.k.c.c.runtime.CoordinatorRuntime     : [GroupCoordinator id=0] Started unloading metadata for __consumer_offsets-29 with epoch OptionalInt[1].
2026-09-04T01:40:14.169+05:30  INFO 4014047 --- [backend] [ent-processor-0] o.a.k.c.c.runtime.CoordinatorRuntime     : [GroupCoordinator id=0] Finished unloading metadata for __consumer_offsets-29 with epoch OptionalInt[1].
2026-09-04T01:40:14.169+05:30  INFO 4014047 --- [backend] [ent-processor-2] o.a.k.c.c.runtime.CoordinatorRuntime     : [GroupCoordinator id=0] Finished unloading metadata for __consumer_offsets-9 with epoch OptionalInt[1].
2026-09-04T01:40:14.169+05:30  INFO 4014047 --- [backend] [ent-processor-1] o.a.k.c.c.runtime.CoordinatorRuntime     : [GroupCoordinator id=0] Started unloading metadata for __consumer_offsets-41 with epoch OptionalInt[1].
2026-09-04T01:40:14.169+05:30  INFO 4014047 --- [backend] [ent-processor-0] o.a.k.c.c.runtime.CoordinatorRuntime     : [GroupCoordinator id=0] Started unloading metadata for __consumer_offsets-34 with epoch OptionalInt[1].
2026-09-04T01:40:14.169+05:30  INFO 4014047 --- [backend] [ent-processor-2] o.a.k.c.c.runtime.CoordinatorRuntime     : [GroupCoordinator id=0] Started unloading metadata for __consumer_offsets-24 with epoch OptionalInt[1].
2026-09-04T01:40:14.169+05:30  INFO 4014047 --- [backend] [ent-processor-0] o.a.k.c.c.runtime.CoordinatorRuntime     : [GroupCoordinator id=0] Finished unloading metadata for __consumer_offsets-34 with epoch OptionalInt[1].
2026-09-04T01:40:14.169+05:30  INFO 4014047 --- [backend] [r-event-handler] o.a.k.c.c.runtime.CoordinatorRuntime     : [GroupCoordinator id=0] Scheduling unloading of metadata for __consumer_offsets-37 with epoch OptionalInt[1]
2026-09-04T01:40:14.169+05:30  INFO 4014047 --- [backend] [ent-processor-3] o.a.k.c.c.runtime.CoordinatorRuntime     : [GroupCoordinator id=0] Finished unloading metadata for __consumer_offsets-0 with epoch OptionalInt[1].
2026-09-04T01:40:14.169+05:30  INFO 4014047 --- [backend] [ent-processor-3] o.a.k.c.c.runtime.CoordinatorRuntime     : [GroupCoordinator id=0] Started unloading metadata for __consumer_offsets-1 with epoch OptionalInt[1].
2026-09-04T01:40:14.169+05:30  INFO 4014047 --- [backend] [ent-processor-1] o.a.k.c.c.runtime.CoordinatorRuntime     : [GroupCoordinator id=0] Finished unloading metadata for __consumer_offsets-41 with epoch OptionalInt[1].
2026-09-04T01:40:14.169+05:30  INFO 4014047 --- [backend] [ent-processor-2] o.a.k.c.c.runtime.CoordinatorRuntime     : [GroupCoordinator id=0] Finished unloading metadata for __consumer_offsets-24 with epoch OptionalInt[1].
2026-09-04T01:40:14.169+05:30  INFO 4014047 --- [backend] [ent-processor-0] o.a.k.c.c.runtime.CoordinatorRuntime     : [GroupCoordinator id=0] Started unloading metadata for __consumer_offsets-38 with epoch OptionalInt[1].
2026-09-04T01:40:14.169+05:30  INFO 4014047 --- [backend] [ent-processor-2] o.a.k.c.c.runtime.CoordinatorRuntime     : [GroupCoordinator id=0] Started unloading metadata for __consumer_offsets-16 with epoch OptionalInt[1].
2026-09-04T01:40:14.169+05:30  INFO 4014047 --- [backend] [ent-processor-0] o.a.k.c.c.runtime.CoordinatorRuntime     : [GroupCoordinator id=0] Finished unloading metadata for __consumer_offsets-38 with epoch OptionalInt[1].
2026-09-04T01:40:14.169+05:30  INFO 4014047 --- [backend] [r-event-handler] o.a.k.c.c.runtime.CoordinatorRuntime     : [GroupCoordinator id=0] Scheduling unloading of metadata for __consumer_offsets-4 with epoch OptionalInt[1]
2026-09-04T01:40:14.169+05:30  INFO 4014047 --- [backend] [ent-processor-0] o.a.k.c.c.runtime.CoordinatorRuntime     : [GroupCoordinator id=0] Started unloading metadata for __consumer_offsets-17 with epoch OptionalInt[1].
2026-09-04T01:40:14.169+05:30  INFO 4014047 --- [backend] [ent-processor-3] o.a.k.c.c.runtime.CoordinatorRuntime     : [GroupCoordinator id=0] Finished unloading metadata for __consumer_offsets-1 with epoch OptionalInt[1].
2026-09-04T01:40:14.169+05:30  INFO 4014047 --- [backend] [ent-processor-0] o.a.k.c.c.runtime.CoordinatorRuntime     : [GroupCoordinator id=0] Finished unloading metadata for __consumer_offsets-17 with epoch OptionalInt[1].
2026-09-04T01:40:14.169+05:30  INFO 4014047 --- [backend] [r-event-handler] o.a.k.c.c.runtime.CoordinatorRuntime     : [GroupCoordinator id=0] Scheduling unloading of metadata for __consumer_offsets-33 with epoch OptionalInt[1]
2026-09-04T01:40:14.169+05:30  INFO 4014047 --- [backend] [ent-processor-0] o.a.k.c.c.runtime.CoordinatorRuntime     : [GroupCoordinator id=0] Started unloading metadata for __consumer_offsets-37 with epoch OptionalInt[1].
2026-09-04T01:40:14.169+05:30  INFO 4014047 --- [backend] [r-event-handler] o.a.k.c.c.runtime.CoordinatorRuntime     : [GroupCoordinator id=0] Scheduling unloading of metadata for __consumer_offsets-15 with epoch OptionalInt[1]
2026-09-04T01:40:14.169+05:30  INFO 4014047 --- [backend] [ent-processor-1] o.a.k.c.c.runtime.CoordinatorRuntime     : [GroupCoordinator id=0] Started unloading metadata for __consumer_offsets-25 with epoch OptionalInt[1].
2026-09-04T01:40:14.169+05:30  INFO 4014047 --- [backend] [r-event-handler] o.a.k.c.c.runtime.CoordinatorRuntime     : [GroupCoordinator id=0] Scheduling unloading of metadata for __consumer_offsets-48 with epoch OptionalInt[1]
2026-09-04T01:40:14.169+05:30  INFO 4014047 --- [backend] [ent-processor-2] o.a.k.c.c.runtime.CoordinatorRuntime     : [GroupCoordinator id=0] Finished unloading metadata for __consumer_offsets-16 with epoch OptionalInt[1].
2026-09-04T01:40:14.169+05:30  INFO 4014047 --- [backend] [r-event-handler] o.a.k.c.c.runtime.CoordinatorRuntime     : [GroupCoordinator id=0] Scheduling unloading of metadata for __consumer_offsets-11 with epoch OptionalInt[1]
2026-09-04T01:40:14.169+05:30  INFO 4014047 --- [backend] [ent-processor-3] o.a.k.c.c.runtime.CoordinatorRuntime     : [GroupCoordinator id=0] Started unloading metadata for __consumer_offsets-45 with epoch OptionalInt[1].
2026-09-04T01:40:14.169+05:30  INFO 4014047 --- [backend] [r-event-handler] o.a.k.c.c.runtime.CoordinatorRuntime     : [GroupCoordinator id=0] Scheduling unloading of metadata for __consumer_offsets-44 with epoch OptionalInt[1]
2026-09-04T01:40:14.169+05:30  INFO 4014047 --- [backend] [ent-processor-0] o.a.k.c.c.runtime.CoordinatorRuntime     : [GroupCoordinator id=0] Finished unloading metadata for __consumer_offsets-37 with epoch OptionalInt[1].
2026-09-04T01:40:14.169+05:30  INFO 4014047 --- [backend] [ent-processor-3] o.a.k.c.c.runtime.CoordinatorRuntime     : [GroupCoordinator id=0] Finished unloading metadata for __consumer_offsets-45 with epoch OptionalInt[1].
2026-09-04T01:40:14.169+05:30  INFO 4014047 --- [backend] [r-event-handler] o.a.k.c.c.runtime.CoordinatorRuntime     : [GroupCoordinator id=0] Scheduling unloading of metadata for __consumer_offsets-23 with epoch OptionalInt[1]
2026-09-04T01:40:14.169+05:30  INFO 4014047 --- [backend] [ent-processor-3] o.a.k.c.c.runtime.CoordinatorRuntime     : [GroupCoordinator id=0] Started unloading metadata for __consumer_offsets-15 with epoch OptionalInt[1].
2026-09-04T01:40:14.169+05:30  INFO 4014047 --- [backend] [r-event-handler] o.a.k.c.c.runtime.CoordinatorRuntime     : [GroupCoordinator id=0] Scheduling unloading of metadata for __consumer_offsets-19 with epoch OptionalInt[1]
2026-09-04T01:40:14.169+05:30  INFO 4014047 --- [backend] [ent-processor-2] o.a.k.c.c.runtime.CoordinatorRuntime     : [GroupCoordinator id=0] Started unloading metadata for __consumer_offsets-49 with epoch OptionalInt[1].
2026-09-04T01:40:14.169+05:30  INFO 4014047 --- [backend] [ent-processor-1] o.a.k.c.c.runtime.CoordinatorRuntime     : [GroupCoordinator id=0] Finished unloading metadata for __consumer_offsets-25 with epoch OptionalInt[1].
2026-09-04T01:40:14.170+05:30  INFO 4014047 --- [backend] [r-event-handler] o.a.k.c.c.runtime.CoordinatorRuntime     : [GroupCoordinator id=0] Scheduling unloading of metadata for __consumer_offsets-32 with epoch OptionalInt[1]
2026-09-04T01:40:14.169+05:30  INFO 4014047 --- [backend] [ent-processor-0] o.a.k.c.c.runtime.CoordinatorRuntime     : [GroupCoordinator id=0] Started unloading metadata for __consumer_offsets-26 with epoch OptionalInt[1].
2026-09-04T01:40:14.170+05:30  INFO 4014047 --- [backend] [ent-processor-3] o.a.k.c.c.runtime.CoordinatorRuntime     : [GroupCoordinator id=0] Finished unloading metadata for __consumer_offsets-15 with epoch OptionalInt[1].
2026-09-04T01:40:14.170+05:30  INFO 4014047 --- [backend] [r-event-handler] o.a.k.c.c.runtime.CoordinatorRuntime     : [GroupCoordinator id=0] Scheduling unloading of metadata for __consumer_offsets-28 with epoch OptionalInt[1]
2026-09-04T01:40:14.170+05:30  INFO 4014047 --- [backend] [ent-processor-2] o.a.k.c.c.runtime.CoordinatorRuntime     : [GroupCoordinator id=0] Finished unloading metadata for __consumer_offsets-49 with epoch OptionalInt[1].
2026-09-04T01:40:14.170+05:30  INFO 4014047 --- [backend] [r-event-handler] o.a.k.c.c.runtime.CoordinatorRuntime     : [GroupCoordinator id=0] Scheduling unloading of metadata for __consumer_offsets-7 with epoch OptionalInt[1]
2026-09-04T01:40:14.170+05:30  INFO 4014047 --- [backend] [ent-processor-2] o.a.k.c.c.runtime.CoordinatorRuntime     : [GroupCoordinator id=0] Started unloading metadata for __consumer_offsets-23 with epoch OptionalInt[1].
2026-09-04T01:40:14.170+05:30  INFO 4014047 --- [backend] [r-event-handler] o.a.k.c.c.runtime.CoordinatorRuntime     : [GroupCoordinator id=0] Scheduling unloading of metadata for __consumer_offsets-40 with epoch OptionalInt[1]
2026-09-04T01:40:14.170+05:30  INFO 4014047 --- [backend] [ent-processor-1] o.a.k.c.c.runtime.CoordinatorRuntime     : [GroupCoordinator id=0] Started unloading metadata for __consumer_offsets-4 with epoch OptionalInt[1].
2026-09-04T01:40:14.170+05:30  INFO 4014047 --- [backend] [ent-processor-2] o.a.k.c.c.runtime.CoordinatorRuntime     : [GroupCoordinator id=0] Finished unloading metadata for __consumer_offsets-23 with epoch OptionalInt[1].
2026-09-04T01:40:14.170+05:30  INFO 4014047 --- [backend] [ent-processor-0] o.a.k.c.c.runtime.CoordinatorRuntime     : [GroupCoordinator id=0] Finished unloading metadata for __consumer_offsets-26 with epoch OptionalInt[1].
2026-09-04T01:40:14.170+05:30  INFO 4014047 --- [backend] [ent-processor-1] o.a.k.c.c.runtime.CoordinatorRuntime     : [GroupCoordinator id=0] Finished unloading metadata for __consumer_offsets-4 with epoch OptionalInt[1].
2026-09-04T01:40:14.170+05:30  INFO 4014047 --- [backend] [ent-processor-3] o.a.k.c.c.runtime.CoordinatorRuntime     : [GroupCoordinator id=0] Started unloading metadata for __consumer_offsets-44 with epoch OptionalInt[1].
2026-09-04T01:40:14.170+05:30  INFO 4014047 --- [backend] [r-event-handler] o.a.k.c.c.runtime.CoordinatorRuntime     : [GroupCoordinator id=0] Scheduling unloading of metadata for __consumer_offsets-3 with epoch OptionalInt[1]
2026-09-04T01:40:14.170+05:30  INFO 4014047 --- [backend] [ent-processor-2] o.a.k.c.c.runtime.CoordinatorRuntime     : [GroupCoordinator id=0] Started unloading metadata for __consumer_offsets-40 with epoch OptionalInt[1].
2026-09-04T01:40:14.170+05:30  INFO 4014047 --- [backend] [ent-processor-0] o.a.k.c.c.runtime.CoordinatorRuntime     : [GroupCoordinator id=0] Started unloading metadata for __consumer_offsets-7 with epoch OptionalInt[1].
2026-09-04T01:40:14.170+05:30  INFO 4014047 --- [backend] [r-event-handler] o.a.k.c.c.runtime.CoordinatorRuntime     : [GroupCoordinator id=0] Scheduling unloading of metadata for __consumer_offsets-36 with epoch OptionalInt[1]
2026-09-04T01:40:14.170+05:30  INFO 4014047 --- [backend] [ent-processor-1] o.a.k.c.c.runtime.CoordinatorRuntime     : [GroupCoordinator id=0] Started unloading metadata for __consumer_offsets-32 with epoch OptionalInt[1].
2026-09-04T01:40:14.170+05:30  INFO 4014047 --- [backend] [r-event-handler] o.a.k.c.c.runtime.CoordinatorRuntime     : [GroupCoordinator id=0] Scheduling unloading of metadata for __consumer_offsets-47 with epoch OptionalInt[1]
2026-09-04T01:40:14.170+05:30  INFO 4014047 --- [backend] [ent-processor-1] o.a.k.c.c.runtime.CoordinatorRuntime     : [GroupCoordinator id=0] Finished unloading metadata for __consumer_offsets-32 with epoch OptionalInt[1].
2026-09-04T01:40:14.170+05:30  INFO 4014047 --- [backend] [r-event-handler] o.a.k.c.c.runtime.CoordinatorRuntime     : [GroupCoordinator id=0] Scheduling unloading of metadata for __consumer_offsets-14 with epoch OptionalInt[1]
2026-09-04T01:40:14.170+05:30  INFO 4014047 --- [backend] [ent-processor-1] o.a.k.c.c.runtime.CoordinatorRuntime     : [GroupCoordinator id=0] Started unloading metadata for __consumer_offsets-47 with epoch OptionalInt[1].
2026-09-04T01:40:14.170+05:30  INFO 4014047 --- [backend] [r-event-handler] o.a.k.c.c.runtime.CoordinatorRuntime     : [GroupCoordinator id=0] Scheduling unloading of metadata for __consumer_offsets-43 with epoch OptionalInt[1]
2026-09-04T01:40:14.170+05:30  INFO 4014047 --- [backend] [ent-processor-2] o.a.k.c.c.runtime.CoordinatorRuntime     : [GroupCoordinator id=0] Finished unloading metadata for __consumer_offsets-40 with epoch OptionalInt[1].
2026-09-04T01:40:14.170+05:30  INFO 4014047 --- [backend] [r-event-handler] o.a.k.c.c.runtime.CoordinatorRuntime     : [GroupCoordinator id=0] Scheduling unloading of metadata for __consumer_offsets-10 with epoch OptionalInt[1]
2026-09-04T01:40:14.170+05:30  INFO 4014047 --- [backend] [r-event-handler] o.a.k.c.c.runtime.CoordinatorRuntime     : [GroupCoordinator id=0] Scheduling unloading of metadata for __consumer_offsets-22 with epoch OptionalInt[1]
2026-09-04T01:40:14.170+05:30  INFO 4014047 --- [backend] [ent-processor-3] o.a.k.c.c.runtime.CoordinatorRuntime     : [GroupCoordinator id=0] Finished unloading metadata for __consumer_offsets-44 with epoch OptionalInt[1].
2026-09-04T01:40:14.170+05:30  INFO 4014047 --- [backend] [r-event-handler] o.a.k.c.c.runtime.CoordinatorRuntime     : [GroupCoordinator id=0] Scheduling unloading of metadata for __consumer_offsets-18 with epoch OptionalInt[1]
2026-09-04T01:40:14.170+05:30  INFO 4014047 --- [backend] [ent-processor-0] o.a.k.c.c.runtime.CoordinatorRuntime     : [GroupCoordinator id=0] Finished unloading metadata for __consumer_offsets-7 with epoch OptionalInt[1].
2026-09-04T01:40:14.170+05:30  INFO 4014047 --- [backend] [r-event-handler] o.a.k.c.c.runtime.CoordinatorRuntime     : [GroupCoordinator id=0] Scheduling unloading of metadata for __consumer_offsets-31 with epoch OptionalInt[1]
2026-09-04T01:40:14.170+05:30  INFO 4014047 --- [backend] [ent-processor-1] o.a.k.c.c.runtime.CoordinatorRuntime     : [GroupCoordinator id=0] Finished unloading metadata for __consumer_offsets-47 with epoch OptionalInt[1].
2026-09-04T01:40:14.170+05:30  INFO 4014047 --- [backend] [r-event-handler] o.a.k.c.c.runtime.CoordinatorRuntime     : [GroupCoordinator id=0] Scheduling unloading of metadata for __consumer_offsets-27 with epoch OptionalInt[1]
2026-09-04T01:40:14.170+05:30  INFO 4014047 --- [backend] [r-event-handler] o.a.k.c.c.runtime.CoordinatorRuntime     : [GroupCoordinator id=0] Scheduling unloading of metadata for __consumer_offsets-39 with epoch OptionalInt[1]
2026-09-04T01:40:14.170+05:30  INFO 4014047 --- [backend] [ent-processor-1] o.a.k.c.c.runtime.CoordinatorRuntime     : [GroupCoordinator id=0] Started unloading metadata for __consumer_offsets-48 with epoch OptionalInt[1].
2026-09-04T01:40:14.170+05:30  INFO 4014047 --- [backend] [r-event-handler] o.a.k.c.c.runtime.CoordinatorRuntime     : [GroupCoordinator id=0] Scheduling unloading of metadata for __consumer_offsets-6 with epoch OptionalInt[1]
2026-09-04T01:40:14.170+05:30  INFO 4014047 --- [backend] [ent-processor-2] o.a.k.c.c.runtime.CoordinatorRuntime     : [GroupCoordinator id=0] Started unloading metadata for __consumer_offsets-36 with epoch OptionalInt[1].
2026-09-04T01:40:14.170+05:30  INFO 4014047 --- [backend] [r-event-handler] o.a.k.c.c.runtime.CoordinatorRuntime     : [GroupCoordinator id=0] Scheduling unloading of metadata for __consumer_offsets-35 with epoch OptionalInt[1]
2026-09-04T01:40:14.170+05:30  INFO 4014047 --- [backend] [ent-processor-3] o.a.k.c.c.runtime.CoordinatorRuntime     : [GroupCoordinator id=0] Started unloading metadata for __consumer_offsets-30 with epoch OptionalInt[1].
2026-09-04T01:40:14.170+05:30  INFO 4014047 --- [backend] [ent-processor-1] o.a.k.c.c.runtime.CoordinatorRuntime     : [GroupCoordinator id=0] Finished unloading metadata for __consumer_offsets-48 with epoch OptionalInt[1].
2026-09-04T01:40:14.170+05:30  INFO 4014047 --- [backend] [ent-processor-0] o.a.k.c.c.runtime.CoordinatorRuntime     : [GroupCoordinator id=0] Started unloading metadata for __consumer_offsets-10 with epoch OptionalInt[1].
2026-09-04T01:40:14.170+05:30  INFO 4014047 --- [backend] [r-event-handler] o.a.k.c.c.runtime.CoordinatorRuntime     : [GroupCoordinator id=0] Scheduling unloading of metadata for __consumer_offsets-2 with epoch OptionalInt[1]
2026-09-04T01:40:14.171+05:30  INFO 4014047 --- [backend] [ent-processor-1] o.a.k.c.c.runtime.CoordinatorRuntime     : [GroupCoordinator id=0] Started unloading metadata for __consumer_offsets-27 with epoch OptionalInt[1].
2026-09-04T01:40:14.171+05:30  INFO 4014047 --- [backend] [ent-processor-3] o.a.k.c.c.runtime.CoordinatorRuntime     : [GroupCoordinator id=0] Finished unloading metadata for __consumer_offsets-30 with epoch OptionalInt[1].
2026-09-04T01:40:14.171+05:30  INFO 4014047 --- [backend] [ent-processor-0] o.a.k.c.c.runtime.CoordinatorRuntime     : [GroupCoordinator id=0] Finished unloading metadata for __consumer_offsets-10 with epoch OptionalInt[1].
2026-09-04T01:40:14.171+05:30  INFO 4014047 --- [backend] [ent-processor-2] o.a.k.c.c.runtime.CoordinatorRuntime     : [GroupCoordinator id=0] Finished unloading metadata for __consumer_offsets-36 with epoch OptionalInt[1].
2026-09-04T01:40:14.171+05:30  INFO 4014047 --- [backend] [ent-processor-1] o.a.k.c.c.runtime.CoordinatorRuntime     : [GroupCoordinator id=0] Finished unloading metadata for __consumer_offsets-27 with epoch OptionalInt[1].
2026-09-04T01:40:14.171+05:30  INFO 4014047 --- [backend] [ent-processor-0] o.a.k.c.c.runtime.CoordinatorRuntime     : [GroupCoordinator id=0] Started unloading metadata for __consumer_offsets-33 with epoch OptionalInt[1].
2026-09-04T01:40:14.171+05:30  INFO 4014047 --- [backend] [ent-processor-3] o.a.k.c.c.runtime.CoordinatorRuntime     : [GroupCoordinator id=0] Started unloading metadata for __consumer_offsets-43 with epoch OptionalInt[1].
2026-09-04T01:40:14.171+05:30  INFO 4014047 --- [backend] [ent-processor-2] o.a.k.c.c.runtime.CoordinatorRuntime     : [GroupCoordinator id=0] Started unloading metadata for __consumer_offsets-19 with epoch OptionalInt[1].
2026-09-04T01:40:14.171+05:30  INFO 4014047 --- [backend] [ent-processor-0] o.a.k.c.c.runtime.CoordinatorRuntime     : [GroupCoordinator id=0] Finished unloading metadata for __consumer_offsets-33 with epoch OptionalInt[1].
2026-09-04T01:40:14.171+05:30  INFO 4014047 --- [backend] [ent-processor-1] o.a.k.c.c.runtime.CoordinatorRuntime     : [GroupCoordinator id=0] Started unloading metadata for __consumer_offsets-28 with epoch OptionalInt[1].
2026-09-04T01:40:14.171+05:30  INFO 4014047 --- [backend] [ent-processor-3] o.a.k.c.c.runtime.CoordinatorRuntime     : [GroupCoordinator id=0] Finished unloading metadata for __consumer_offsets-43 with epoch OptionalInt[1].
2026-09-04T01:40:14.171+05:30  INFO 4014047 --- [backend] [ent-processor-2] o.a.k.c.c.runtime.CoordinatorRuntime     : [GroupCoordinator id=0] Finished unloading metadata for __consumer_offsets-19 with epoch OptionalInt[1].
2026-09-04T01:40:14.171+05:30  INFO 4014047 --- [backend] [ent-processor-0] o.a.k.c.c.runtime.CoordinatorRuntime     : [GroupCoordinator id=0] Started unloading metadata for __consumer_offsets-31 with epoch OptionalInt[1].
2026-09-04T01:40:14.171+05:30  INFO 4014047 --- [backend] [ent-processor-3] o.a.k.c.c.runtime.CoordinatorRuntime     : [GroupCoordinator id=0] Started unloading metadata for __consumer_offsets-18 with epoch OptionalInt[1].
2026-09-04T01:40:14.171+05:30  INFO 4014047 --- [backend] [ent-processor-1] o.a.k.c.c.runtime.CoordinatorRuntime     : [GroupCoordinator id=0] Finished unloading metadata for __consumer_offsets-28 with epoch OptionalInt[1].
2026-09-04T01:40:14.171+05:30  INFO 4014047 --- [backend] [ent-processor-0] o.a.k.c.c.runtime.CoordinatorRuntime     : [GroupCoordinator id=0] Finished unloading metadata for __consumer_offsets-31 with epoch OptionalInt[1].
2026-09-04T01:40:14.171+05:30  INFO 4014047 --- [backend] [ent-processor-1] o.a.k.c.c.runtime.CoordinatorRuntime     : [GroupCoordinator id=0] Started unloading metadata for __consumer_offsets-3 with epoch OptionalInt[1].
2026-09-04T01:40:14.171+05:30  INFO 4014047 --- [backend] [ent-processor-2] o.a.k.c.c.runtime.CoordinatorRuntime     : [GroupCoordinator id=0] Started unloading metadata for __consumer_offsets-20 with epoch OptionalInt[1].
2026-09-04T01:40:14.171+05:30  INFO 4014047 --- [backend] [ent-processor-3] o.a.k.c.c.runtime.CoordinatorRuntime     : [GroupCoordinator id=0] Finished unloading metadata for __consumer_offsets-18 with epoch OptionalInt[1].
2026-09-04T01:40:14.171+05:30  INFO 4014047 --- [backend] [ent-processor-1] o.a.k.c.c.runtime.CoordinatorRuntime     : [GroupCoordinator id=0] Finished unloading metadata for __consumer_offsets-3 with epoch OptionalInt[1].
2026-09-04T01:40:14.171+05:30  INFO 4014047 --- [backend] [ent-processor-3] o.a.k.c.c.runtime.CoordinatorRuntime     : [GroupCoordinator id=0] Started unloading metadata for __consumer_offsets-11 with epoch OptionalInt[1].
2026-09-04T01:40:14.171+05:30  INFO 4014047 --- [backend] [ent-processor-2] o.a.k.c.c.runtime.CoordinatorRuntime     : [GroupCoordinator id=0] Finished unloading metadata for __consumer_offsets-20 with epoch OptionalInt[1].
2026-09-04T01:40:14.171+05:30  INFO 4014047 --- [backend] [ent-processor-3] o.a.k.c.c.runtime.CoordinatorRuntime     : [GroupCoordinator id=0] Finished unloading metadata for __consumer_offsets-11 with epoch OptionalInt[1].
2026-09-04T01:40:14.171+05:30  INFO 4014047 --- [backend] [ent-processor-0] o.a.k.c.c.runtime.CoordinatorRuntime     : [GroupCoordinator id=0] Started unloading metadata for __consumer_offsets-8 with epoch OptionalInt[1].
2026-09-04T01:40:14.171+05:30  INFO 4014047 --- [backend] [ent-processor-3] o.a.k.c.c.runtime.CoordinatorRuntime     : [GroupCoordinator id=0] Started unloading metadata for __consumer_offsets-35 with epoch OptionalInt[1].
2026-09-04T01:40:14.171+05:30  INFO 4014047 --- [backend] [ent-processor-1] o.a.k.c.c.runtime.CoordinatorRuntime     : [GroupCoordinator id=0] Started unloading metadata for __consumer_offsets-6 with epoch OptionalInt[1].
2026-09-04T01:40:14.171+05:30  INFO 4014047 --- [backend] [ent-processor-0] o.a.k.c.c.runtime.CoordinatorRuntime     : [GroupCoordinator id=0] Finished unloading metadata for __consumer_offsets-8 with epoch OptionalInt[1].
2026-09-04T01:40:14.171+05:30  INFO 4014047 --- [backend] [ent-processor-2] o.a.k.c.c.runtime.CoordinatorRuntime     : [GroupCoordinator id=0] Started unloading metadata for __consumer_offsets-2 with epoch OptionalInt[1].
2026-09-04T01:40:14.171+05:30  INFO 4014047 --- [backend] [ent-processor-0] o.a.k.c.c.runtime.CoordinatorRuntime     : [GroupCoordinator id=0] Started unloading metadata for __consumer_offsets-39 with epoch OptionalInt[1].
2026-09-04T01:40:14.171+05:30  INFO 4014047 --- [backend] [ent-processor-2] o.a.k.c.c.runtime.CoordinatorRuntime     : [GroupCoordinator id=0] Finished unloading metadata for __consumer_offsets-2 with epoch OptionalInt[1].
2026-09-04T01:40:14.171+05:30  INFO 4014047 --- [backend] [ent-processor-2] o.a.k.c.c.runtime.CoordinatorRuntime     : [GroupCoordinator id=0] Started unloading metadata for __consumer_offsets-14 with epoch OptionalInt[1].
2026-09-04T01:40:14.171+05:30  INFO 4014047 --- [backend] [ent-processor-0] o.a.k.c.c.runtime.CoordinatorRuntime     : [GroupCoordinator id=0] Finished unloading metadata for __consumer_offsets-39 with epoch OptionalInt[1].
2026-09-04T01:40:14.171+05:30  INFO 4014047 --- [backend] [ent-processor-2] o.a.k.c.c.runtime.CoordinatorRuntime     : [GroupCoordinator id=0] Finished unloading metadata for __consumer_offsets-14 with epoch OptionalInt[1].
2026-09-04T01:40:14.171+05:30  INFO 4014047 --- [backend] [ent-processor-2] o.a.k.c.c.runtime.CoordinatorRuntime     : [GroupCoordinator id=0] Started unloading metadata for __consumer_offsets-22 with epoch OptionalInt[1].
2026-09-04T01:40:14.171+05:30  INFO 4014047 --- [backend] [ent-processor-2] o.a.k.c.group.GroupMetadataManager       : [GroupCoordinator id=0 topic=__consumer_offsets partition=22] [GroupId=ai-processing-group] Unloading group metadata for generation 2.
2026-09-04T01:40:14.171+05:30  INFO 4014047 --- [backend] [ent-processor-2] o.a.k.c.c.runtime.CoordinatorRuntime     : [GroupCoordinator id=0] Finished unloading metadata for __consumer_offsets-22 with epoch OptionalInt[1].
2026-09-04T01:40:14.171+05:30  INFO 4014047 --- [backend] [ent-processor-3] o.a.k.c.c.runtime.CoordinatorRuntime     : [GroupCoordinator id=0] Finished unloading metadata for __consumer_offsets-35 with epoch OptionalInt[1].
2026-09-04T01:40:14.171+05:30  INFO 4014047 --- [backend] [ent-processor-1] o.a.k.c.group.GroupMetadataManager       : [GroupCoordinator id=0 topic=__consumer_offsets partition=6] [GroupId=ai-processing-group-dlq] Unloading group metadata for generation 2.
2026-09-04T01:40:14.171+05:30  INFO 4014047 --- [backend] [ent-processor-1] o.a.k.c.c.runtime.CoordinatorRuntime     : [GroupCoordinator id=0] Finished unloading metadata for __consumer_offsets-6 with epoch OptionalInt[1].
2026-09-04T01:40:14.202+05:30  INFO 4014047 --- [backend] [0-event-handler] o.a.k.controller.BrokerHeartbeatManager  : [QuorumController id=0] The request from broker 0 to shut down has been granted since the lowest active offset 9223372036854775807 is now greater than the broker's controlled shutdown offset 227.
2026-09-04T01:40:14.203+05:30  INFO 4014047 --- [backend] [0-event-handler] o.a.k.controller.ClusterControlManager   : [QuorumController id=0] Replayed BrokerRegistrationChangeRecord modifying the registration for broker 0: BrokerRegistrationChangeRecord(brokerId=0, brokerEpoch=11, fenced=1, inControlledShutdown=0, logDirs=[])
2026-09-04T01:40:14.228+05:30  INFO 4014047 --- [backend] [r-event-handler] kafka.server.BrokerLifecycleManager      : [BrokerLifecycleManager id=0] The controller has asked us to exit controlled shutdown.
2026-09-04T01:40:14.229+05:30  INFO 4014047 --- [backend] [r-event-handler] org.apache.kafka.queue.KafkaEventQueue   : [BrokerLifecycleManager id=0] beginShutdown: shutting down event queue.
2026-09-04T01:40:14.229+05:30  INFO 4014047 --- [backend] [r-event-handler] kafka.server.BrokerLifecycleManager      : [BrokerLifecycleManager id=0] Transitioning from PENDING_CONTROLLED_SHUTDOWN to SHUTTING_DOWN.
2026-09-04T01:40:14.229+05:30  INFO 4014047 --- [backend] [r-event-handler] k.server.NodeToControllerRequestThread   : [broker-0-to-controller-heartbeat-channel-manager]: Shutting down
2026-09-04T01:40:14.229+05:30  INFO 4014047 --- [backend] [r-event-handler] k.server.NodeToControllerRequestThread   : [broker-0-to-controller-heartbeat-channel-manager]: Shutdown completed
2026-09-04T01:40:14.229+05:30  INFO 4014047 --- [backend] [channel-manager] k.server.NodeToControllerRequestThread   : [broker-0-to-controller-heartbeat-channel-manager]: Stopped
2026-09-04T01:40:14.230+05:30  INFO 4014047 --- [backend] [ster-test-kit-2] kafka.network.SocketServer               : [SocketServer listenerType=BROKER, nodeId=0] Stopping socket server request processors
2026-09-04T01:40:14.233+05:30  INFO 4014047 --- [backend] [r-event-handler] k.s.NodeToControllerChannelManagerImpl   : Node to controller channel manager for heartbeat shutdown
2026-09-04T01:40:14.234+05:30  INFO 4014047 --- [backend] [ster-test-kit-2] kafka.network.SocketServer               : [SocketServer listenerType=BROKER, nodeId=0] Stopped socket server request processors
2026-09-04T01:40:14.235+05:30  INFO 4014047 --- [backend] [ster-test-kit-2] kafka.server.KafkaRequestHandlerPool     : [data-plane Kafka Request Handler on Broker 0] shutting down
2026-09-04T01:40:14.236+05:30  INFO 4014047 --- [backend] [ster-test-kit-2] kafka.server.KafkaRequestHandlerPool     : [data-plane Kafka Request Handler on Broker 0] shut down completely
2026-09-04T01:40:14.237+05:30  INFO 4014047 --- [backend] [ster-test-kit-2] perationPurgatory$ExpiredOperationReaper : [ExpirationReaper-0-AlterAcls]: Shutting down
2026-09-04T01:40:14.237+05:30  INFO 4014047 --- [backend] [per-0-AlterAcls] perationPurgatory$ExpiredOperationReaper : [ExpirationReaper-0-AlterAcls]: Stopped
2026-09-04T01:40:14.237+05:30  INFO 4014047 --- [backend] [ster-test-kit-2] perationPurgatory$ExpiredOperationReaper : [ExpirationReaper-0-AlterAcls]: Shutdown completed
2026-09-04T01:40:14.238+05:30  INFO 4014047 --- [backend] [ster-test-kit-2] kafka.server.KafkaApis                   : [KafkaApi-0] Shutdown complete.
2026-09-04T01:40:14.240+05:30  INFO 4014047 --- [backend] [ster-test-kit-2] k.c.transaction.TransactionCoordinator   : [TransactionCoordinator id=0] Shutting down.
2026-09-04T01:40:14.240+05:30  INFO 4014047 --- [backend] [ster-test-kit-2] k.c.transaction.TransactionStateManager  : [Transaction State Manager 0]: Shutdown complete
2026-09-04T01:40:14.240+05:30  INFO 4014047 --- [backend] [ster-test-kit-2] k.c.t.TransactionMarkerChannelManager    : [TxnMarkerSenderThread-0]: Shutting down
2026-09-04T01:40:14.241+05:30  INFO 4014047 --- [backend] [ster-test-kit-2] k.c.t.TransactionMarkerChannelManager    : [TxnMarkerSenderThread-0]: Shutdown completed
2026-09-04T01:40:14.241+05:30  INFO 4014047 --- [backend] [rSenderThread-0] k.c.t.TransactionMarkerChannelManager    : [TxnMarkerSenderThread-0]: Stopped
2026-09-04T01:40:14.243+05:30  INFO 4014047 --- [backend] [ster-test-kit-2] k.c.transaction.TransactionCoordinator   : [TransactionCoordinator id=0] Shutdown complete.
2026-09-04T01:40:14.243+05:30  INFO 4014047 --- [backend] [ster-test-kit-2] o.a.k.c.group.GroupCoordinatorService    : [GroupCoordinator id=0] Shutting down.
2026-09-04T01:40:14.243+05:30  INFO 4014047 --- [backend] [ster-test-kit-2] o.a.k.c.c.runtime.CoordinatorRuntime     : [GroupCoordinator id=0] Closing coordinator runtime.
2026-09-04T01:40:14.244+05:30  INFO 4014047 --- [backend] [ster-test-kit-2] o.a.k.s.u.t.SystemTimerReaper$Reaper     : [group-coordinator-reaper]: Shutting down
2026-09-04T01:40:14.244+05:30  INFO 4014047 --- [backend] [ster-test-kit-2] o.a.k.s.u.t.SystemTimerReaper$Reaper     : [group-coordinator-reaper]: Shutdown completed
2026-09-04T01:40:14.244+05:30  INFO 4014047 --- [backend] [rdinator-reaper] o.a.k.s.u.t.SystemTimerReaper$Reaper     : [group-coordinator-reaper]: Stopped
2026-09-04T01:40:14.244+05:30  INFO 4014047 --- [backend] [ster-test-kit-2] o.a.k.c.c.r.MultiThreadedEventProcessor  : [GroupCoordinator id=0] Shutting down event processor.
2026-09-04T01:40:14.244+05:30  INFO 4014047 --- [backend] [ent-processor-3] eadedEventProcessor$EventProcessorThread : [group-coordinator-event-processor-3]: Shutting down. Draining the remaining events.
2026-09-04T01:40:14.244+05:30  INFO 4014047 --- [backend] [ent-processor-0] eadedEventProcessor$EventProcessorThread : [group-coordinator-event-processor-0]: Shutting down. Draining the remaining events.
2026-09-04T01:40:14.244+05:30  INFO 4014047 --- [backend] [ent-processor-2] eadedEventProcessor$EventProcessorThread : [group-coordinator-event-processor-2]: Shutting down. Draining the remaining events.
2026-09-04T01:40:14.244+05:30  INFO 4014047 --- [backend] [ent-processor-1] eadedEventProcessor$EventProcessorThread : [group-coordinator-event-processor-1]: Shutting down. Draining the remaining events.
2026-09-04T01:40:14.244+05:30  INFO 4014047 --- [backend] [ent-processor-3] eadedEventProcessor$EventProcessorThread : [group-coordinator-event-processor-3]: Shutdown completed
2026-09-04T01:40:14.244+05:30  INFO 4014047 --- [backend] [ent-processor-0] eadedEventProcessor$EventProcessorThread : [group-coordinator-event-processor-0]: Shutdown completed
2026-09-04T01:40:14.244+05:30  INFO 4014047 --- [backend] [ent-processor-1] eadedEventProcessor$EventProcessorThread : [group-coordinator-event-processor-1]: Shutdown completed
2026-09-04T01:40:14.244+05:30  INFO 4014047 --- [backend] [ent-processor-2] eadedEventProcessor$EventProcessorThread : [group-coordinator-event-processor-2]: Shutdown completed
2026-09-04T01:40:14.244+05:30  INFO 4014047 --- [backend] [ster-test-kit-2] o.a.k.c.c.r.MultiThreadedEventProcessor  : [GroupCoordinator id=0] Event processor closed.
2026-09-04T01:40:14.245+05:30  INFO 4014047 --- [backend] [ster-test-kit-2] o.a.k.c.c.runtime.CoordinatorRuntime     : [GroupCoordinator id=0] Coordinator runtime closed.
2026-09-04T01:40:14.246+05:30  INFO 4014047 --- [backend] [ster-test-kit-2] o.a.k.c.group.GroupCoordinatorService    : [GroupCoordinator id=0] Shutdown complete.
2026-09-04T01:40:14.246+05:30  INFO 4014047 --- [backend] [ster-test-kit-2] o.a.k.s.u.t.SystemTimerReaper$Reaper     : [network-partition-metadata-client-reaper]: Shutting down
2026-09-04T01:40:14.247+05:30  INFO 4014047 --- [backend] [a-client-reaper] o.a.k.s.u.t.SystemTimerReaper$Reaper     : [network-partition-metadata-client-reaper]: Stopped
2026-09-04T01:40:14.247+05:30  INFO 4014047 --- [backend] [ster-test-kit-2] o.a.k.s.u.t.SystemTimerReaper$Reaper     : [network-partition-metadata-client-reaper]: Shutdown completed
2026-09-04T01:40:14.247+05:30  INFO 4014047 --- [backend] [ster-test-kit-2] o.a.k.c.share.ShareCoordinatorService    : [ShareCoordinator id=0] Shutting down.
2026-09-04T01:40:14.247+05:30  INFO 4014047 --- [backend] [ster-test-kit-2] o.a.k.c.c.runtime.CoordinatorRuntime     : [ShareCoordinator id=0] Closing coordinator runtime.
2026-09-04T01:40:14.247+05:30  INFO 4014047 --- [backend] [ster-test-kit-2] o.a.k.s.u.t.SystemTimerReaper$Reaper     : [share-coordinator-reaper]: Shutting down
2026-09-04T01:40:14.248+05:30  INFO 4014047 --- [backend] [ster-test-kit-2] o.a.k.s.u.t.SystemTimerReaper$Reaper     : [share-coordinator-reaper]: Shutdown completed
2026-09-04T01:40:14.248+05:30  INFO 4014047 --- [backend] [rdinator-reaper] o.a.k.s.u.t.SystemTimerReaper$Reaper     : [share-coordinator-reaper]: Stopped
2026-09-04T01:40:14.248+05:30  INFO 4014047 --- [backend] [ster-test-kit-2] o.a.k.c.c.r.MultiThreadedEventProcessor  : [ShareCoordinator id=0] Shutting down event processor.
2026-09-04T01:40:14.248+05:30  INFO 4014047 --- [backend] [ent-processor-0] eadedEventProcessor$EventProcessorThread : [share-coordinator-event-processor-0]: Shutting down. Draining the remaining events.
2026-09-04T01:40:14.248+05:30  INFO 4014047 --- [backend] [ent-processor-0] eadedEventProcessor$EventProcessorThread : [share-coordinator-event-processor-0]: Shutdown completed
2026-09-04T01:40:14.248+05:30  INFO 4014047 --- [backend] [ster-test-kit-2] o.a.k.c.c.r.MultiThreadedEventProcessor  : [ShareCoordinator id=0] Event processor closed.
2026-09-04T01:40:14.248+05:30  INFO 4014047 --- [backend] [ster-test-kit-2] o.a.k.c.c.runtime.CoordinatorRuntime     : [ShareCoordinator id=0] Coordinator runtime closed.
2026-09-04T01:40:14.249+05:30  INFO 4014047 --- [backend] [ster-test-kit-2] o.a.k.c.share.ShareCoordinatorService    : [ShareCoordinator id=0] Shutdown complete.
2026-09-04T01:40:14.249+05:30  INFO 4014047 --- [backend] [ster-test-kit-2] org.apache.kafka.queue.KafkaEventQueue   : [AssignmentsManager id=0]KafkaEventQueue#close: shutting down event queue.
2026-09-04T01:40:14.249+05:30  INFO 4014047 --- [backend] [r-event-handler] o.a.kafka.server.AssignmentsManager      : [AssignmentsManager id=0] shutting down.
2026-09-04T01:40:14.250+05:30  INFO 4014047 --- [backend] [r-event-handler] k.server.NodeToControllerRequestThread   : [broker-0-to-controller-directory-assignments-channel-manager]: Shutting down
2026-09-04T01:40:14.250+05:30  INFO 4014047 --- [backend] [channel-manager] k.server.NodeToControllerRequestThread   : [broker-0-to-controller-directory-assignments-channel-manager]: Stopped
2026-09-04T01:40:14.250+05:30  INFO 4014047 --- [backend] [r-event-handler] k.server.NodeToControllerRequestThread   : [broker-0-to-controller-directory-assignments-channel-manager]: Shutdown completed
2026-09-04T01:40:14.250+05:30  INFO 4014047 --- [backend] [r-event-handler] k.s.NodeToControllerChannelManagerImpl   : Node to controller channel manager for directory-assignments shutdown
2026-09-04T01:40:14.250+05:30  INFO 4014047 --- [backend] [ster-test-kit-2] org.apache.kafka.queue.KafkaEventQueue   : [AssignmentsManager id=0]closed event queue.
2026-09-04T01:40:14.250+05:30  INFO 4014047 --- [backend] [ster-test-kit-2] kafka.server.ReplicaManager              : [ReplicaManager broker=0] Shutting down
2026-09-04T01:40:14.250+05:30  INFO 4014047 --- [backend] [ster-test-kit-2] k.s.ReplicaManager$LogDirFailureHandler  : [LogDirFailureHandler]: Shutting down
2026-09-04T01:40:14.251+05:30  INFO 4014047 --- [backend] [ster-test-kit-2] k.s.ReplicaManager$LogDirFailureHandler  : [LogDirFailureHandler]: Shutdown completed
2026-09-04T01:40:14.251+05:30  INFO 4014047 --- [backend] [rFailureHandler] k.s.ReplicaManager$LogDirFailureHandler  : [LogDirFailureHandler]: Stopped
2026-09-04T01:40:14.251+05:30  INFO 4014047 --- [backend] [ster-test-kit-2] kafka.server.ReplicaFetcherManager       : [ReplicaFetcherManager on broker 0] shutting down
2026-09-04T01:40:14.251+05:30  INFO 4014047 --- [backend] [ster-test-kit-2] kafka.server.ReplicaFetcherManager       : [ReplicaFetcherManager on broker 0] shutdown completed
2026-09-04T01:40:14.251+05:30  INFO 4014047 --- [backend] [ster-test-kit-2] k.server.ReplicaAlterLogDirsManager      : [ReplicaAlterLogDirsManager on broker 0] shutting down
2026-09-04T01:40:14.251+05:30  INFO 4014047 --- [backend] [ster-test-kit-2] k.server.ReplicaAlterLogDirsManager      : [ReplicaAlterLogDirsManager on broker 0] shutdown completed
2026-09-04T01:40:14.251+05:30  INFO 4014047 --- [backend] [ster-test-kit-2] perationPurgatory$ExpiredOperationReaper : [ExpirationReaper-0-Fetch]: Shutting down
2026-09-04T01:40:14.251+05:30  INFO 4014047 --- [backend] [ster-test-kit-2] perationPurgatory$ExpiredOperationReaper : [ExpirationReaper-0-Fetch]: Shutdown completed
2026-09-04T01:40:14.251+05:30  INFO 4014047 --- [backend] [nReaper-0-Fetch] perationPurgatory$ExpiredOperationReaper : [ExpirationReaper-0-Fetch]: Stopped
2026-09-04T01:40:14.252+05:30  INFO 4014047 --- [backend] [ster-test-kit-2] perationPurgatory$ExpiredOperationReaper : [ExpirationReaper-0-RemoteFetch]: Shutting down
2026-09-04T01:40:14.252+05:30  INFO 4014047 --- [backend] [ster-test-kit-2] perationPurgatory$ExpiredOperationReaper : [ExpirationReaper-0-RemoteFetch]: Shutdown completed
2026-09-04T01:40:14.252+05:30  INFO 4014047 --- [backend] [r-0-RemoteFetch] perationPurgatory$ExpiredOperationReaper : [ExpirationReaper-0-RemoteFetch]: Stopped
2026-09-04T01:40:14.252+05:30  INFO 4014047 --- [backend] [ster-test-kit-2] perationPurgatory$ExpiredOperationReaper : [ExpirationReaper-0-RemoteListOffsets]: Shutting down
2026-09-04T01:40:14.252+05:30  INFO 4014047 --- [backend] [ster-test-kit-2] perationPurgatory$ExpiredOperationReaper : [ExpirationReaper-0-RemoteListOffsets]: Shutdown completed
2026-09-04T01:40:14.252+05:30  INFO 4014047 --- [backend] [moteListOffsets] perationPurgatory$ExpiredOperationReaper : [ExpirationReaper-0-RemoteListOffsets]: Stopped
2026-09-04T01:40:14.252+05:30  INFO 4014047 --- [backend] [ster-test-kit-2] perationPurgatory$ExpiredOperationReaper : [ExpirationReaper-0-Produce]: Shutting down
2026-09-04T01:40:14.253+05:30  INFO 4014047 --- [backend] [ster-test-kit-2] perationPurgatory$ExpiredOperationReaper : [ExpirationReaper-0-Produce]: Shutdown completed
2026-09-04T01:40:14.253+05:30  INFO 4014047 --- [backend] [eaper-0-Produce] perationPurgatory$ExpiredOperationReaper : [ExpirationReaper-0-Produce]: Stopped
2026-09-04T01:40:14.253+05:30  INFO 4014047 --- [backend] [ster-test-kit-2] perationPurgatory$ExpiredOperationReaper : [ExpirationReaper-0-DeleteRecords]: Shutting down
2026-09-04T01:40:14.253+05:30  INFO 4014047 --- [backend] [ster-test-kit-2] perationPurgatory$ExpiredOperationReaper : [ExpirationReaper-0-DeleteRecords]: Shutdown completed
2026-09-04T01:40:14.253+05:30  INFO 4014047 --- [backend] [0-DeleteRecords] perationPurgatory$ExpiredOperationReaper : [ExpirationReaper-0-DeleteRecords]: Stopped
2026-09-04T01:40:14.253+05:30  INFO 4014047 --- [backend] [ster-test-kit-2] perationPurgatory$ExpiredOperationReaper : [ExpirationReaper-0-ShareFetch]: Shutting down
2026-09-04T01:40:14.253+05:30  INFO 4014047 --- [backend] [er-0-ShareFetch] perationPurgatory$ExpiredOperationReaper : [ExpirationReaper-0-ShareFetch]: Stopped
2026-09-04T01:40:14.253+05:30  INFO 4014047 --- [backend] [ster-test-kit-2] perationPurgatory$ExpiredOperationReaper : [ExpirationReaper-0-ShareFetch]: Shutdown completed
2026-09-04T01:40:14.254+05:30 ERROR 4014047 --- [backend] [ster-test-kit-2] o.a.k.s.i.log.LogDirFailureChannel       : Error while writing to checkpoint file /tmp/kafka-11414891430925667701/combined_0_0/replication-offset-checkpoint

java.io.FileNotFoundException: /tmp/kafka-11414891430925667701/combined_0_0/replication-offset-checkpoint.tmp (No such file or directory)
	at java.base/java.io.FileOutputStream.open0(Native Method) ~[na:na]
	at java.base/java.io.FileOutputStream.open(FileOutputStream.java:289) ~[na:na]
	at java.base/java.io.FileOutputStream.<init>(FileOutputStream.java:230) ~[na:na]
	at java.base/java.io.FileOutputStream.<init>(FileOutputStream.java:179) ~[na:na]
	at org.apache.kafka.server.common.CheckpointFile.write(CheckpointFile.java:77) ~[kafka-server-common-4.2.1.jar:na]
	at org.apache.kafka.storage.internals.checkpoint.CheckpointFileWithFailureHandler.write(CheckpointFileWithFailureHandler.java:53) ~[kafka-storage-4.2.1.jar:na]
	at org.apache.kafka.storage.internals.checkpoint.OffsetCheckpointFile.write(OffsetCheckpointFile.java:61) ~[kafka-storage-4.2.1.jar:na]
	at kafka.server.ReplicaManager.$anonfun$checkpointHighWatermarks$7(ReplicaManager.scala:2143) ~[kafka_2.13-4.2.1.jar:na]
	at kafka.server.ReplicaManager.$anonfun$checkpointHighWatermarks$7$adapted(ReplicaManager.scala:2143) ~[kafka_2.13-4.2.1.jar:na]
	at scala.Option.foreach(Option.scala:437) ~[scala-library-2.13.17.jar:na]
	at kafka.server.ReplicaManager.$anonfun$checkpointHighWatermarks$6(ReplicaManager.scala:2143) ~[kafka_2.13-4.2.1.jar:na]
	at kafka.server.ReplicaManager.$anonfun$checkpointHighWatermarks$6$adapted(ReplicaManager.scala:2142) ~[kafka_2.13-4.2.1.jar:na]
	at scala.collection.IterableOnceOps.foreach(IterableOnce.scala:630) ~[scala-library-2.13.17.jar:na]
	at scala.collection.IterableOnceOps.foreach$(IterableOnce.scala:628) ~[scala-library-2.13.17.jar:na]
	at scala.collection.AbstractIterable.foreach(Iterable.scala:936) ~[scala-library-2.13.17.jar:na]
	at scala.collection.IterableOps$WithFilter.foreach(Iterable.scala:906) ~[scala-library-2.13.17.jar:na]
	at kafka.server.ReplicaManager.checkpointHighWatermarks(ReplicaManager.scala:2142) ~[kafka_2.13-4.2.1.jar:na]
	at kafka.server.ReplicaManager.shutdown(ReplicaManager.scala:2237) ~[kafka_2.13-4.2.1.jar:na]
	at kafka.server.BrokerServer.$anonfun$shutdown$18(BrokerServer.scala:840) ~[kafka_2.13-4.2.1.jar:na]
	at kafka.utils.CoreUtils$.swallow(CoreUtils.scala:63) ~[kafka_2.13-4.2.1.jar:na]
	at kafka.server.BrokerServer.shutdown(BrokerServer.scala:840) ~[kafka_2.13-4.2.1.jar:na]
	at kafka.server.KafkaBroker.shutdown(KafkaBroker.scala:101) ~[kafka_2.13-4.2.1.jar:na]
	at kafka.server.KafkaBroker.shutdown$(KafkaBroker.scala:101) ~[kafka_2.13-4.2.1.jar:na]
	at kafka.server.BrokerServer.shutdown(BrokerServer.scala:76) ~[kafka_2.13-4.2.1.jar:na]
	at java.base/java.util.concurrent.Executors$RunnableAdapter.call(Executors.java:572) ~[na:na]
	at java.base/java.util.concurrent.FutureTask.run(FutureTask.java:317) ~[na:na]
	at java.base/java.util.concurrent.ThreadPoolExecutor.runWorker(ThreadPoolExecutor.java:1144) ~[na:na]
	at java.base/java.util.concurrent.ThreadPoolExecutor$Worker.run(ThreadPoolExecutor.java:642) ~[na:na]
	at java.base/java.lang.Thread.run(Thread.java:1583) ~[na:na]

2026-09-04T01:40:14.257+05:30 ERROR 4014047 --- [backend] [ster-test-kit-2] kafka.server.ReplicaManager              : [ReplicaManager broker=0] Error while writing to highwatermark file in directory /tmp/kafka-11414891430925667701/combined_0_0

org.apache.kafka.common.errors.KafkaStorageException: Error while writing to checkpoint file /tmp/kafka-11414891430925667701/combined_0_0/replication-offset-checkpoint
Caused by: java.io.FileNotFoundException: /tmp/kafka-11414891430925667701/combined_0_0/replication-offset-checkpoint.tmp (No such file or directory)
	at java.base/java.io.FileOutputStream.open0(Native Method) ~[na:na]
	at java.base/java.io.FileOutputStream.open(FileOutputStream.java:289) ~[na:na]
	at java.base/java.io.FileOutputStream.<init>(FileOutputStream.java:230) ~[na:na]
	at java.base/java.io.FileOutputStream.<init>(FileOutputStream.java:179) ~[na:na]
	at org.apache.kafka.server.common.CheckpointFile.write(CheckpointFile.java:77) ~[kafka-server-common-4.2.1.jar:na]
	at org.apache.kafka.storage.internals.checkpoint.CheckpointFileWithFailureHandler.write(CheckpointFileWithFailureHandler.java:53) ~[kafka-storage-4.2.1.jar:na]
	at org.apache.kafka.storage.internals.checkpoint.OffsetCheckpointFile.write(OffsetCheckpointFile.java:61) ~[kafka-storage-4.2.1.jar:na]
	at kafka.server.ReplicaManager.$anonfun$checkpointHighWatermarks$7(ReplicaManager.scala:2143) ~[kafka_2.13-4.2.1.jar:na]
	at kafka.server.ReplicaManager.$anonfun$checkpointHighWatermarks$7$adapted(ReplicaManager.scala:2143) ~[kafka_2.13-4.2.1.jar:na]
	at scala.Option.foreach(Option.scala:437) ~[scala-library-2.13.17.jar:na]
	at kafka.server.ReplicaManager.$anonfun$checkpointHighWatermarks$6(ReplicaManager.scala:2143) ~[kafka_2.13-4.2.1.jar:na]
	at kafka.server.ReplicaManager.$anonfun$checkpointHighWatermarks$6$adapted(ReplicaManager.scala:2142) ~[kafka_2.13-4.2.1.jar:na]
	at scala.collection.IterableOnceOps.foreach(IterableOnce.scala:630) ~[scala-library-2.13.17.jar:na]
	at scala.collection.IterableOnceOps.foreach$(IterableOnce.scala:628) ~[scala-library-2.13.17.jar:na]
	at scala.collection.AbstractIterable.foreach(Iterable.scala:936) ~[scala-library-2.13.17.jar:na]
	at scala.collection.IterableOps$WithFilter.foreach(Iterable.scala:906) ~[scala-library-2.13.17.jar:na]
	at kafka.server.ReplicaManager.checkpointHighWatermarks(ReplicaManager.scala:2142) ~[kafka_2.13-4.2.1.jar:na]
	at kafka.server.ReplicaManager.shutdown(ReplicaManager.scala:2237) ~[kafka_2.13-4.2.1.jar:na]
	at kafka.server.BrokerServer.$anonfun$shutdown$18(BrokerServer.scala:840) ~[kafka_2.13-4.2.1.jar:na]
	at kafka.utils.CoreUtils$.swallow(CoreUtils.scala:63) ~[kafka_2.13-4.2.1.jar:na]
	at kafka.server.BrokerServer.shutdown(BrokerServer.scala:840) ~[kafka_2.13-4.2.1.jar:na]
	at kafka.server.KafkaBroker.shutdown(KafkaBroker.scala:101) ~[kafka_2.13-4.2.1.jar:na]
	at kafka.server.KafkaBroker.shutdown$(KafkaBroker.scala:101) ~[kafka_2.13-4.2.1.jar:na]
	at kafka.server.BrokerServer.shutdown(BrokerServer.scala:76) ~[kafka_2.13-4.2.1.jar:na]
	at java.base/java.util.concurrent.Executors$RunnableAdapter.call(Executors.java:572) ~[na:na]
	at java.base/java.util.concurrent.FutureTask.run(FutureTask.java:317) ~[na:na]
	at java.base/java.util.concurrent.ThreadPoolExecutor.runWorker(ThreadPoolExecutor.java:1144) ~[na:na]
	at java.base/java.util.concurrent.ThreadPoolExecutor$Worker.run(ThreadPoolExecutor.java:642) ~[na:na]
	at java.base/java.lang.Thread.run(Thread.java:1583) ~[na:na]

2026-09-04T01:40:14.258+05:30  INFO 4014047 --- [backend] [ster-test-kit-2] o.a.k.s.t.AddPartitionsToTxnManager      : [AddPartitionsToTxnSenderThread-0]: Shutting down
2026-09-04T01:40:14.259+05:30  INFO 4014047 --- [backend] [ster-test-kit-2] o.a.k.s.t.AddPartitionsToTxnManager      : [AddPartitionsToTxnSenderThread-0]: Shutdown completed
2026-09-04T01:40:14.259+05:30  INFO 4014047 --- [backend] [nSenderThread-0] o.a.k.s.t.AddPartitionsToTxnManager      : [AddPartitionsToTxnSenderThread-0]: Stopped
2026-09-04T01:40:14.259+05:30  INFO 4014047 --- [backend] [ster-test-kit-2] kafka.server.ReplicaManager              : [ReplicaManager broker=0] Shut down completely
2026-09-04T01:40:14.259+05:30  INFO 4014047 --- [backend] [ster-test-kit-2] k.server.NodeToControllerRequestThread   : [broker-0-to-controller-alter-partition-channel-manager]: Shutting down
2026-09-04T01:40:14.259+05:30  INFO 4014047 --- [backend] [ster-test-kit-2] k.server.NodeToControllerRequestThread   : [broker-0-to-controller-alter-partition-channel-manager]: Shutdown completed
2026-09-04T01:40:14.259+05:30  INFO 4014047 --- [backend] [channel-manager] k.server.NodeToControllerRequestThread   : [broker-0-to-controller-alter-partition-channel-manager]: Stopped
2026-09-04T01:40:14.259+05:30  INFO 4014047 --- [backend] [ster-test-kit-2] k.s.NodeToControllerChannelManagerImpl   : Node to controller channel manager for alter-partition shutdown
2026-09-04T01:40:14.260+05:30  INFO 4014047 --- [backend] [ster-test-kit-2] k.server.NodeToControllerRequestThread   : [broker-0-to-controller-forwarding-channel-manager]: Shutting down
2026-09-04T01:40:14.260+05:30  INFO 4014047 --- [backend] [ster-test-kit-2] k.server.NodeToControllerRequestThread   : [broker-0-to-controller-forwarding-channel-manager]: Shutdown completed
2026-09-04T01:40:14.260+05:30  INFO 4014047 --- [backend] [channel-manager] k.server.NodeToControllerRequestThread   : [broker-0-to-controller-forwarding-channel-manager]: Stopped
2026-09-04T01:40:14.260+05:30  INFO 4014047 --- [backend] [ster-test-kit-2] k.s.NodeToControllerChannelManagerImpl   : Node to controller channel manager for forwarding shutdown
2026-09-04T01:40:14.261+05:30  INFO 4014047 --- [backend] [ster-test-kit-2] kafka.log.LogManager                     : Shutting down.
2026-09-04T01:40:14.261+05:30  INFO 4014047 --- [backend] [ster-test-kit-2] o.a.k.storage.internals.log.LogCleaner   : Shutting down the log cleaner.
2026-09-04T01:40:14.262+05:30  INFO 4014047 --- [backend] [ster-test-kit-2] o.a.k.s.i.log.LogCleaner$CleanerThread   : [kafka-log-cleaner-thread-0]: Shutting down
2026-09-04T01:40:14.262+05:30  INFO 4014047 --- [backend] [ster-test-kit-2] o.a.k.s.i.log.LogCleaner$CleanerThread   : [kafka-log-cleaner-thread-0]: Shutdown completed
2026-09-04T01:40:14.262+05:30  INFO 4014047 --- [backend] [leaner-thread-0] o.a.k.s.i.log.LogCleaner$CleanerThread   : [kafka-log-cleaner-thread-0]: Stopped
2026-09-04T01:40:14.266+05:30  WARN 4014047 --- [backend] [ster-test-kit-2] kafka.log.LogManager                     : There was an error in one of the threads during LogManager shutdown: org.apache.kafka.common.errors.KafkaStorageException: The log dir /tmp/kafka-11414891430925667701/combined_0_0 is already offline due to a previous IO exception.
2026-09-04T01:40:14.266+05:30  WARN 4014047 --- [backend] [ster-test-kit-2] kafka.log.LogManager                     : There was an error in one of the threads during LogManager shutdown: org.apache.kafka.common.errors.KafkaStorageException: The log dir /tmp/kafka-11414891430925667701/combined_0_0 is already offline due to a previous IO exception.
2026-09-04T01:40:14.266+05:30  WARN 4014047 --- [backend] [ster-test-kit-2] kafka.log.LogManager                     : There was an error in one of the threads during LogManager shutdown: org.apache.kafka.common.errors.KafkaStorageException: The log dir /tmp/kafka-11414891430925667701/combined_0_0 is already offline due to a previous IO exception.
2026-09-04T01:40:14.266+05:30  WARN 4014047 --- [backend] [ster-test-kit-2] kafka.log.LogManager                     : There was an error in one of the threads during LogManager shutdown: org.apache.kafka.common.errors.KafkaStorageException: The log dir /tmp/kafka-11414891430925667701/combined_0_0 is already offline due to a previous IO exception.
2026-09-04T01:40:14.266+05:30  WARN 4014047 --- [backend] [ster-test-kit-2] kafka.log.LogManager                     : There was an error in one of the threads during LogManager shutdown: org.apache.kafka.common.errors.KafkaStorageException: The log dir /tmp/kafka-11414891430925667701/combined_0_0 is already offline due to a previous IO exception.
2026-09-04T01:40:14.266+05:30  WARN 4014047 --- [backend] [ster-test-kit-2] kafka.log.LogManager                     : There was an error in one of the threads during LogManager shutdown: org.apache.kafka.common.errors.KafkaStorageException: The log dir /tmp/kafka-11414891430925667701/combined_0_0 is already offline due to a previous IO exception.
2026-09-04T01:40:14.266+05:30  WARN 4014047 --- [backend] [ster-test-kit-2] kafka.log.LogManager                     : There was an error in one of the threads during LogManager shutdown: org.apache.kafka.common.errors.KafkaStorageException: The log dir /tmp/kafka-11414891430925667701/combined_0_0 is already offline due to a previous IO exception.
2026-09-04T01:40:14.266+05:30  WARN 4014047 --- [backend] [ster-test-kit-2] kafka.log.LogManager                     : There was an error in one of the threads during LogManager shutdown: org.apache.kafka.common.errors.KafkaStorageException: The log dir /tmp/kafka-11414891430925667701/combined_0_0 is already offline due to a previous IO exception.
2026-09-04T01:40:14.266+05:30  WARN 4014047 --- [backend] [ster-test-kit-2] kafka.log.LogManager                     : There was an error in one of the threads during LogManager shutdown: org.apache.kafka.common.errors.KafkaStorageException: The log dir /tmp/kafka-11414891430925667701/combined_0_0 is already offline due to a previous IO exception.
2026-09-04T01:40:14.266+05:30  WARN 4014047 --- [backend] [ster-test-kit-2] kafka.log.LogManager                     : There was an error in one of the threads during LogManager shutdown: org.apache.kafka.common.errors.KafkaStorageException: The log dir /tmp/kafka-11414891430925667701/combined_0_0 is already offline due to a previous IO exception.
2026-09-04T01:40:14.266+05:30  WARN 4014047 --- [backend] [ster-test-kit-2] kafka.log.LogManager                     : There was an error in one of the threads during LogManager shutdown: org.apache.kafka.common.errors.KafkaStorageException: The log dir /tmp/kafka-11414891430925667701/combined_0_0 is already offline due to a previous IO exception.
2026-09-04T01:40:14.266+05:30  WARN 4014047 --- [backend] [ster-test-kit-2] kafka.log.LogManager                     : There was an error in one of the threads during LogManager shutdown: org.apache.kafka.common.errors.KafkaStorageException: The log dir /tmp/kafka-11414891430925667701/combined_0_0 is already offline due to a previous IO exception.
2026-09-04T01:40:14.266+05:30  WARN 4014047 --- [backend] [ster-test-kit-2] kafka.log.LogManager                     : There was an error in one of the threads during LogManager shutdown: org.apache.kafka.common.errors.KafkaStorageException: The log dir /tmp/kafka-11414891430925667701/combined_0_0 is already offline due to a previous IO exception.
2026-09-04T01:40:14.267+05:30  WARN 4014047 --- [backend] [ster-test-kit-2] kafka.log.LogManager                     : There was an error in one of the threads during LogManager shutdown: org.apache.kafka.common.errors.KafkaStorageException: The log dir /tmp/kafka-11414891430925667701/combined_0_0 is already offline due to a previous IO exception.
2026-09-04T01:40:14.267+05:30  WARN 4014047 --- [backend] [ster-test-kit-2] kafka.log.LogManager                     : There was an error in one of the threads during LogManager shutdown: org.apache.kafka.common.errors.KafkaStorageException: The log dir /tmp/kafka-11414891430925667701/combined_0_0 is already offline due to a previous IO exception.
2026-09-04T01:40:14.267+05:30  WARN 4014047 --- [backend] [ster-test-kit-2] kafka.log.LogManager                     : There was an error in one of the threads during LogManager shutdown: org.apache.kafka.common.errors.KafkaStorageException: The log dir /tmp/kafka-11414891430925667701/combined_0_0 is already offline due to a previous IO exception.
2026-09-04T01:40:14.267+05:30  WARN 4014047 --- [backend] [ster-test-kit-2] kafka.log.LogManager                     : There was an error in one of the threads during LogManager shutdown: org.apache.kafka.common.errors.KafkaStorageException: The log dir /tmp/kafka-11414891430925667701/combined_0_0 is already offline due to a previous IO exception.
2026-09-04T01:40:14.267+05:30  WARN 4014047 --- [backend] [ster-test-kit-2] kafka.log.LogManager                     : There was an error in one of the threads during LogManager shutdown: org.apache.kafka.common.errors.KafkaStorageException: The log dir /tmp/kafka-11414891430925667701/combined_0_0 is already offline due to a previous IO exception.
2026-09-04T01:40:14.267+05:30  WARN 4014047 --- [backend] [ster-test-kit-2] kafka.log.LogManager                     : There was an error in one of the threads during LogManager shutdown: org.apache.kafka.common.errors.KafkaStorageException: The log dir /tmp/kafka-11414891430925667701/combined_0_0 is already offline due to a previous IO exception.
2026-09-04T01:40:14.267+05:30  WARN 4014047 --- [backend] [ster-test-kit-2] kafka.log.LogManager                     : There was an error in one of the threads during LogManager shutdown: org.apache.kafka.common.errors.KafkaStorageException: The log dir /tmp/kafka-11414891430925667701/combined_0_0 is already offline due to a previous IO exception.
2026-09-04T01:40:14.267+05:30  WARN 4014047 --- [backend] [ster-test-kit-2] kafka.log.LogManager                     : There was an error in one of the threads during LogManager shutdown: org.apache.kafka.common.errors.KafkaStorageException: The log dir /tmp/kafka-11414891430925667701/combined_0_0 is already offline due to a previous IO exception.
2026-09-04T01:40:14.267+05:30  WARN 4014047 --- [backend] [ster-test-kit-2] kafka.log.LogManager                     : There was an error in one of the threads during LogManager shutdown: org.apache.kafka.common.errors.KafkaStorageException: The log dir /tmp/kafka-11414891430925667701/combined_0_0 is already offline due to a previous IO exception.
2026-09-04T01:40:14.267+05:30  WARN 4014047 --- [backend] [ster-test-kit-2] kafka.log.LogManager                     : There was an error in one of the threads during LogManager shutdown: org.apache.kafka.common.errors.KafkaStorageException: The log dir /tmp/kafka-11414891430925667701/combined_0_0 is already offline due to a previous IO exception.
2026-09-04T01:40:14.267+05:30  WARN 4014047 --- [backend] [ster-test-kit-2] kafka.log.LogManager                     : There was an error in one of the threads during LogManager shutdown: org.apache.kafka.common.errors.KafkaStorageException: The log dir /tmp/kafka-11414891430925667701/combined_0_0 is already offline due to a previous IO exception.
2026-09-04T01:40:14.267+05:30  WARN 4014047 --- [backend] [ster-test-kit-2] kafka.log.LogManager                     : There was an error in one of the threads during LogManager shutdown: org.apache.kafka.common.errors.KafkaStorageException: The log dir /tmp/kafka-11414891430925667701/combined_0_0 is already offline due to a previous IO exception.
2026-09-04T01:40:14.267+05:30  WARN 4014047 --- [backend] [ster-test-kit-2] kafka.log.LogManager                     : There was an error in one of the threads during LogManager shutdown: org.apache.kafka.common.errors.KafkaStorageException: The log dir /tmp/kafka-11414891430925667701/combined_0_0 is already offline due to a previous IO exception.
2026-09-04T01:40:14.267+05:30  WARN 4014047 --- [backend] [ster-test-kit-2] kafka.log.LogManager                     : There was an error in one of the threads during LogManager shutdown: org.apache.kafka.common.errors.KafkaStorageException: The log dir /tmp/kafka-11414891430925667701/combined_0_0 is already offline due to a previous IO exception.
2026-09-04T01:40:14.267+05:30  WARN 4014047 --- [backend] [ster-test-kit-2] kafka.log.LogManager                     : There was an error in one of the threads during LogManager shutdown: org.apache.kafka.common.errors.KafkaStorageException: The log dir /tmp/kafka-11414891430925667701/combined_0_0 is already offline due to a previous IO exception.
2026-09-04T01:40:14.267+05:30  WARN 4014047 --- [backend] [ster-test-kit-2] kafka.log.LogManager                     : There was an error in one of the threads during LogManager shutdown: org.apache.kafka.common.errors.KafkaStorageException: The log dir /tmp/kafka-11414891430925667701/combined_0_0 is already offline due to a previous IO exception.
2026-09-04T01:40:14.267+05:30  WARN 4014047 --- [backend] [ster-test-kit-2] kafka.log.LogManager                     : There was an error in one of the threads during LogManager shutdown: org.apache.kafka.common.errors.KafkaStorageException: The log dir /tmp/kafka-11414891430925667701/combined_0_0 is already offline due to a previous IO exception.
2026-09-04T01:40:14.267+05:30  WARN 4014047 --- [backend] [ster-test-kit-2] kafka.log.LogManager                     : There was an error in one of the threads during LogManager shutdown: org.apache.kafka.common.errors.KafkaStorageException: The log dir /tmp/kafka-11414891430925667701/combined_0_0 is already offline due to a previous IO exception.
2026-09-04T01:40:14.267+05:30  WARN 4014047 --- [backend] [ster-test-kit-2] kafka.log.LogManager                     : There was an error in one of the threads during LogManager shutdown: org.apache.kafka.common.errors.KafkaStorageException: The log dir /tmp/kafka-11414891430925667701/combined_0_0 is already offline due to a previous IO exception.
2026-09-04T01:40:14.267+05:30  WARN 4014047 --- [backend] [ster-test-kit-2] kafka.log.LogManager                     : There was an error in one of the threads during LogManager shutdown: org.apache.kafka.common.errors.KafkaStorageException: The log dir /tmp/kafka-11414891430925667701/combined_0_0 is already offline due to a previous IO exception.
2026-09-04T01:40:14.267+05:30  WARN 4014047 --- [backend] [ster-test-kit-2] kafka.log.LogManager                     : There was an error in one of the threads during LogManager shutdown: org.apache.kafka.common.errors.KafkaStorageException: The log dir /tmp/kafka-11414891430925667701/combined_0_0 is already offline due to a previous IO exception.
[INFO] 
[INFO] Results:
[INFO] 
[ERROR] Errors: 
[ERROR]   TicketIntegrationTest.testEndToEndDeadLetterQueueRecovery:110 » ConditionTimeout Assertion condition defined as a Lambda expression in com.intellisupport.backend.TicketIntegrationTest expected: <true> but was: <false> within 30 seconds.
[ERROR]   TicketIntegrationTest.testEndToEndTicketCreationAndResolution:81 » ConditionTimeout Assertion condition defined as a Lambda expression in com.intellisupport.backend.TicketIntegrationTest expected: <true> but was: <false> within 10 seconds.
[INFO] 
[ERROR] Tests run: 2, Failures: 0, Errors: 2, Skipped: 0
[INFO] 
[INFO] ------------------------------------------------------------------------
[INFO] BUILD FAILURE
[INFO] ------------------------------------------------------------------------
[INFO] Total time:  57.733 s
[INFO] Finished at: 2026-09-04T01:40:14+05:30
[INFO] ------------------------------------------------------------------------
[ERROR] Failed to execute goal org.apache.maven.plugins:maven-surefire-plugin:3.5.6:test (default-test) on project backend: 
[ERROR] 
[ERROR] See /home/sujit/devlopment/Something New/intelli-support-ai/backend/target/surefire-reports for the individual test results.
[ERROR] See dump files (if any exist) [date].dump, [date]-jvmRun[N].dump and [date].dumpstream.
[ERROR] -> [Help 1]
[ERROR] 
[ERROR] To see the full stack trace of the errors, re-run Maven with the -e switch.
[ERROR] Re-run Maven using the -X switch to enable full debug logging.
[ERROR] 
[ERROR] For more information about the errors and possible solutions, please read the following articles:
[ERROR] [Help 1] http://cwiki.apache.org/confluence/display/MAVEN/MojoFailureException
